Archive member included to satisfy reference by file (symbol)

/usr/lib/gcc/arm-none-eabi/10.3.1/../../../arm-none-eabi/lib/thumb/v8-m.main+fp/hard/libc_nano.a(lib_a-atexit.o)
                              /usr/lib/gcc/arm-none-eabi/10.3.1/../../../arm-none-eabi/lib/thumb/v8-m.main+fp/hard/crt0.o (atexit)
/usr/lib/gcc/arm-none-eabi/10.3.1/../../../arm-none-eabi/lib/thumb/v8-m.main+fp/hard/libc_nano.a(lib_a-exit.o)
                              /usr/lib/gcc/arm-none-eabi/10.3.1/../../../arm-none-eabi/lib/thumb/v8-m.main+fp/hard/crt0.o (exit)
/usr/lib/gcc/arm-none-eabi/10.3.1/../../../arm-none-eabi/lib/thumb/v8-m.main+fp/hard/libc_nano.a(lib_a-fflush.o)
                              build/main.o (fflush)
/usr/lib/gcc/arm-none-eabi/10.3.1/../../../arm-none-eabi/lib/thumb/v8-m.main+fp/hard/libc_nano.a(lib_a-findfp.o)
                              /usr/lib/gcc/arm-none-eabi/10.3.1/../../../arm-none-eabi/lib/thumb/v8-m.main+fp/hard/libc_nano.a(lib_a-fflush.o) (__sinit)
/usr/lib/gcc/arm-none-eabi/10.3.1/../../../arm-none-eabi/lib/thumb/v8-m.main+fp/hard/libc_nano.a(lib_a-fini.o)
                              /usr/lib/gcc/arm-none-eabi/10.3.1/../../../arm-none-eabi/lib/thumb/v8-m.main+fp/hard/crt0.o (__libc_fini_array)
/usr/lib/gcc/arm-none-eabi/10.3.1/../../../arm-none-eabi/lib/thumb/v8-m.main+fp/hard/libc_nano.a(lib_a-fwalk.o)
                              /usr/lib/gcc/arm-none-eabi/10.3.1/../../../arm-none-eabi/lib/thumb/v8-m.main+fp/hard/libc_nano.a(lib_a-findfp.o) (_fwalk)
/usr/lib/gcc/arm-none-eabi/10.3.1/../../../arm-none-eabi/lib/thumb/v8-m.main+fp/hard/libc_nano.a(lib_a-impure.o)
                              /usr/lib/gcc/arm-none-eabi/10.3.1/../../../arm-none-eabi/lib/thumb/v8-m.main+fp/hard/libc_nano.a(lib_a-exit.o) (_global_impure_ptr)
/usr/lib/gcc/arm-none-eabi/10.3.1/../../../arm-none-eabi/lib/thumb/v8-m.main+fp/hard/libc_nano.a(lib_a-init.o)
                              /usr/lib/gcc/arm-none-eabi/10.3.1/../../../arm-none-eabi/lib/thumb/v8-m.main+fp/hard/crt0.o (__libc_init_array)
/usr/lib/gcc/arm-none-eabi/10.3.1/../../../arm-none-eabi/lib/thumb/v8-m.main+fp/hard/libc_nano.a(lib_a-memmove.o)
                              build/stm32u5xx_hal_dma_ex.o (memmove)
/usr/lib/gcc/arm-none-eabi/10.3.1/../../../arm-none-eabi/lib/thumb/v8-m.main+fp/hard/libc_nano.a(lib_a-memset.o)
                              /usr/lib/gcc/arm-none-eabi/10.3.1/../../../arm-none-eabi/lib/thumb/v8-m.main+fp/hard/crt0.o (memset)
/usr/lib/gcc/arm-none-eabi/10.3.1/../../../arm-none-eabi/lib/thumb/v8-m.main+fp/hard/libc_nano.a(lib_a-nano-freer.o)
                              /usr/lib/gcc/arm-none-eabi/10.3.1/../../../arm-none-eabi/lib/thumb/v8-m.main+fp/hard/libc_nano.a(lib_a-fflush.o) (_free_r)
/usr/lib/gcc/arm-none-eabi/10.3.1/../../../arm-none-eabi/lib/thumb/v8-m.main+fp/hard/libc_nano.a(lib_a-nano-mallocr.o)
                              /usr/lib/gcc/arm-none-eabi/10.3.1/../../../arm-none-eabi/lib/thumb/v8-m.main+fp/hard/libc_nano.a(lib_a-findfp.o) (_malloc_r)
/usr/lib/gcc/arm-none-eabi/10.3.1/../../../arm-none-eabi/lib/thumb/v8-m.main+fp/hard/libc_nano.a(lib_a-printf.o)
                              build/main.o (printf)
/usr/lib/gcc/arm-none-eabi/10.3.1/../../../arm-none-eabi/lib/thumb/v8-m.main+fp/hard/libc_nano.a(lib_a-puts.o)
                              build/main.o (puts)
/usr/lib/gcc/arm-none-eabi/10.3.1/../../../arm-none-eabi/lib/thumb/v8-m.main+fp/hard/libc_nano.a(lib_a-sbrkr.o)
                              /usr/lib/gcc/arm-none-eabi/10.3.1/../../../arm-none-eabi/lib/thumb/v8-m.main+fp/hard/libc_nano.a(lib_a-nano-mallocr.o) (_sbrk_r)
/usr/lib/gcc/arm-none-eabi/10.3.1/../../../arm-none-eabi/lib/thumb/v8-m.main+fp/hard/libc_nano.a(lib_a-snprintf.o)
                              build/ux_device_descriptors.o (snprintf)
/usr/lib/gcc/arm-none-eabi/10.3.1/../../../arm-none-eabi/lib/thumb/v8-m.main+fp/hard/libc_nano.a(lib_a-stdio.o)
                              /usr/lib/gcc/arm-none-eabi/10.3.1/../../../arm-none-eabi/lib/thumb/v8-m.main+fp/hard/libc_nano.a(lib_a-findfp.o) (__sread)
/usr/lib/gcc/arm-none-eabi/10.3.1/../../../arm-none-eabi/lib/thumb/v8-m.main+fp/hard/libc_nano.a(lib_a-strlen-stub.o)
                              build/cmd.o (strlen)
/usr/lib/gcc/arm-none-eabi/10.3.1/../../../arm-none-eabi/lib/thumb/v8-m.main+fp/hard/libc_nano.a(lib_a-wbuf.o)
                              /usr/lib/gcc/arm-none-eabi/10.3.1/../../../arm-none-eabi/lib/thumb/v8-m.main+fp/hard/libc_nano.a(lib_a-puts.o) (__swbuf_r)
/usr/lib/gcc/arm-none-eabi/10.3.1/../../../arm-none-eabi/lib/thumb/v8-m.main+fp/hard/libc_nano.a(lib_a-writer.o)
                              /usr/lib/gcc/arm-none-eabi/10.3.1/../../../arm-none-eabi/lib/thumb/v8-m.main+fp/hard/libc_nano.a(lib_a-stdio.o) (_write_r)
/usr/lib/gcc/arm-none-eabi/10.3.1/../../../arm-none-eabi/lib/thumb/v8-m.main+fp/hard/libc_nano.a(lib_a-wsetup.o)
[...]
Memory Configuration

Name             Origin             Length             Attributes
RAM              0x0000000020000000 0x0000000000040000 xrw
SRAM4            0x0000000028000000 0x0000000000004000 xrw
FLASH            0x0000000008000000 0x0000000000080000 xr
*default*        0x0000000000000000 0xffffffffffffffff

Linker script and memory map

LOAD /usr/lib/gcc/arm-none-eabi/10.3.1/thumb/v8-m.main+fp/hard/crti.o
LOAD /usr/lib/gcc/arm-none-eabi/10.3.1/thumb/v8-m.main+fp/hard/crtbegin.o
LOAD /usr/lib/gcc/arm-none-eabi/10.3.1/../../../arm-none-eabi/lib/thumb/v8-m.main+fp/hard/crt0.o
LOAD build/system_stm32u5xx.o
LOAD build/stm32u5xx_ll_adc.o
LOAD build/stm32u5xx_ll_dma.o
LOAD build/stm32u5xx_ll_exti.o
LOAD build/stm32u5xx_ll_gpio.o
LOAD build/stm32u5xx_ll_pwr.o
LOAD build/stm32u5xx_ll_rcc.o
LOAD build/stm32u5xx_ll_rtc.o
LOAD build/stm32u5xx_ll_spi.o
LOAD build/stm32u5xx_ll_tim.o
LOAD build/stm32u5xx_ll_lpuart.o
LOAD build/stm32u5xx_ll_usart.o
LOAD build/stm32u5xx_ll_usb.o
LOAD build/stm32u5xx_ll_utils.o
LOAD build/stm32u5xx_hal_cortex.o
LOAD build/stm32u5xx_hal_dma.o
LOAD build/stm32u5xx_hal_dma_ex.o
LOAD build/stm32u5xx_hal_pcd.o
LOAD build/stm32u5xx_hal_pcd_ex.o
LOAD build/stm32u5xx_hal_spi.o
LOAD build/stm32u5xx_hal_spi_ex.o
LOAD build/ux_dcd_stm32_callback.o
LOAD build/ux_dcd_stm32_endpoint_create.o
LOAD build/ux_dcd_stm32_endpoint_destroy.o
LOAD build/ux_dcd_stm32_endpoint_reset.o
LOAD build/ux_dcd_stm32_endpoint_stall.o
LOAD build/ux_dcd_stm32_endpoint_status.o
LOAD build/ux_dcd_stm32_frame_number_get.o
LOAD build/ux_dcd_stm32_function.o
LOAD build/ux_dcd_stm32_initialize.o
LOAD build/ux_dcd_stm32_initialize_complete.o
LOAD build/ux_dcd_stm32_interrupt_handler.o
LOAD build/ux_dcd_stm32_transfer_run.o
LOAD build/ux_dcd_stm32_uninitialize.o
LOAD build/ux_dcd_stm32_transfer_abort.o
LOAD build/ux_system_tasks_run.o
LOAD build/ux_utility_debug_callback_register.o
LOAD build/ux_utility_debug_log.o
LOAD build/ux_utility_delay_ms.o
LOAD build/ux_utility_descriptor_pack.o
LOAD build/ux_utility_descriptor_parse.o
LOAD build/ux_utility_error_callback_register.o
LOAD build/ux_utility_long_get.o
LOAD build/ux_utility_long_get_big_endian.o
LOAD build/ux_utility_long_put.o
LOAD build/ux_utility_long_put_big_endian.o
LOAD build/ux_utility_memory_allocate.o
LOAD build/ux_utility_memory_allocate_add_safe.o
LOAD build/ux_utility_memory_allocate_mulc_safe.o
LOAD build/ux_utility_memory_allocate_mulv_safe.o
LOAD build/ux_utility_memory_compare.o
LOAD build/ux_utility_memory_copy.o
LOAD build/ux_utility_memory_free.o
LOAD build/ux_utility_memory_byte_pool_create.o
LOAD build/ux_utility_memory_byte_pool_search.o
LOAD build/ux_utility_memory_set.o
LOAD build/ux_utility_physical_address.o
LOAD build/ux_utility_set_interrupt_handler.o
LOAD build/ux_utility_short_get.o
LOAD build/ux_utility_short_get_big_endian.o
LOAD build/ux_utility_short_put.o
LOAD build/ux_utility_short_put_big_endian.o
LOAD build/ux_utility_string_length_check.o
LOAD build/ux_utility_string_length_get.o
LOAD build/ux_utility_string_to_unicode.o
LOAD build/ux_utility_unicode_to_string.o
LOAD build/ux_utility_virtual_address.o
LOAD build/ux_system_error_handler.o
LOAD build/ux_system_initialize.o
LOAD build/ux_system_uninitialize.o
LOAD build/ux_device_stack_alternate_setting_get.o
LOAD build/ux_device_stack_alternate_setting_set.o
LOAD build/ux_device_stack_class_register.o
LOAD build/ux_device_stack_class_unregister.o
LOAD build/ux_device_stack_clear_feature.o
LOAD build/ux_device_stack_configuration_get.o
LOAD build/ux_device_stack_configuration_set.o
LOAD build/ux_device_stack_control_request_process.o
LOAD build/ux_device_stack_descriptor_send.o
LOAD build/ux_device_stack_disconnect.o
LOAD build/ux_device_stack_endpoint_stall.o
LOAD build/ux_device_stack_get_status.o
LOAD build/ux_device_stack_host_wakeup.o
LOAD build/ux_device_stack_initialize.o
LOAD build/ux_device_stack_interface_delete.o
LOAD build/ux_device_stack_interface_get.o
LOAD build/ux_device_stack_interface_set.o
LOAD build/ux_device_stack_interface_start.o
LOAD build/ux_device_stack_microsoft_extension_register.o
LOAD build/ux_device_stack_set_feature.o
LOAD build/ux_device_stack_transfer_abort.o
LOAD build/ux_device_stack_transfer_all_request_abort.o
LOAD build/ux_device_stack_transfer_request.o
LOAD build/ux_device_stack_uninitialize.o
LOAD build/ux_device_stack_tasks_run.o
LOAD build/ux_device_stack_transfer_run.o
LOAD build/ux_device_class_cdc_acm_activate.o
LOAD build/ux_device_class_cdc_acm_control_request.o
LOAD build/ux_device_class_cdc_acm_deactivate.o
LOAD build/ux_device_class_cdc_acm_entry.o
LOAD build/ux_device_class_cdc_acm_initialize.o
LOAD build/ux_device_class_cdc_acm_ioctl.o
LOAD build/ux_device_class_cdc_acm_unitialize.o
LOAD build/ux_device_class_cdc_acm_write_with_callback.o
LOAD build/ux_device_class_cdc_acm_read_run.o
LOAD build/ux_device_class_cdc_acm_tasks_run.o
LOAD build/ux_device_class_cdc_acm_write_run.o
LOAD build/main.o
LOAD build/cmd.o
LOAD build/tty.o
LOAD build/led.o
LOAD build/dma.o
LOAD build/gpio.o
LOAD build/irq.o
LOAD build/reset.o
LOAD build/time.o
LOAD build/uart.o
LOAD build/sys.o
LOAD build/wd.o
LOAD build/spi.o
LOAD build/util.o
LOAD build/ux_device_cdc_acm.o
LOAD build/ux_device_descriptors.o
LOAD build/usb_device.o
LOAD build/startup_stm32u535xx.o
LOAD /usr/lib/gcc/arm-none-eabi/10.3.1/../../../arm-none-eabi/lib/thumb/v8-m.main+fp/hard/libc_nano.a
LOAD /usr/lib/gcc/arm-none-eabi/10.3.1/../../../arm-none-eabi/lib/thumb/v8-m.main+fp/hard/libm.a
LOAD /usr/lib/gcc/arm-none-eabi/10.3.1/../../../arm-none-eabi/lib/thumb/v8-m.main+fp/hard/libnosys.a
START GROUP
LOAD /usr/lib/gcc/arm-none-eabi/10.3.1/thumb/v8-m.main+fp/hard/libgcc.a
LOAD /usr/lib/gcc/arm-none-eabi/10.3.1/../../../arm-none-eabi/lib/thumb/v8-m.main+fp/hard/libc_nano.a
END GROUP
START GROUP
LOAD /usr/lib/gcc/arm-none-eabi/10.3.1/thumb/v8-m.main+fp/hard/libgcc.a
LOAD /usr/lib/gcc/arm-none-eabi/10.3.1/../../../arm-none-eabi/lib/thumb/v8-m.main+fp/hard/libc_nano.a
END GROUP
LOAD /usr/lib/gcc/arm-none-eabi/10.3.1/thumb/v8-m.main+fp/hard/crtend.o
LOAD /usr/lib/gcc/arm-none-eabi/10.3.1/thumb/v8-m.main+fp/hard/crtn.o
                0x0000000020040000                _estack = (ORIGIN (RAM) + LENGTH (RAM))
                0x0000000000000200                _Min_Heap_Size = 0x200
                0x0000000000000400                _Min_Stack_Size = 0x400

.isr_vector     0x0000000008000000      0x238
 *(.isr_vector)
 .isr_vector    0x0000000008000000      0x238 build/startup_stm32u535xx.o
                0x0000000008000000                g_pfnVectors

.text           0x0000000008000238     0x8204
 *(.text)
 .text          0x0000000008000238       0x8c /usr/lib/gcc/arm-none-eabi/10.3.1/thumb/v8-m.main+fp/hard/crtbegin.o
 .text          0x00000000080002c4      0x200 /usr/lib/gcc/arm-none-eabi/10.3.1/../../../arm-none-eabi/lib/thumb/v8-m.main+fp/hard/libc_nano.a(lib_a-fflush.o)
                0x00000000080002c4                __sflush_r
                0x00000000080003f0                _fflush_r
                0x0000000008000444                fflush
 .text          0x00000000080004c4      0x240 /usr/lib/gcc/arm-none-eabi/10.3.1/../../../arm-none-eabi/lib/thumb/v8-m.main+fp/hard/libc_nano.a(lib_a-findfp.o)
                0x00000000080004c8                _cleanup_r
                0x00000000080004d8                __sfmoreglue
                0x0000000008000508                __sfp
                0x00000000080006b0                _cleanup
                0x00000000080006c4                __sinit
                0x00000000080006cc                __sfp_lock_acquire
                0x00000000080006d0                __sfp_lock_release
                0x00000000080006d4                __sinit_lock_acquire
                0x00000000080006d8                __sinit_lock_release
                0x00000000080006dc                __fp_lock_all
                0x00000000080006f0                __fp_unlock_all
 .text          0x0000000008000704       0x84 /usr/lib/gcc/arm-none-eabi/10.3.1/../../../arm-none-eabi/lib/thumb/v8-m.main+fp/hard/libc_nano.a(lib_a-fwalk.o)
                0x0000000008000704                _fwalk
                0x0000000008000744                _fwalk_reent
 .text          0x0000000008000788       0x48 /usr/lib/gcc/arm-none-eabi/10.3.1/../../../arm-none-eabi/lib/thumb/v8-m.main+fp/hard/libc_nano.a(lib_a-init.o)
                0x0000000008000788                __libc_init_array
 .text          0x00000000080007d0       0xf8 /usr/lib/gcc/arm-none-eabi/10.3.1/../../../arm-none-eabi/lib/thumb/v8-m.main+fp/hard/libc_nano.a(lib_a-memmove.o)
                0x00000000080007d0                memmove
 .text          0x00000000080008c8       0xa4 /usr/lib/gcc/arm-none-eabi/10.3.1/../../../arm-none-eabi/lib/thumb/v8-m.main+fp/hard/libc_nano.a(lib_a-memset.o)
                0x00000000080008c8                memset
 .text          0x000000000800096c       0xac /usr/lib/gcc/arm-none-eabi/10.3.1/../../../arm-none-eabi/lib/thumb/v8-m.main+fp/hard/libc_nano.a(lib_a-nano-freer.o)
                0x000000000800096c                _free_r
 .text          0x0000000008000a18       0xb4 /usr/lib/gcc/arm-none-eabi/10.3.1/../../../arm-none-eabi/lib/thumb/v8-m.main+fp/hard/libc_nano.a(lib_a-nano-mallocr.o)
                0x0000000008000a18                _malloc_r
 .text          0x0000000008000acc       0x60 /usr/lib/gcc/arm-none-eabi/10.3.1/../../../arm-none-eabi/lib/thumb/v8-m.main+fp/hard/libc_nano.a(lib_a-printf.o)
                0x0000000008000acc                _printf_r
                0x0000000008000acc                _iprintf_r
                0x0000000008000af8                printf
                0x0000000008000af8                iprintf
 .text          0x0000000008000b2c       0xf4 /usr/lib/gcc/arm-none-eabi/10.3.1/../../../arm-none-eabi/lib/thumb/v8-m.main+fp/hard/libc_nano.a(lib_a-puts.o)
                0x0000000008000b2c                _puts_r
                0x0000000008000c10                puts
 .text          0x0000000008000c20       0x24 /usr/lib/gcc/arm-none-eabi/10.3.1/../../../arm-none-eabi/lib/thumb/v8-m.main+fp/hard/libc_nano.a(lib_a-sbrkr.o)
                0x0000000008000c20                _sbrk_r
 .text          0x0000000008000c44      0x108 /usr/lib/gcc/arm-none-eabi/10.3.1/../../../arm-none-eabi/lib/thumb/v8-m.main+fp/hard/libc_nano.a(lib_a-snprintf.o)
                0x0000000008000c44                _sniprintf_r
                0x0000000008000c44                _snprintf_r
                0x0000000008000cc4                snprintf
                0x0000000008000cc4                sniprintf
 .text          0x0000000008000d4c       0x94 /usr/lib/gcc/arm-none-eabi/10.3.1/../../../arm-none-eabi/lib/thumb/v8-m.main+fp/hard/libc_nano.a(lib_a-stdio.o)
                0x0000000008000d4c                __sread
                0x0000000008000d70                __seofread
                0x0000000008000d74                __swrite
                0x0000000008000db4                __sseek
                0x0000000008000dd8                __sclose
 .text          0x0000000008000de0       0x5c /usr/lib/gcc/arm-none-eabi/10.3.1/../../../arm-none-eabi/lib/thumb/v8-m.main+fp/hard/libc_nano.a(lib_a-strlen-stub.o)
                0x0000000008000de0                strlen
 .text          0x0000000008000e3c       0xc0 /usr/lib/gcc/arm-none-eabi/10.3.1/../../../arm-none-eabi/lib/thumb/v8-m.main+fp/hard/libc_nano.a(lib_a-wbuf.o)
                0x0000000008000e3c                __swbuf_r
                0x0000000008000eec                __swbuf
 .text          0x0000000008000efc       0x2c /usr/lib/gcc/arm-none-eabi/10.3.1/../../../arm-none-eabi/lib/thumb/v8-m.main+fp/hard/libc_nano.a(lib_a-writer.o)
                0x0000000008000efc                _write_r
 .text          0x0000000008000f28      0x104 /usr/lib/gcc/arm-none-eabi/10.3.1/../../../arm-none-eabi/lib/thumb/v8-m.main+fp/hard/libc_nano.a(lib_a-wsetup.o)
                0x0000000008000f28                __swsetup_r
 .text          0x000000000800102c       0x24 /usr/lib/gcc/arm-none-eabi/10.3.1/../../../arm-none-eabi/lib/thumb/v8-m.main+fp/hard/libc_nano.a(lib_a-closer.o)
                0x000000000800102c                _close_r
 .text          0x0000000008001050       0x2c /usr/lib/gcc/arm-none-eabi/10.3.1/../../../arm-none-eabi/lib/thumb/v8-m.main+fp/hard/libc_nano.a(lib_a-lseekr.o)
                0x0000000008001050                _lseek_r
 .text          0x000000000800107c      0x120 /usr/lib/gcc/arm-none-eabi/10.3.1/../../../arm-none-eabi/lib/thumb/v8-m.main+fp/hard/libc_nano.a(lib_a-makebuf.o)
                0x000000000800107c                __smakebuf_r
                0x0000000008001140                __swhatbuf_r
 .text          0x000000000800119c        0x8 /usr/lib/gcc/arm-none-eabi/10.3.1/../../../arm-none-eabi/lib/thumb/v8-m.main+fp/hard/libc_nano.a(lib_a-mlock.o)
                0x000000000800119c                __malloc_lock
                0x00000000080011a0                __malloc_unlock
 .text          0x00000000080011a4      0x3f8 /usr/lib/gcc/arm-none-eabi/10.3.1/../../../arm-none-eabi/lib/thumb/v8-m.main+fp/hard/libc_nano.a(lib_a-nano-svfprintf.o)
                0x00000000080011a4                __ssputs_r
                0x0000000008001264                __ssprint_r
                0x0000000008001364                _svfprintf_r
                0x0000000008001364                _svfiprintf_r
 .text          0x000000000800159c      0x328 /usr/lib/gcc/arm-none-eabi/10.3.1/../../../arm-none-eabi/lib/thumb/v8-m.main+fp/hard/libc_nano.a(lib_a-nano-vfprintf.o)
                0x00000000080015d8                __sfputs_r
                0x0000000008001608                __sprint_r
                0x0000000008001624                _vfiprintf_r
                0x0000000008001624                _vfprintf_r
                0x00000000080018ac                vfiprintf
                0x00000000080018ac                vfprintf
 .text          0x00000000080018c4      0x3e8 /usr/lib/gcc/arm-none-eabi/10.3.1/../../../arm-none-eabi/lib/thumb/v8-m.main+fp/hard/libc_nano.a(lib_a-nano-vfprintf_i.o)
                0x00000000080018c4                _printf_common
                0x00000000080019ec                _printf_i
 .text          0x0000000008001cac       0x2c /usr/lib/gcc/arm-none-eabi/10.3.1/../../../arm-none-eabi/lib/thumb/v8-m.main+fp/hard/libc_nano.a(lib_a-readr.o)
                0x0000000008001cac                _read_r
 .text          0x0000000008001cd8       0x2c /usr/lib/gcc/arm-none-eabi/10.3.1/../../../arm-none-eabi/lib/thumb/v8-m.main+fp/hard/libc_nano.a(lib_a-fstatr.o)
                0x0000000008001cd8                _fstat_r
 .text          0x0000000008001d04      0x2f4 /usr/lib/gcc/arm-none-eabi/10.3.1/../../../arm-none-eabi/lib/thumb/v8-m.main+fp/hard/libc_nano.a(lib_a-fvwrite.o)
                0x0000000008001d04                __sfvwrite_r
 .text          0x0000000008001ff8       0x24 /usr/lib/gcc/arm-none-eabi/10.3.1/../../../arm-none-eabi/lib/thumb/v8-m.main+fp/hard/libc_nano.a(lib_a-isattyr.o)
                0x0000000008001ff8                _isatty_r
 .text          0x000000000800201c       0x80 /usr/lib/gcc/arm-none-eabi/10.3.1/../../../arm-none-eabi/lib/thumb/v8-m.main+fp/hard/libc_nano.a(lib_a-memchr-stub.o)
                0x000000000800201c                memchr
 .text          0x000000000800209c       0xec /usr/lib/gcc/arm-none-eabi/10.3.1/../../../arm-none-eabi/lib/thumb/v8-m.main+fp/hard/libc_nano.a(lib_a-memcpy.o)
                0x000000000800209c                memcpy
 .text          0x0000000008002188       0x50 /usr/lib/gcc/arm-none-eabi/10.3.1/../../../arm-none-eabi/lib/thumb/v8-m.main+fp/hard/libc_nano.a(lib_a-nano-reallocr.o)
                0x0000000008002188                _realloc_r
 .text          0x00000000080021d8       0x14 /usr/lib/gcc/arm-none-eabi/10.3.1/../../../arm-none-eabi/lib/thumb/v8-m.main+fp/hard/libc_nano.a(lib_a-nano-msizer.o)
                0x00000000080021d8                _malloc_usable_size_r
 .text          0x00000000080021ec       0x10 /usr/lib/gcc/arm-none-eabi/10.3.1/../../../arm-none-eabi/lib/thumb/v8-m.main+fp/hard/libnosys.a(close.o)
                0x00000000080021ec                _close
 .text          0x00000000080021fc       0x10 /usr/lib/gcc/arm-none-eabi/10.3.1/../../../arm-none-eabi/lib/thumb/v8-m.main+fp/hard/libnosys.a(fstat.o)
                0x00000000080021fc                _fstat
 .text          0x000000000800220c       0x10 /usr/lib/gcc/arm-none-eabi/10.3.1/../../../arm-none-eabi/lib/thumb/v8-m.main+fp/hard/libnosys.a(isatty.o)
                0x000000000800220c                _isatty
 .text          0x000000000800221c       0x10 /usr/lib/gcc/arm-none-eabi/10.3.1/../../../arm-none-eabi/lib/thumb/v8-m.main+fp/hard/libnosys.a(lseek.o)
                0x000000000800221c                _lseek
 .text          0x000000000800222c       0x20 /usr/lib/gcc/arm-none-eabi/10.3.1/../../../arm-none-eabi/lib/thumb/v8-m.main+fp/hard/libnosys.a(sbrk.o)
                0x000000000800222c                _sbrk
 *(.text*)
 .text.SystemInit
                0x000000000800224c       0x44 build/system_stm32u5xx.o
                0x000000000800224c                SystemInit
 .text.LL_GPIO_Init
                0x0000000008002290      0x138 build/stm32u5xx_ll_gpio.o
                0x0000000008002290                LL_GPIO_Init
 .text.USB_CoreInit
                0x00000000080023c8       0x2e build/stm32u5xx_ll_usb.o
                0x00000000080023c8                USB_CoreInit
 .text.USB_EnableGlobalInt
                0x00000000080023f6        0xe build/stm32u5xx_ll_usb.o
                0x00000000080023f6                USB_EnableGlobalInt
 .text.USB_DisableGlobalInt
                0x0000000008002404       0x10 build/stm32u5xx_ll_usb.o
                0x0000000008002404                USB_DisableGlobalInt
 .text.USB_SetCurrentMode
                0x0000000008002414       0x22 build/stm32u5xx_ll_usb.o
                0x0000000008002414                USB_SetCurrentMode
 .text.USB_DevInit
                0x0000000008002436       0x2c build/stm32u5xx_ll_usb.o
                0x0000000008002436                USB_DevInit
 .text.USB_FlushTxFifo
                0x0000000008002462        0x4 build/stm32u5xx_ll_usb.o
                0x0000000008002462                USB_FlushTxFifo
 .text.USB_FlushRxFifo
                0x0000000008002466        0x4 build/stm32u5xx_ll_usb.o
                0x0000000008002466                USB_FlushRxFifo
 *fill*         0x000000000800246a        0x2 
 .text.USB_ActivateEndpoint
                0x000000000800246c      0x300 build/stm32u5xx_ll_usb.o
                0x000000000800246c                USB_ActivateEndpoint
 .text.USB_DeactivateEndpoint
                0x000000000800276c      0x140 build/stm32u5xx_ll_usb.o
                0x000000000800276c                USB_DeactivateEndpoint
 .text.USB_EPSetStall
                0x00000000080028ac       0x34 build/stm32u5xx_ll_usb.o
                0x00000000080028ac                USB_EPSetStall
 .text.USB_EPClearStall
                0x00000000080028e0       0x7c build/stm32u5xx_ll_usb.o
                0x00000000080028e0                USB_EPClearStall
 .text.USB_EPStopXfer
                0x000000000800295c       0x54 build/stm32u5xx_ll_usb.o
                0x000000000800295c                USB_EPStopXfer
 .text.USB_SetDevAddress
                0x00000000080029b0        0xa build/stm32u5xx_ll_usb.o
                0x00000000080029b0                USB_SetDevAddress
 .text.USB_DevConnect
                0x00000000080029ba        0xc build/stm32u5xx_ll_usb.o
                0x00000000080029ba                USB_DevConnect
 .text.USB_DevDisconnect
                0x00000000080029c6        0xc build/stm32u5xx_ll_usb.o
                0x00000000080029c6                USB_DevDisconnect
 .text.USB_ReadInterrupts
                0x00000000080029d2        0x4 build/stm32u5xx_ll_usb.o
                0x00000000080029d2                USB_ReadInterrupts
 .text.USB_WritePMA
                0x00000000080029d6       0x4a build/stm32u5xx_ll_usb.o
                0x00000000080029d6                USB_WritePMA
 .text.USB_EPStartXfer
                0x0000000008002a20      0x2f4 build/stm32u5xx_ll_usb.o
                0x0000000008002a20                USB_EPStartXfer
 .text.USB_ReadPMA
                0x0000000008002d14       0x48 build/stm32u5xx_ll_usb.o
                0x0000000008002d14                USB_ReadPMA
 .text.LL_SetSystemCoreClock
                0x0000000008002d5c        0xc build/stm32u5xx_ll_utils.o
                0x0000000008002d5c                LL_SetSystemCoreClock
 .text.HAL_DMA_Start_IT
                0x0000000008002d68       0x7c build/stm32u5xx_hal_dma.o
                0x0000000008002d68                HAL_DMA_Start_IT
 .text.HAL_DMA_Abort
                0x0000000008002de4       0x94 build/stm32u5xx_hal_dma.o
                0x0000000008002de4                HAL_DMA_Abort
 .text.HAL_DMA_Abort_IT
                0x0000000008002e78       0x2a build/stm32u5xx_hal_dma.o
                0x0000000008002e78                HAL_DMA_Abort_IT
 .text.HAL_DMA_IRQHandler
                0x0000000008002ea2      0x17e build/stm32u5xx_hal_dma.o
                0x0000000008002ea2                HAL_DMA_IRQHandler
 .text.HAL_DMA_GetError
                0x0000000008003020        0x4 build/stm32u5xx_hal_dma.o
                0x0000000008003020                HAL_DMA_GetError
 .text.HAL_DMA_ConfigChannelAttributes
                0x0000000008003024       0x3e build/stm32u5xx_hal_dma.o
                0x0000000008003024                HAL_DMA_ConfigChannelAttributes
 *fill*         0x0000000008003062        0x2 
 .text.DMA_List_CheckNodesBaseAddresses
                0x0000000008003064       0x2c build/stm32u5xx_hal_dma_ex.o
 .text.DMA_List_CheckNodesTypes
                0x0000000008003090       0x34 build/stm32u5xx_hal_dma_ex.o
 .text.DMA_List_FindNode
                0x00000000080030c4       0xb0 build/stm32u5xx_hal_dma_ex.o
 .text.DMA_List_GetCLLRNodeInfo.isra.0
                0x0000000008003174       0x28 build/stm32u5xx_hal_dma_ex.o
 .text.HAL_DMAEx_List_Init
                0x000000000800319c      0x1f0 build/stm32u5xx_hal_dma_ex.o
                0x000000000800319c                HAL_DMAEx_List_Init
 .text.HAL_DMAEx_List_Start_IT
                0x000000000800338c       0xac build/stm32u5xx_hal_dma_ex.o
                0x000000000800338c                HAL_DMAEx_List_Start_IT
 .text.HAL_DMAEx_List_BuildNode
                0x0000000008003438      0x13c build/stm32u5xx_hal_dma_ex.o
                0x0000000008003438                HAL_DMAEx_List_BuildNode
 .text.HAL_DMAEx_List_InsertNode_Tail
                0x0000000008003574       0x92 build/stm32u5xx_hal_dma_ex.o
                0x0000000008003574                HAL_DMAEx_List_InsertNode_Tail
 *fill*         0x0000000008003606        0x2 
 .text.HAL_DMAEx_List_LinkQ
                0x0000000008003608       0xa0 build/stm32u5xx_hal_dma_ex.o
                0x0000000008003608                HAL_DMAEx_List_LinkQ
 .text.PCD_GET_EP_DBUF0_CNT.constprop.0
                0x00000000080036a8       0x24 build/stm32u5xx_hal_pcd.o
 .text.PCD_GET_EP_RX_CNT.constprop.0
                0x00000000080036cc       0x24 build/stm32u5xx_hal_pcd.o
 .text.HAL_PCD_Init
                0x00000000080036f0       0xe0 build/stm32u5xx_hal_pcd.o
                0x00000000080036f0                HAL_PCD_Init
 .text.HAL_PCD_Start
                0x00000000080037d0       0x2a build/stm32u5xx_hal_pcd.o
                0x00000000080037d0                HAL_PCD_Start
 .text.HAL_PCD_Stop
                0x00000000080037fa       0x2a build/stm32u5xx_hal_pcd.o
                0x00000000080037fa                HAL_PCD_Stop
 .text.HAL_PCD_SetAddress
                0x0000000008003824       0x26 build/stm32u5xx_hal_pcd.o
                0x0000000008003824                HAL_PCD_SetAddress
 *fill*         0x000000000800384a        0x2 
 .text.HAL_PCD_IRQHandler
                0x000000000800384c      0x8b8 build/stm32u5xx_hal_pcd.o
                0x000000000800384c                HAL_PCD_IRQHandler
 .text.HAL_PCD_EP_Open
                0x0000000008004104       0x6e build/stm32u5xx_hal_pcd.o
                0x0000000008004104                HAL_PCD_EP_Open
 .text.HAL_PCD_EP_Close
                0x0000000008004172       0x5c build/stm32u5xx_hal_pcd.o
                0x0000000008004172                HAL_PCD_EP_Close
 .text.HAL_PCD_EP_Receive
                0x00000000080041ce       0x2c build/stm32u5xx_hal_pcd.o
                0x00000000080041ce                HAL_PCD_EP_Receive
 .text.HAL_PCD_EP_GetRxCount
                0x00000000080041fa       0x10 build/stm32u5xx_hal_pcd.o
                0x00000000080041fa                HAL_PCD_EP_GetRxCount
 .text.HAL_PCD_EP_Transmit
                0x000000000800420a       0x36 build/stm32u5xx_hal_pcd.o
                0x000000000800420a                HAL_PCD_EP_Transmit
 .text.HAL_PCD_EP_SetStall
                0x0000000008004240       0x60 build/stm32u5xx_hal_pcd.o
                0x0000000008004240                HAL_PCD_EP_SetStall
 .text.HAL_PCD_EP_ClrStall
                0x00000000080042a0       0x6e build/stm32u5xx_hal_pcd.o
                0x00000000080042a0                HAL_PCD_EP_ClrStall
 .text.HAL_PCD_EP_Abort
                0x000000000800430e       0x20 build/stm32u5xx_hal_pcd.o
                0x000000000800430e                HAL_PCD_EP_Abort
 .text.HAL_PCD_EP_Flush
                0x000000000800432e       0x32 build/stm32u5xx_hal_pcd.o
                0x000000000800432e                HAL_PCD_EP_Flush
 .text.HAL_PCDEx_PMAConfig
                0x0000000008004360       0x32 build/stm32u5xx_hal_pcd_ex.o
                0x0000000008004360                HAL_PCDEx_PMAConfig
 .text.HAL_PCDEx_ActivateLPM
                0x0000000008004392       0x22 build/stm32u5xx_hal_pcd_ex.o
                0x0000000008004392                HAL_PCDEx_ActivateLPM
 .text.HAL_PCDEx_LPM_Callback
                0x00000000080043b4        0x2 build/stm32u5xx_hal_pcd_ex.o
                0x00000000080043b4                HAL_PCDEx_LPM_Callback
 .text.SPI_CloseTransfer
                0x00000000080043b6       0xac build/stm32u5xx_hal_spi.o
 *fill*         0x0000000008004462        0x2 
 .text.HAL_SPI_Init
                0x0000000008004464      0x144 build/stm32u5xx_hal_spi.o
                0x0000000008004464                HAL_SPI_Init
 .text.HAL_SPI_TransmitReceive_DMA
                0x00000000080045a8      0x28c build/stm32u5xx_hal_spi.o
                0x00000000080045a8                HAL_SPI_TransmitReceive_DMA
 .text.HAL_SPI_TxCpltCallback
                0x0000000008004834        0x2 build/stm32u5xx_hal_spi.o
                0x0000000008004834                HAL_SPI_TxCpltCallback
 .text.HAL_SPI_RxCpltCallback
                0x0000000008004836        0x2 build/stm32u5xx_hal_spi.o
                0x0000000008004836                HAL_SPI_RxCpltCallback
 .text.SPI_DMATransmitReceiveCplt
                0x0000000008004838       0x32 build/stm32u5xx_hal_spi.o
 .text.HAL_SPI_TxRxHalfCpltCallback
                0x000000000800486a        0x2 build/stm32u5xx_hal_spi.o
                0x000000000800486a                HAL_SPI_TxRxHalfCpltCallback
 .text.SPI_DMAHalfTransmitReceiveCplt
                0x000000000800486c        0xa build/stm32u5xx_hal_spi.o
 .text.HAL_SPI_ErrorCallback
                0x0000000008004876        0x2 build/stm32u5xx_hal_spi.o
                0x0000000008004876                HAL_SPI_ErrorCallback
 .text.SPI_DMAError
                0x0000000008004878       0x28 build/stm32u5xx_hal_spi.o
 .text.SPI_DMAAbortOnError
                0x00000000080048a0       0x1a build/stm32u5xx_hal_spi.o
 .text.HAL_SPI_SuspendCallback
                0x00000000080048ba        0x2 build/stm32u5xx_hal_spi.o
                0x00000000080048ba                HAL_SPI_SuspendCallback
 .text.HAL_SPI_IRQHandler
                0x00000000080048bc      0x20c build/stm32u5xx_hal_spi.o
                0x00000000080048bc                HAL_SPI_IRQHandler
 .text.HAL_SPIEx_SetConfigAutonomousMode
                0x0000000008004ac8       0x48 build/stm32u5xx_hal_spi_ex.o
                0x0000000008004ac8                HAL_SPIEx_SetConfigAutonomousMode
 .text._ux_dcd_stm32_setup_isr_pending
                0x0000000008004b10       0x90 build/ux_dcd_stm32_callback.o
                0x0000000008004b10                _ux_dcd_stm32_setup_isr_pending
 .text.HAL_PCD_SetupStageCallback
                0x0000000008004ba0       0x98 build/ux_dcd_stm32_callback.o
                0x0000000008004ba0                HAL_PCD_SetupStageCallback
 .text.HAL_PCD_DataInStageCallback
                0x0000000008004c38       0xc8 build/ux_dcd_stm32_callback.o
                0x0000000008004c38                HAL_PCD_DataInStageCallback
 .text.HAL_PCD_DataOutStageCallback
                0x0000000008004d00       0x98 build/ux_dcd_stm32_callback.o
                0x0000000008004d00                HAL_PCD_DataOutStageCallback
 .text.HAL_PCD_ResetCallback
                0x0000000008004d98       0x30 build/ux_dcd_stm32_callback.o
                0x0000000008004d98                HAL_PCD_ResetCallback
 .text.HAL_PCD_SuspendCallback
                0x0000000008004dc8       0x14 build/ux_dcd_stm32_callback.o
                0x0000000008004dc8                HAL_PCD_SuspendCallback
 .text.HAL_PCD_ResumeCallback
                0x0000000008004ddc       0x14 build/ux_dcd_stm32_callback.o
                0x0000000008004ddc                HAL_PCD_ResumeCallback
 .text.HAL_PCD_SOFCallback
                0x0000000008004df0       0x14 build/ux_dcd_stm32_callback.o
                0x0000000008004df0                HAL_PCD_SOFCallback
 .text._ux_dcd_stm32_endpoint_create
                0x0000000008004e04       0x64 build/ux_dcd_stm32_endpoint_create.o
                0x0000000008004e04                _ux_dcd_stm32_endpoint_create
 .text._ux_dcd_stm32_endpoint_destroy
                0x0000000008004e68       0x16 build/ux_dcd_stm32_endpoint_destroy.o
                0x0000000008004e68                _ux_dcd_stm32_endpoint_destroy
 .text._ux_dcd_stm32_endpoint_reset
                0x0000000008004e7e       0x40 build/ux_dcd_stm32_endpoint_reset.o
                0x0000000008004e7e                _ux_dcd_stm32_endpoint_reset
 .text._ux_dcd_stm32_endpoint_stall
                0x0000000008004ebe       0x1e build/ux_dcd_stm32_endpoint_stall.o
                0x0000000008004ebe                _ux_dcd_stm32_endpoint_stall
 .text._ux_dcd_stm32_endpoint_status
                0x0000000008004edc       0x36 build/ux_dcd_stm32_endpoint_status.o
                0x0000000008004edc                _ux_dcd_stm32_endpoint_status
 .text._ux_dcd_stm32_frame_number_get
                0x0000000008004f12        0x4 build/ux_dcd_stm32_frame_number_get.o
                0x0000000008004f12                _ux_dcd_stm32_frame_number_get
 .text._ux_dcd_stm32_function
                0x0000000008004f16       0xa0 build/ux_dcd_stm32_function.o
                0x0000000008004f16                _ux_dcd_stm32_function
 *fill*         0x0000000008004fb6        0x2 
 .text._ux_dcd_stm32_initialize
                0x0000000008004fb8       0x38 build/ux_dcd_stm32_initialize.o
                0x0000000008004fb8                _ux_dcd_stm32_initialize
 .text._ux_dcd_stm32_initialize_complete
                0x0000000008004ff0       0xdc build/ux_dcd_stm32_initialize_complete.o
                0x0000000008004ff0                _ux_dcd_stm32_initialize_complete
 .text._ux_dcd_stm32_transfer_run
                0x00000000080050cc       0x88 build/ux_dcd_stm32_transfer_run.o
                0x00000000080050cc                _ux_dcd_stm32_transfer_run
 .text._ux_dcd_stm32_transfer_abort
                0x0000000008005154       0x1e build/ux_dcd_stm32_transfer_abort.o
                0x0000000008005154                _ux_dcd_stm32_transfer_abort
 .text._ux_utility_descriptor_parse
                0x0000000008005172       0x5a build/ux_utility_descriptor_parse.o
                0x0000000008005172                _ux_utility_descriptor_parse
 .text._ux_utility_long_get
                0x00000000080051cc        0x4 build/ux_utility_long_get.o
                0x00000000080051cc                _ux_utility_long_get
 .text._ux_utility_long_put
                0x00000000080051d0       0x10 build/ux_utility_long_put.o
                0x00000000080051d0                _ux_utility_long_put
 .text._ux_utility_memory_allocate
                0x00000000080051e0       0xdc build/ux_utility_memory_allocate.o
                0x00000000080051e0                _ux_utility_memory_allocate
 .text._ux_utility_memory_allocate_mulc_safe
                0x00000000080052bc       0x1c build/ux_utility_memory_allocate_mulc_safe.o
                0x00000000080052bc                _ux_utility_memory_allocate_mulc_safe
 .text._ux_utility_memory_copy
                0x00000000080052d8       0x14 build/ux_utility_memory_copy.o
                0x00000000080052d8                _ux_utility_memory_copy
 .text._ux_utility_memory_free
                0x00000000080052ec       0x50 build/ux_utility_memory_free.o
                0x00000000080052ec                _ux_utility_memory_free
 .text._ux_utility_memory_byte_pool_create
                0x000000000800533c       0x3c build/ux_utility_memory_byte_pool_create.o
                0x000000000800533c                _ux_utility_memory_byte_pool_create
 .text._ux_utility_memory_byte_pool_search
                0x0000000008005378       0x7c build/ux_utility_memory_byte_pool_search.o
                0x0000000008005378                _ux_utility_memory_byte_pool_search
 .text._ux_utility_memory_set
                0x00000000080053f4        0x4 build/ux_utility_memory_set.o
                0x00000000080053f4                _ux_utility_memory_set
 .text._ux_utility_short_get
                0x00000000080053f8        0x4 build/ux_utility_short_get.o
                0x00000000080053f8                _ux_utility_short_get
 .text._ux_utility_string_length_check
                0x00000000080053fc       0x2a build/ux_utility_string_length_check.o
                0x00000000080053fc                _ux_utility_string_length_check
 *fill*         0x0000000008005426        0x2 
 .text._ux_system_error_handler
                0x0000000008005428       0x24 build/ux_system_error_handler.o
                0x0000000008005428                _ux_system_error_handler
 .text._ux_system_initialize
                0x000000000800544c       0x9c build/ux_system_initialize.o
                0x000000000800544c                _ux_system_initialize
 .text._uxe_system_initialize
                0x00000000080054e8       0x16 build/ux_system_initialize.o
                0x00000000080054e8                _uxe_system_initialize
 *fill*         0x00000000080054fe        0x2 
 .text._ux_device_stack_alternate_setting_get
                0x0000000008005500       0x3c build/ux_device_stack_alternate_setting_get.o
                0x0000000008005500                _ux_device_stack_alternate_setting_get
 .text._ux_device_stack_alternate_setting_set
                0x000000000800553c      0x1f8 build/ux_device_stack_alternate_setting_set.o
                0x000000000800553c                _ux_device_stack_alternate_setting_set
 .text._ux_device_stack_class_register
                0x0000000008005734       0x64 build/ux_device_stack_class_register.o
                0x0000000008005734                _ux_device_stack_class_register
 .text._ux_device_stack_clear_feature
                0x0000000008005798       0x64 build/ux_device_stack_clear_feature.o
                0x0000000008005798                _ux_device_stack_clear_feature
 .text._ux_device_stack_configuration_get
                0x00000000080057fc       0x20 build/ux_device_stack_configuration_get.o
                0x00000000080057fc                _ux_device_stack_configuration_get
 .text._ux_device_stack_configuration_set
                0x000000000800581c      0x1b4 build/ux_device_stack_configuration_set.o
                0x000000000800581c                _ux_device_stack_configuration_set
 .text._ux_device_stack_control_request_process
                0x00000000080059d0      0x1e0 build/ux_device_stack_control_request_process.o
                0x00000000080059d0                _ux_device_stack_control_request_process
 .text._ux_device_stack_descriptor_send
                0x0000000008005bb0      0x204 build/ux_device_stack_descriptor_send.o
                0x0000000008005bb0                _ux_device_stack_descriptor_send
 .text._ux_device_stack_disconnect
                0x0000000008005db4       0x70 build/ux_device_stack_disconnect.o
                0x0000000008005db4                _ux_device_stack_disconnect
 .text._ux_device_stack_endpoint_stall
                0x0000000008005e24       0x44 build/ux_device_stack_endpoint_stall.o
                0x0000000008005e24                _ux_device_stack_endpoint_stall
 .text._ux_device_stack_get_status
                0x0000000008005e68       0x90 build/ux_device_stack_get_status.o
                0x0000000008005e68                _ux_device_stack_get_status
 .text._ux_device_stack_initialize
                0x0000000008005ef8      0x190 build/ux_device_stack_initialize.o
                0x0000000008005ef8                _ux_device_stack_initialize
 .text._ux_device_stack_interface_delete
                0x0000000008006088       0x48 build/ux_device_stack_interface_delete.o
                0x0000000008006088                _ux_device_stack_interface_delete
 .text._ux_device_stack_interface_set
                0x00000000080060d0      0x11c build/ux_device_stack_interface_set.o
                0x00000000080060d0                _ux_device_stack_interface_set
 .text._ux_device_stack_interface_start
                0x00000000080061ec       0x58 build/ux_device_stack_interface_start.o
                0x00000000080061ec                _ux_device_stack_interface_start
 .text._ux_device_stack_set_feature
                0x0000000008006244       0x58 build/ux_device_stack_set_feature.o
                0x0000000008006244                _ux_device_stack_set_feature
 .text._ux_device_stack_transfer_abort
                0x000000000800629c       0x38 build/ux_device_stack_transfer_abort.o
                0x000000000800629c                _ux_device_stack_transfer_abort
 .text._ux_device_stack_transfer_all_request_abort
                0x00000000080062d4        0xc build/ux_device_stack_transfer_all_request_abort.o
                0x00000000080062d4                _ux_device_stack_transfer_all_request_abort
 .text._ux_device_stack_transfer_request
                0x00000000080062e0       0x20 build/ux_device_stack_transfer_request.o
                0x00000000080062e0                _ux_device_stack_transfer_request
 .text._ux_device_stack_tasks_run
                0x0000000008006300       0x2c build/ux_device_stack_tasks_run.o
                0x0000000008006300                _ux_device_stack_tasks_run
 .text._ux_device_stack_transfer_run
                0x000000000800632c       0xb4 build/ux_device_stack_transfer_run.o
                0x000000000800632c                _ux_device_stack_transfer_run
 .text._ux_device_class_cdc_acm_activate
                0x00000000080063e0       0x18 build/ux_device_class_cdc_acm_activate.o
                0x00000000080063e0                _ux_device_class_cdc_acm_activate
 .text._ux_device_class_cdc_acm_control_request
                0x00000000080063f8       0xbc build/ux_device_class_cdc_acm_control_request.o
                0x00000000080063f8                _ux_device_class_cdc_acm_control_request
 .text._ux_device_class_cdc_acm_deactivate
                0x00000000080064b4       0x46 build/ux_device_class_cdc_acm_deactivate.o
                0x00000000080064b4                _ux_device_class_cdc_acm_deactivate
 .text._ux_device_class_cdc_acm_entry
                0x00000000080064fa       0x38 build/ux_device_class_cdc_acm_entry.o
                0x00000000080064fa                _ux_device_class_cdc_acm_entry
 .text._ux_device_class_cdc_acm_initialize
                0x0000000008006532       0x3c build/ux_device_class_cdc_acm_initialize.o
                0x0000000008006532                _ux_device_class_cdc_acm_initialize
 .text._ux_device_class_cdc_acm_ioctl
                0x000000000800656e       0xd8 build/ux_device_class_cdc_acm_ioctl.o
                0x000000000800656e                _ux_device_class_cdc_acm_ioctl
 .text._ux_device_class_cdc_acm_uninitialize
                0x0000000008006646       0x10 build/ux_device_class_cdc_acm_unitialize.o
                0x0000000008006646                _ux_device_class_cdc_acm_uninitialize
 *fill*         0x0000000008006656        0x2 
 .text._ux_device_class_cdc_acm_read_run
                0x0000000008006658       0xdc build/ux_device_class_cdc_acm_read_run.o
                0x0000000008006658                _ux_device_class_cdc_acm_read_run
 .text._ux_device_class_cdc_acm_write_run
                0x0000000008006734       0xf0 build/ux_device_class_cdc_acm_write_run.o
                0x0000000008006734                _ux_device_class_cdc_acm_write_run
 .text._led1_on
                0x0000000008006824       0x10 build/main.o
 .text._led1_off
                0x0000000008006834       0x10 build/main.o
 .text._parse_hex
                0x0000000008006844       0xc8 build/main.o
 .text._tty_rx_parser
                0x000000000800690c       0x2c build/main.o
 .text._spi_auto_task
                0x0000000008006938       0xa0 build/main.o
 .text.Error_Handler
                0x00000000080069d8       0x20 build/main.o
                0x00000000080069d8                Error_Handler
 .text.startup.main
                0x00000000080069f8      0x1bc build/main.o
                0x00000000080069f8                main
 .text._skip_spaces
                0x0000000008006bb4       0x10 build/cmd.o
 .text._cmd_help
                0x0000000008006bc4       0x4c build/cmd.o
 .text._cmd_error
                0x0000000008006c10        0xc build/cmd.o
 .text._cmd_reset
                0x0000000008006c1c       0x20 build/cmd.o
 .text._cmd_pwr_set
                0x0000000008006c3c       0x44 build/cmd.o
 .text._cmd_basic_reply.isra.0
                0x0000000008006c80        0xc build/cmd.o
 .text._cmd_clkdiv
                0x0000000008006c8c       0x1c build/cmd.o
 .text._cmd_cs  0x0000000008006ca8       0x1c build/cmd.o
 .text._cmd_sn  0x0000000008006cc4       0x28 build/cmd.o
 .text._cmd_auto
                0x0000000008006cec       0x3c build/cmd.o
 .text._cmd_gpo
                0x0000000008006d28       0x24 build/cmd.o
 .text._cmd_pwr
                0x0000000008006d4c       0x20 build/cmd.o
 .text._cmd_ver
                0x0000000008006d6c       0x24 build/cmd.o
 .text._cmd_button
                0x0000000008006d90       0x28 build/cmd.o
 .text._cmd_id  0x0000000008006db8       0x18 build/cmd.o
 .text._cmd_auto_set
                0x0000000008006dd0       0xa8 build/cmd.o
 .text._cmd_cs_set
                0x0000000008006e78       0x30 build/cmd.o
 .text.parse_number
                0x0000000008006ea8       0x3c build/cmd.o
                0x0000000008006ea8                parse_number
 .text._cmd_clkdiv_set
                0x0000000008006ee4       0x28 build/cmd.o
 .text.cmd_parse
                0x0000000008006f0c       0xb8 build/cmd.o
                0x0000000008006f0c                cmd_parse
 .text._usb_send_data
                0x0000000008006fc4       0x3e build/tty.o
 .text._write   0x0000000008007002       0x10 build/tty.o
                0x0000000008007002                _write
 .text._read    0x0000000008007012        0x4 build/tty.o
                0x0000000008007012                _read
 *fill*         0x0000000008007016        0x2 
 .text._usb_getchar
                0x0000000008007018       0x30 build/tty.o
                0x0000000008007018                _usb_getchar
 .text._rx_feed
                0x0000000008007048       0x4c build/tty.o
                0x0000000008007048                _rx_feed
 .text.tty_rx_task
                0x0000000008007094       0x1c build/tty.o
                0x0000000008007094                tty_rx_task
 .text.tty_put_text
                0x00000000080070b0       0x1c build/tty.o
                0x00000000080070b0                tty_put_text
 .text._usb_rx_handler
                0x00000000080070cc       0x48 build/tty.o
 .text.tty_init
                0x0000000008007114       0x18 build/tty.o
                0x0000000008007114                tty_init
 .text.led_init
                0x000000000800712c        0xe build/led.o
                0x000000000800712c                led_init
 .text.led_cyclic_sequence
                0x000000000800713a       0x26 build/led.o
                0x000000000800713a                led_cyclic_sequence
 .text.led_tick
                0x0000000008007160       0x2c build/led.o
                0x0000000008007160                led_tick
 .text.dma_init
                0x000000000800718c       0x28 build/dma.o
                0x000000000800718c                dma_init
 .text.dma_init_spi_rx
                0x00000000080071b4       0xb0 build/dma.o
                0x00000000080071b4                dma_init_spi_rx
 .text.dma_init_spi_tx
                0x0000000008007264       0xb4 build/dma.o
                0x0000000008007264                dma_init_spi_tx
 .text.GPDMA1_Channel6_IRQHandler
                0x0000000008007318        0xc build/dma.o
                0x0000000008007318                GPDMA1_Channel6_IRQHandler
 .text.GPDMA1_Channel7_IRQHandler
                0x0000000008007324        0xc build/dma.o
                0x0000000008007324                GPDMA1_Channel7_IRQHandler
 .text.LL_AHB2_GRP1_EnableClock
                0x0000000008007330       0x20 build/gpio.o
 .text.gpio_pin_init
                0x0000000008007350       0x38 build/gpio.o
                0x0000000008007350                gpio_pin_init
 .text.gpio_init
                0x0000000008007388       0x1e build/gpio.o
                0x0000000008007388                gpio_init
 *fill*         0x00000000080073a6        0x2 
 .text.irq_enable
                0x00000000080073a8       0x6c build/irq.o
                0x00000000080073a8                irq_enable
 .text.reset_get_type
                0x0000000008007414       0x34 build/reset.o
                0x0000000008007414                reset_get_type
 .text.reset_clear
                0x0000000008007448       0x20 build/reset.o
                0x0000000008007448                reset_clear
 .text._get_timer_time
                0x0000000008007468       0x34 build/time.o
 .text.TIM2_IRQHandler
                0x000000000800749c       0x28 build/time.o
                0x000000000800749c                TIM2_IRQHandler
 .text.timer_init
                0x00000000080074c4       0x50 build/time.o
                0x00000000080074c4                timer_init
 .text.timer_get_time
                0x0000000008007514        0xc build/time.o
                0x0000000008007514                timer_get_time
 .text.time_delay_ms
                0x0000000008007520       0x24 build/time.o
                0x0000000008007520                time_delay_ms
 .text.LPUART1_IRQHandler
                0x0000000008007544       0x94 build/uart.o
                0x0000000008007544                LPUART1_IRQHandler
 .text.sys_init
                0x00000000080075d8       0x58 build/sys.o
                0x00000000080075d8                sys_init
 .text.sys_clock_config
                0x0000000008007630      0x17c build/sys.o
                0x0000000008007630                sys_clock_config
 .text.HAL_GetTick
                0x00000000080077ac        0x8 build/sys.o
                0x00000000080077ac                HAL_GetTick
 .text.wd_init  0x00000000080077b4        0x2 build/wd.o
                0x00000000080077b4                wd_init
 *fill*         0x00000000080077b6        0x2 
 .text.wd_run   0x00000000080077b8       0x2c build/wd.o
                0x00000000080077b8                wd_run
 .text.wd_reset
                0x00000000080077e4       0x34 build/wd.o
                0x00000000080077e4                wd_reset
 .text.wd_feed  0x0000000008007818       0x18 build/wd.o
                0x0000000008007818                wd_feed
 .text.spi1_get_prescaler
                0x0000000008007830       0x64 build/spi.o
                0x0000000008007830                spi1_get_prescaler
 .text.spi1_set_prescaler
                0x0000000008007894       0x6c build/spi.o
                0x0000000008007894                spi1_set_prescaler
 .text.spi1_init
                0x0000000008007900       0x80 build/spi.o
                0x0000000008007900                spi1_init
 .text.spi1_data_transfer
                0x0000000008007980       0x24 build/spi.o
                0x0000000008007980                spi1_data_transfer
 .text.spi1_flush
                0x00000000080079a4       0x14 build/spi.o
                0x00000000080079a4                spi1_flush
 .text.spi1_transfer
                0x00000000080079b8       0x1e build/spi.o
                0x00000000080079b8                spi1_transfer
 *fill*         0x00000000080079d6        0x2 
 .text.spi1_cs_state
                0x00000000080079d8        0xc build/spi.o
                0x00000000080079d8                spi1_cs_state
 .text.spi1_cs  0x00000000080079e4       0x20 build/spi.o
                0x00000000080079e4                spi1_cs
 .text.SPI1_IRQHandler
                0x0000000008007a04        0xc build/spi.o
                0x0000000008007a04                SPI1_IRQHandler
 .text.HAL_SPI_MspInit
                0x0000000008007a10       0xd0 build/spi.o
                0x0000000008007a10                HAL_SPI_MspInit
 .text.HAL_SPI_TxRxCpltCallback
                0x0000000008007ae0       0x18 build/spi.o
                0x0000000008007ae0                HAL_SPI_TxRxCpltCallback
 .text._hex_to_bin
                0x0000000008007af8       0x2a build/util.o
 .text.strnicmp
                0x0000000008007b22       0x4c build/util.o
                0x0000000008007b22                strnicmp
 .text.is_char  0x0000000008007b6e       0x24 build/util.o
                0x0000000008007b6e                is_char
 .text.hex_to_bin
                0x0000000008007b92       0x3a build/util.o
                0x0000000008007b92                hex_to_bin
 .text.ux_device_cdc_acm_rx_init
                0x0000000008007bcc        0xc build/ux_device_cdc_acm.o
                0x0000000008007bcc                ux_device_cdc_acm_rx_init
 .text.ux_device_cdc_acm_activate
                0x0000000008007bd8       0x40 build/ux_device_cdc_acm.o
                0x0000000008007bd8                ux_device_cdc_acm_activate
 .text.ux_device_cdc_acm_deactivate
                0x0000000008007c18        0xc build/ux_device_cdc_acm.o
                0x0000000008007c18                ux_device_cdc_acm_deactivate
 .text.ux_device_cdc_acm_parameterchange
                0x0000000008007c24        0x2 build/ux_device_cdc_acm.o
                0x0000000008007c24                ux_device_cdc_acm_parameterchange
 *fill*         0x0000000008007c26        0x2 
 .text.ux_device_cdc_acm_connected
                0x0000000008007c28       0x1c build/ux_device_cdc_acm.o
                0x0000000008007c28                ux_device_cdc_acm_connected
 .text.ux_device_cdc_acm_tx
                0x0000000008007c44       0x30 build/ux_device_cdc_acm.o
                0x0000000008007c44                ux_device_cdc_acm_tx
 .text.ux_device_cdc_acm_task
                0x0000000008007c74       0x50 build/ux_device_cdc_acm.o
                0x0000000008007c74                ux_device_cdc_acm_task
 .text.USBD_FrameWork_AssignEp
                0x0000000008007cc4       0x40 build/ux_device_descriptors.o
 .text.USBD_Desc_GetString.part.0
                0x0000000008007d04       0x26 build/ux_device_descriptors.o
 *fill*         0x0000000008007d2a        0x2 
 .text.USBD_Device_Framework_Builder.constprop.0.isra.0
                0x0000000008007d2c      0x354 build/ux_device_descriptors.o
 .text.ux_device_sn_text
                0x0000000008008080       0x38 build/ux_device_descriptors.o
                0x0000000008008080                ux_device_sn_text
 .text.USBD_Get_Device_Framework_Speed
                0x00000000080080b8       0x44 build/ux_device_descriptors.o
                0x00000000080080b8                USBD_Get_Device_Framework_Speed
 .text.USBD_Get_String_Framework
                0x00000000080080fc       0xa4 build/ux_device_descriptors.o
                0x00000000080080fc                USBD_Get_String_Framework
 .text.USBD_Get_Language_Id_Framework
                0x00000000080081a0       0x1c build/ux_device_descriptors.o
                0x00000000080081a0                USBD_Get_Language_Id_Framework
 .text.USBD_Get_Interface_Number
                0x00000000080081bc       0x2c build/ux_device_descriptors.o
                0x00000000080081bc                USBD_Get_Interface_Number
 .text.USBD_Get_Configuration_Number
                0x00000000080081e8        0x4 build/ux_device_descriptors.o
                0x00000000080081e8                USBD_Get_Configuration_Number
 .text.usbd_change_function
                0x00000000080081ec        0x4 build/usb_device.o
 .text.HAL_PCD_MspInit
                0x00000000080081f0       0x3c build/usb_device.o
                0x00000000080081f0                HAL_PCD_MspInit
 .text.usb_device_init
                0x000000000800822c      0x158 build/usb_device.o
                0x000000000800822c                usb_device_init
 .text.usb_device_task
                0x0000000008008384        0xe build/usb_device.o
                0x0000000008008384                usb_device_task
 .text.usb_cdc_rx_init
                0x0000000008008392        0xa build/usb_device.o
                0x0000000008008392                usb_cdc_rx_init
 .text.usb_device_connected
                0x000000000800839c        0x4 build/usb_device.o
                0x000000000800839c                usb_device_connected
 .text.usb_cdc_tx
                0x00000000080083a0       0x10 build/usb_device.o
                0x00000000080083a0                usb_cdc_tx
 .text.usb_cdc_tx_busy
                0x00000000080083b0        0x4 build/usb_device.o
                0x00000000080083b0                usb_cdc_tx_busy
 .text._ux_utility_interrupt_disable
                0x00000000080083b4        0x8 build/usb_device.o
                0x00000000080083b4                _ux_utility_interrupt_disable
 .text._ux_utility_interrupt_restore
                0x00000000080083bc        0x6 build/usb_device.o
                0x00000000080083bc                _ux_utility_interrupt_restore
 *fill*         0x00000000080083c2        0x2 
 .text.USB_IRQHandler
                0x00000000080083c4        0xc build/usb_device.o
                0x00000000080083c4                USB_IRQHandler
 .text.Reset_Handler
                0x00000000080083d0       0x50 build/startup_stm32u535xx.o
                0x00000000080083d0                Reset_Handler
 .text.Default_Handler
                0x0000000008008420        0x2 build/startup_stm32u535xx.o
                0x0000000008008420                EXTI2_IRQHandler
                0x0000000008008420                TIM8_TRG_COM_IRQHandler
                0x0000000008008420                TIM8_CC_IRQHandler
                0x0000000008008420                EXTI5_IRQHandler
                0x0000000008008420                DebugMon_Handler
                0x0000000008008420                FLASH_S_IRQHandler
                0x0000000008008420                EXTI13_IRQHandler
                0x0000000008008420                TIM1_CC_IRQHandler
                0x0000000008008420                TSC_IRQHandler
                0x0000000008008420                HardFault_Handler
                0x0000000008008420                TAMP_IRQHandler
                0x0000000008008420                TIM6_IRQHandler
                0x0000000008008420                EXTI12_IRQHandler
                0x0000000008008420                CORDIC_IRQHandler
                0x0000000008008420                SysTick_Handler
                0x0000000008008420                PendSV_Handler
                0x0000000008008420                NMI_Handler
                0x0000000008008420                EXTI3_IRQHandler
                0x0000000008008420                LPTIM4_IRQHandler
                0x0000000008008420                GPDMA1_Channel5_IRQHandler
                0x0000000008008420                EXTI8_IRQHandler
                0x0000000008008420                LPTIM2_IRQHandler
                0x0000000008008420                I2C3_ER_IRQHandler
                0x0000000008008420                PWR_S3WU_IRQHandler
                0x0000000008008420                LPDMA1_Channel3_IRQHandler
                0x0000000008008420                LPTIM3_IRQHandler
                0x0000000008008420                EXTI0_IRQHandler
                0x0000000008008420                I2C2_EV_IRQHandler
                0x0000000008008420                FPU_IRQHandler
                0x0000000008008420                GPDMA1_Channel3_IRQHandler
                0x0000000008008420                FDCAN1_IT1_IRQHandler
                0x0000000008008420                RAMCFG_IRQHandler
                0x0000000008008420                UsageFault_Handler
                0x0000000008008420                GPDMA1_Channel9_IRQHandler
                0x0000000008008420                DCACHE1_IRQHandler
                0x0000000008008420                OCTOSPI1_IRQHandler
                0x0000000008008420                GPDMA1_Channel2_IRQHandler
                0x0000000008008420                TIM8_UP_IRQHandler
                0x0000000008008420                RCC_S_IRQHandler
                0x0000000008008420                MDF1_FLT1_IRQHandler
                0x0000000008008420                ADC1_IRQHandler
                0x0000000008008420                EXTI15_IRQHandler
                0x0000000008008420                TIM17_IRQHandler
                0x0000000008008420                USART3_IRQHandler
                0x0000000008008420                RTC_IRQHandler
                0x0000000008008420                EXTI9_IRQHandler
                0x0000000008008420                UART5_IRQHandler
                0x0000000008008420                TIM4_IRQHandler
                0x0000000008008420                I2C1_EV_IRQHandler
                0x0000000008008420                GPDMA1_Channel12_IRQHandler
                0x0000000008008420                GPDMA1_Channel1_IRQHandler
                0x0000000008008420                TIM16_IRQHandler
                0x0000000008008420                GPDMA1_Channel15_IRQHandler
                0x0000000008008420                UART4_IRQHandler
                0x0000000008008420                SecureFault_Handler
                0x0000000008008420                TIM3_IRQHandler
                0x0000000008008420                RCC_IRQHandler
                0x0000000008008420                TIM1_TRG_COM_IRQHandler
                0x0000000008008420                Default_Handler
                0x0000000008008420                GPDMA1_Channel8_IRQHandler
                0x0000000008008420                FMAC_IRQHandler
                0x0000000008008420                GPDMA1_Channel11_IRQHandler
                0x0000000008008420                TIM7_IRQHandler
                0x0000000008008420                SDMMC1_IRQHandler
                0x0000000008008420                TIM5_IRQHandler
                0x0000000008008420                GPDMA1_Channel0_IRQHandler
                0x0000000008008420                TIM15_IRQHandler
                0x0000000008008420                I2C3_EV_IRQHandler
                0x0000000008008420                LPDMA1_Channel0_IRQHandler
                0x0000000008008420                PVD_PVM_IRQHandler
                0x0000000008008420                SPI2_IRQHandler
                0x0000000008008420                MemManage_Handler
                0x0000000008008420                LPDMA1_Channel1_IRQHandler
                0x0000000008008420                EXTI14_IRQHandler
                0x0000000008008420                EXTI11_IRQHandler
                0x0000000008008420                SVC_Handler
                0x0000000008008420                CRS_IRQHandler
                0x0000000008008420                GPDMA1_Channel14_IRQHandler
                0x0000000008008420                LSECSSD_IRQHandler
                0x0000000008008420                EXTI4_IRQHandler
                0x0000000008008420                RTC_S_IRQHandler
                0x0000000008008420                GPDMA1_Channel13_IRQHandler
                0x0000000008008420                RNG_IRQHandler
                0x0000000008008420                COMP_IRQHandler
                0x0000000008008420                TIM1_UP_IRQHandler
                0x0000000008008420                ADC4_IRQHandler
                0x0000000008008420                WWDG_IRQHandler
                0x0000000008008420                I2C4_EV_IRQHandler
                0x0000000008008420                ADF1_IRQHandler
                0x0000000008008420                IWDG_IRQHandler
                0x0000000008008420                MDF1_FLT0_IRQHandler
                0x0000000008008420                FDCAN1_IT0_IRQHandler
                0x0000000008008420                GPDMA1_Channel4_IRQHandler
                0x0000000008008420                EXTI7_IRQHandler
                0x0000000008008420                TIM1_BRK_IRQHandler
                0x0000000008008420                EXTI1_IRQHandler
                0x0000000008008420                DAC1_IRQHandler
                0x0000000008008420                GTZC_IRQHandler
                0x0000000008008420                I2C2_ER_IRQHandler
                0x0000000008008420                TIM8_BRK_IRQHandler
                0x0000000008008420                FLASH_IRQHandler
                0x0000000008008420                BusFault_Handler
                0x0000000008008420                USART1_IRQHandler
                0x0000000008008420                EXTI10_IRQHandler
                0x0000000008008420                SPI3_IRQHandler
                0x0000000008008420                LPDMA1_Channel2_IRQHandler
                0x0000000008008420                I2C1_ER_IRQHandler
                0x0000000008008420                EXTI6_IRQHandler
                0x0000000008008420                LPTIM1_IRQHandler
                0x0000000008008420                DCMI_PSSI_IRQHandler
                0x0000000008008420                I2C4_ER_IRQHandler
                0x0000000008008420                GPDMA1_Channel10_IRQHandler
                0x0000000008008420                ICACHE_IRQHandler
                0x0000000008008420                SAI1_IRQHandler
                0x0000000008008420                HASH_IRQHandler
 *(.glue_7)
 .glue_7        0x0000000008008422        0x0 linker stubs
 *(.glue_7t)
 .glue_7t       0x0000000008008422        0x0 linker stubs
 *(.eh_frame)
 *fill*         0x0000000008008422        0x2 
 .eh_frame      0x0000000008008424        0x0 /usr/lib/gcc/arm-none-eabi/10.3.1/thumb/v8-m.main+fp/hard/crtbegin.o
 *(.init)
 .init          0x0000000008008424        0x4 /usr/lib/gcc/arm-none-eabi/10.3.1/thumb/v8-m.main+fp/hard/crti.o
                0x0000000008008424                _init
 .init          0x0000000008008428        0x8 /usr/lib/gcc/arm-none-eabi/10.3.1/thumb/v8-m.main+fp/hard/crtn.o
 *(.fini)
 .fini          0x0000000008008430        0x4 /usr/lib/gcc/arm-none-eabi/10.3.1/thumb/v8-m.main+fp/hard/crti.o
                0x0000000008008430                _fini
 .fini          0x0000000008008434        0x8 /usr/lib/gcc/arm-none-eabi/10.3.1/thumb/v8-m.main+fp/hard/crtn.o
                0x000000000800843c                _etext = .

.vfp11_veneer   0x000000000800843c        0x0
 .vfp11_veneer  0x000000000800843c        0x0 linker stubs

.v4_bx          0x000000000800843c        0x0
 .v4_bx         0x000000000800843c        0x0 linker stubs

.iplt           0x000000000800843c        0x0
 .iplt          0x000000000800843c        0x0 /usr/lib/gcc/arm-none-eabi/10.3.1/thumb/v8-m.main+fp/hard/crtbegin.o

.rodata         0x000000000800843c      0x509
 *(.rodata)
 .rodata        0x000000000800843c       0x60 /usr/lib/gcc/arm-none-eabi/10.3.1/../../../arm-none-eabi/lib/thumb/v8-m.main+fp/hard/libc_nano.a(lib_a-findfp.o)
                0x000000000800843c                __sf_fake_stderr
                0x000000000800845c                __sf_fake_stdout
                0x000000000800847c                __sf_fake_stdin
 .rodata        0x000000000800849c        0x4 /usr/lib/gcc/arm-none-eabi/10.3.1/../../../arm-none-eabi/lib/thumb/v8-m.main+fp/hard/libc_nano.a(lib_a-impure.o)
                0x000000000800849c                _global_impure_ptr
 *(.rodata*)
 .rodata._parse_hex.str1.1
                0x00000000080084a0        0x5 build/main.o
                                          0x7 (size before relaxing)
 .rodata.main.str1.1
                0x00000000080084a5       0x58 build/main.o
                                         0x5b (size before relaxing)
 .rodata._cmd_help.str1.1
                0x00000000080084fd       0x7b build/cmd.o
 .rodata._cmd_error.str1.1
                0x0000000008008578        0xc build/cmd.o
 .rodata._cmd_reset.str1.1
                0x0000000008008584        0x7 build/cmd.o
 .rodata._cmd_pwr_set.str1.1
                0x000000000800858b       0x12 build/cmd.o
 .rodata._cmd_basic_reply.isra.0.str1.1
                0x000000000800859d        0x5 build/cmd.o
 .rodata._cmd_clkdiv.str1.1
                0x00000000080085a2        0x6 build/cmd.o
 .rodata._cmd_cs.str1.1
                0x00000000080085a8        0x5 build/cmd.o
 .rodata._cmd_sn.str1.1
                0x00000000080085ad        0x3 build/cmd.o
                                          0x5 (size before relaxing)
 .rodata._cmd_auto.str1.1
                0x00000000080085b0       0x13 build/cmd.o
 .rodata._cmd_gpo.str1.1
                0x00000000080085c3        0x5 build/cmd.o
 .rodata._cmd_ver.str1.1
                0x00000000080085c8       0x3d build/cmd.o
 .rodata._cmd_button.str1.1
                0x0000000008008605        0x3 build/cmd.o
 .rodata._cmd_id.str1.1
                0x0000000008008608       0x1c build/cmd.o
 .rodata.cmd_parse.str1.1
                0x0000000008008624       0x38 build/cmd.o
 .rodata.str1.1
                0x000000000800865c      0x12a build/cmd.o
 *fill*         0x0000000008008786        0x2 
 .rodata._CMD_TABLE
                0x0000000008008788       0xc0 build/cmd.o
 .rodata._usb_rx_handler.str1.1
                0x0000000008008848       0x1b build/tty.o
 *fill*         0x0000000008008863        0x1 
 .rodata.gpio_ll_map
                0x0000000008008864       0x40 build/gpio.o
                0x0000000008008864                gpio_ll_map
 .rodata.ux_device_cdc_acm_activate.str1.1
                0x00000000080088a4       0x13 build/ux_device_cdc_acm.o
                                         0x15 (size before relaxing)
 .rodata.ux_device_sn_text.str1.1
                0x00000000080088b7        0xb build/ux_device_descriptors.o
 .rodata.USBD_Get_String_Framework.str1.1
                0x00000000080088c2       0x1b build/ux_device_descriptors.o
 .rodata.usb_device_init.str1.1
                0x00000000080088dd       0x2f build/usb_device.o
                                         0x31 (size before relaxing)
 .rodata.str1.4
                0x000000000800890c       0x13 /usr/lib/gcc/arm-none-eabi/10.3.1/../../../arm-none-eabi/lib/thumb/v8-m.main+fp/hard/libc_nano.a(lib_a-nano-svfprintf.o)
 .rodata.str1.4
                0x000000000800891f       0x13 /usr/lib/gcc/arm-none-eabi/10.3.1/../../../arm-none-eabi/lib/thumb/v8-m.main+fp/hard/libc_nano.a(lib_a-nano-vfprintf.o)
 *fill*         0x000000000800891f        0x1 
 .rodata.str1.4
                0x0000000008008920       0x25 /usr/lib/gcc/arm-none-eabi/10.3.1/../../../arm-none-eabi/lib/thumb/v8-m.main+fp/hard/libc_nano.a(lib_a-nano-vfprintf_i.o)

.ARM.extab
 *(.ARM.extab* .gnu.linkonce.armextab.*)

.ARM            0x0000000008008945        0x0
                0x0000000008008945                __exidx_start = .
 *(.ARM.exidx*)
                0x0000000008008945                __exidx_end = .

.preinit_array  0x0000000008008945        0x0
                0x0000000008008945                PROVIDE (__preinit_array_start = .)
 *(.preinit_array*)
                0x0000000008008945                PROVIDE (__preinit_array_end = .)

.init_array     0x0000000008008948        0x4
                0x0000000008008948                PROVIDE (__init_array_start = .)
 *(SORT_BY_NAME(.init_array.*))
 *(.init_array*)
 .init_array    0x0000000008008948        0x4 /usr/lib/gcc/arm-none-eabi/10.3.1/thumb/v8-m.main+fp/hard/crtbegin.o
                0x000000000800894c                PROVIDE (__init_array_end = .)

.fini_array     0x000000000800894c        0x4
                0x000000000800894c                PROVIDE (__fini_array_start = .)
 *(SORT_BY_NAME(.fini_array.*))
 *(.fini_array*)
 .fini_array    0x000000000800894c        0x4 /usr/lib/gcc/arm-none-eabi/10.3.1/thumb/v8-m.main+fp/hard/crtbegin.o
                0x0000000008008950                PROVIDE (__fini_array_end = .)
                0x0000000008008950                _sidata = LOADADDR (.data)

.rel.dyn        0x0000000008008950        0x0
 .rel.iplt      0x0000000008008950        0x0 /usr/lib/gcc/arm-none-eabi/10.3.1/thumb/v8-m.main+fp/hard/crtbegin.o

.data           0x0000000020000000       0xb5 load address 0x0000000008008950
                0x0000000020000000                _sdata = .
 *(.data)
 .data          0x0000000020000000       0x64 /usr/lib/gcc/arm-none-eabi/10.3.1/../../../arm-none-eabi/lib/thumb/v8-m.main+fp/hard/libc_nano.a(lib_a-impure.o)
                0x0000000020000000                _impure_ptr
 *(.data*)
 .data.SystemCoreClock
                0x0000000020000064        0x4 build/system_stm32u5xx.o
                0x0000000020000064                SystemCoreClock
 .data._ux_system_bos_descriptor_structure
                0x0000000020000068        0x4 build/ux_system_initialize.o
                0x0000000020000068                _ux_system_bos_descriptor_structure
 .data._ux_system_configuration_descriptor_structure
                0x000000002000006c        0x8 build/ux_system_initialize.o
                0x000000002000006c                _ux_system_configuration_descriptor_structure
 .data._ux_system_device_descriptor_structure
                0x0000000020000074        0xe build/ux_system_initialize.o
                0x0000000020000074                _ux_system_device_descriptor_structure
 .data._ux_system_endpoint_descriptor_structure
                0x0000000020000082        0x6 build/ux_system_initialize.o
                0x0000000020000082                _ux_system_endpoint_descriptor_structure
 .data._ux_system_interface_descriptor_structure
                0x0000000020000088        0x9 build/ux_system_initialize.o
                0x0000000020000088                _ux_system_interface_descriptor_structure
 .data._ux_system_slave_class_cdc_acm_name
                0x0000000020000091       0x17 build/ux_device_stack_initialize.o
                0x0000000020000091                _ux_system_slave_class_cdc_acm_name
 .data._pwr_state
                0x00000000200000a8        0x1 build/cmd.o
 .data._wd_clr_enable
                0x00000000200000a9        0x1 build/wd.o
 .data.UserClassInstance
                0x00000000200000aa        0xb build/ux_device_descriptors.o
                0x00000000200000aa                UserClassInstance
 *(.RamFunc)
 *(.RamFunc*)
                0x00000000200000b5                _edata = .

.tm_clone_table
                0x00000000200000b8        0x0 load address 0x0000000008008a05
 .tm_clone_table
                0x00000000200000b8        0x0 /usr/lib/gcc/arm-none-eabi/10.3.1/thumb/v8-m.main+fp/hard/crtbegin.o
 .tm_clone_table
                0x00000000200000b8        0x0 /usr/lib/gcc/arm-none-eabi/10.3.1/thumb/v8-m.main+fp/hard/crtend.o

.igot.plt       0x00000000200000b8        0x0 load address 0x0000000008008a05
 .igot.plt      0x00000000200000b8        0x0 /usr/lib/gcc/arm-none-eabi/10.3.1/thumb/v8-m.main+fp/hard/crtbegin.o

.bss            0x00000000200000b8     0x4098 load address 0x0000000008008a05
                0x00000000200000b8                _sbss = .
                0x00000000200000b8                __bss_start__ = _sbss
 *(.bss)
 .bss           0x00000000200000b8       0x1c /usr/lib/gcc/arm-none-eabi/10.3.1/thumb/v8-m.main+fp/hard/crtbegin.o
 .bss           0x00000000200000d4        0x8 /usr/lib/gcc/arm-none-eabi/10.3.1/../../../arm-none-eabi/lib/thumb/v8-m.main+fp/hard/libc_nano.a(lib_a-nano-mallocr.o)
                0x00000000200000d4                __malloc_free_list
                0x00000000200000d8                __malloc_sbrk_start
 .bss           0x00000000200000dc        0x4 /usr/lib/gcc/arm-none-eabi/10.3.1/../../../arm-none-eabi/lib/thumb/v8-m.main+fp/hard/libc_nano.a(lib_a-reent.o)
                0x00000000200000dc                errno
 .bss           0x00000000200000e0        0x4 /usr/lib/gcc/arm-none-eabi/10.3.1/../../../arm-none-eabi/lib/thumb/v8-m.main+fp/hard/libnosys.a(sbrk.o)
 *(.bss*)
 .bss._ux_system
                0x00000000200000e4        0x4 build/ux_system_initialize.o
                0x00000000200000e4                _ux_system
 .bss._ux_system_slave
                0x00000000200000e8        0x4 build/ux_device_stack_initialize.o
                0x00000000200000e8                _ux_system_slave
 .bss._spi_cs_active
                0x00000000200000ec        0x1 build/main.o
 *fill*         0x00000000200000ed        0x3 
 .bss.led1      0x00000000200000f0       0x14 build/main.o
 .bss.main_spi_auto
                0x0000000020000104        0x1 build/main.o
                0x0000000020000104                main_spi_auto
 .bss.main_spi_get_resp
                0x0000000020000105        0x1 build/main.o
                0x0000000020000105                main_spi_get_resp
 .bss.main_spi_no_resp
                0x0000000020000106        0x1 build/main.o
                0x0000000020000106                main_spi_no_resp
 .bss.prev_state.0
                0x0000000020000107        0x1 build/main.o
 .bss.reset_type
                0x0000000020000108        0x1 build/main.o
 *fill*         0x0000000020000109        0x3 
 .bss._rx_callback
                0x000000002000010c        0x4 build/tty.o
                0x000000002000010c                _rx_callback
 .bss._usb_stream_buffer
                0x0000000020000110     0x1000 build/tty.o
 .bss._usb_stream_rd_ptr
                0x0000000020001110        0x4 build/tty.o
 .bss._usb_stream_wr_ptr
                0x0000000020001114        0x4 build/tty.o
 .bss.usb_rx_buf.1
                0x0000000020001118      0x404 build/tty.o
 .bss.Node_rx   0x000000002000151c       0x24 build/dma.o
 .bss.Node_tx   0x0000000020001540       0x24 build/dma.o
 .bss.Queue_rx  0x0000000020001564       0x18 build/dma.o
 .bss.Queue_tx  0x000000002000157c       0x18 build/dma.o
 .bss.handle_GPDMA1_Channel6
                0x0000000020001594       0x78 build/dma.o
 .bss.handle_GPDMA1_Channel7
                0x000000002000160c       0x78 build/dma.o
 *fill*         0x0000000020001684        0x4 
 .bss.timer_ms  0x0000000020001688        0x8 build/time.o
 .bss.u1        0x0000000020001690       0x30 build/uart.o
 .bss._spi1_cs_state
                0x00000000200016c0        0x1 build/spi.o
 .bss._spi_transfer_done
                0x00000000200016c1        0x1 build/spi.o
 *fill*         0x00000000200016c2        0x2 
 .bss.hspi1     0x00000000200016c4       0x90 build/spi.o
                0x00000000200016c4                hspi1
 .bss.CDC_VCP_LineCoding
                0x0000000020001754        0x8 build/ux_device_cdc_acm.o
                0x0000000020001754                CDC_VCP_LineCoding
 .bss._rx_handler
                0x000000002000175c        0x4 build/ux_device_cdc_acm.o
 .bss.acm_rx_buffer
                0x0000000020001760      0x200 build/ux_device_cdc_acm.o
 .bss.cdc_acm   0x0000000020001960        0x4 build/ux_device_cdc_acm.o
                0x0000000020001960                cdc_acm
 .bss.DevFrameWorkDesc_FS
                0x0000000020001964       0xc8 build/ux_device_descriptors.o
 .bss.DevFrameWorkDesc_HS
                0x0000000020001a2c       0xc8 build/ux_device_descriptors.o
 .bss.USBD_Device_FS
                0x0000000020001af4      0x128 build/ux_device_descriptors.o
                0x0000000020001af4                USBD_Device_FS
 .bss.USBD_Device_HS
                0x0000000020001c1c      0x128 build/ux_device_descriptors.o
                0x0000000020001c1c                USBD_Device_HS
 .bss.USBD_language_id_framework
                0x0000000020001d44        0x2 build/ux_device_descriptors.o
                0x0000000020001d44                USBD_language_id_framework
 *fill*         0x0000000020001d46        0x2 
 .bss.USBD_string_framework
                0x0000000020001d48      0x100 build/ux_device_descriptors.o
                0x0000000020001d48                USBD_string_framework
 .bss.buf.9     0x0000000020001e48       0x10 build/ux_device_descriptors.o
 .bss.pDevDesc.8
                0x0000000020001e58        0x4 build/ux_device_descriptors.o
 .bss.cdc_acm_configuration_number
                0x0000000020001e5c        0x4 build/usb_device.o
 .bss.cdc_acm_parameter
                0x0000000020001e60        0xc build/usb_device.o
 .bss.hpcd_usb_drd_fs
                0x0000000020001e6c      0x2e4 build/usb_device.o
                0x0000000020001e6c                hpcd_usb_drd_fs
 .bss.usb_mem_pool_buffer
                0x0000000020002150     0x2000 build/usb_device.o
 *(COMMON)
                0x0000000020004150                _ebss = .
                0x0000000020004150                __bss_end__ = _ebss

._user_heap_stack
                0x0000000020004150      0x600 load address 0x0000000008008a05
                0x0000000020004150                . = ALIGN (0x8)
                0x0000000020004150                PROVIDE (end = .)
                [!provide]                        PROVIDE (_end = .)
                0x0000000020004350                . = (. + _Min_Heap_Size)
 *fill*         0x0000000020004150      0x200 
                0x0000000020004750                . = (. + _Min_Stack_Size)
 *fill*         0x0000000020004350      0x400 
                0x0000000020004750                . = ALIGN (0x8)

/DISCARD/
 libc.a(*)
 libm.a(*)
 libgcc.a(*)

.ARM.attributes
                0x0000000000000000       0x36
 *(.ARM.attributes)
 .ARM.attributes
                0x0000000000000000       0x22 /usr/lib/gcc/arm-none-eabi/10.3.1/thumb/v8-m.main+fp/hard/crti.o
 .ARM.attributes
                0x0000000000000022       0x38 /usr/lib/gcc/arm-none-eabi/10.3.1/thumb/v8-m.main+fp/hard/crtbegin.o
 .ARM.attributes
                0x000000000000005a       0x3a build/system_stm32u5xx.o
 .ARM.attributes
                0x0000000000000094       0x3a build/stm32u5xx_ll_gpio.o
 .ARM.attributes
                0x00000000000000ce       0x3a build/stm32u5xx_ll_usb.o
 .ARM.attributes
                0x0000000000000108       0x3a build/stm32u5xx_ll_utils.o
 .ARM.attributes
                0x0000000000000142       0x3a build/stm32u5xx_hal_dma.o
 .ARM.attributes
                0x000000000000017c       0x3a build/stm32u5xx_hal_dma_ex.o
 .ARM.attributes
                0x00000000000001b6       0x3a build/stm32u5xx_hal_pcd.o
 .ARM.attributes
                0x00000000000001f0       0x3a build/stm32u5xx_hal_pcd_ex.o
 .ARM.attributes
                0x000000000000022a       0x3a build/stm32u5xx_hal_spi.o
 .ARM.attributes
                0x0000000000000264       0x3a build/stm32u5xx_hal_spi_ex.o
 .ARM.attributes
                0x000000000000029e       0x3a build/ux_dcd_stm32_callback.o
 .ARM.attributes
                0x00000000000002d8       0x3a build/ux_dcd_stm32_endpoint_create.o
 .ARM.attributes
                0x0000000000000312       0x3a build/ux_dcd_stm32_endpoint_destroy.o
 .ARM.attributes
                0x000000000000034c       0x3a build/ux_dcd_stm32_endpoint_reset.o
 .ARM.attributes
                0x0000000000000386       0x3a build/ux_dcd_stm32_endpoint_stall.o
 .ARM.attributes
                0x00000000000003c0       0x3a build/ux_dcd_stm32_endpoint_status.o
 .ARM.attributes
                0x00000000000003fa       0x3a build/ux_dcd_stm32_frame_number_get.o
 .ARM.attributes
                0x0000000000000434       0x3a build/ux_dcd_stm32_function.o
 .ARM.attributes
                0x000000000000046e       0x3a build/ux_dcd_stm32_initialize.o
 .ARM.attributes
                0x00000000000004a8       0x3a build/ux_dcd_stm32_initialize_complete.o
 .ARM.attributes
                0x00000000000004e2       0x3a build/ux_dcd_stm32_transfer_run.o
 .ARM.attributes
                0x000000000000051c       0x3a build/ux_dcd_stm32_transfer_abort.o
 .ARM.attributes
                0x0000000000000556       0x3a build/ux_utility_descriptor_parse.o
 .ARM.attributes
                0x0000000000000590       0x3a build/ux_utility_long_get.o
 .ARM.attributes
                0x00000000000005ca       0x3a build/ux_utility_long_put.o
 .ARM.attributes
                0x0000000000000604       0x3a build/ux_utility_memory_allocate.o
 .ARM.attributes
                0x000000000000063e       0x3a build/ux_utility_memory_allocate_mulc_safe.o
 .ARM.attributes
                0x0000000000000678       0x3a build/ux_utility_memory_copy.o
 .ARM.attributes
                0x00000000000006b2       0x3a build/ux_utility_memory_free.o
 .ARM.attributes
                0x00000000000006ec       0x3a build/ux_utility_memory_byte_pool_create.o
 .ARM.attributes
                0x0000000000000726       0x3a build/ux_utility_memory_byte_pool_search.o
 .ARM.attributes
                0x0000000000000760       0x3a build/ux_utility_memory_set.o
 .ARM.attributes
                0x000000000000079a       0x3a build/ux_utility_short_get.o
 .ARM.attributes
                0x00000000000007d4       0x3a build/ux_utility_string_length_check.o
 .ARM.attributes
                0x000000000000080e       0x3a build/ux_system_error_handler.o
 .ARM.attributes
                0x0000000000000848       0x3a build/ux_system_initialize.o
 .ARM.attributes
                0x0000000000000882       0x3a build/ux_device_stack_alternate_setting_get.o
 .ARM.attributes
                0x00000000000008bc       0x3a build/ux_device_stack_alternate_setting_set.o
 .ARM.attributes
                0x00000000000008f6       0x3a build/ux_device_stack_class_register.o
 .ARM.attributes
                0x0000000000000930       0x3a build/ux_device_stack_clear_feature.o
 .ARM.attributes
                0x000000000000096a       0x3a build/ux_device_stack_configuration_get.o
 .ARM.attributes
                0x00000000000009a4       0x3a build/ux_device_stack_configuration_set.o
 .ARM.attributes
                0x00000000000009de       0x3a build/ux_device_stack_control_request_process.o
 .ARM.attributes
                0x0000000000000a18       0x3a build/ux_device_stack_descriptor_send.o
 .ARM.attributes
                0x0000000000000a52       0x3a build/ux_device_stack_disconnect.o
 .ARM.attributes
                0x0000000000000a8c       0x3a build/ux_device_stack_endpoint_stall.o
 .ARM.attributes
                0x0000000000000ac6       0x3a build/ux_device_stack_get_status.o
 .ARM.attributes
                0x0000000000000b00       0x3a build/ux_device_stack_initialize.o
 .ARM.attributes
                0x0000000000000b3a       0x3a build/ux_device_stack_interface_delete.o
 .ARM.attributes
                0x0000000000000b74       0x3a build/ux_device_stack_interface_set.o
 .ARM.attributes
                0x0000000000000bae       0x3a build/ux_device_stack_interface_start.o
 .ARM.attributes
                0x0000000000000be8       0x3a build/ux_device_stack_set_feature.o
 .ARM.attributes
                0x0000000000000c22       0x3a build/ux_device_stack_transfer_abort.o
 .ARM.attributes
                0x0000000000000c5c       0x3a build/ux_device_stack_transfer_all_request_abort.o
 .ARM.attributes
                0x0000000000000c96       0x3a build/ux_device_stack_transfer_request.o
 .ARM.attributes
                0x0000000000000cd0       0x3a build/ux_device_stack_tasks_run.o
 .ARM.attributes
                0x0000000000000d0a       0x3a build/ux_device_stack_transfer_run.o
 .ARM.attributes
                0x0000000000000d44       0x3a build/ux_device_class_cdc_acm_activate.o
 .ARM.attributes
                0x0000000000000d7e       0x3a build/ux_device_class_cdc_acm_control_request.o
 .ARM.attributes
                0x0000000000000db8       0x3a build/ux_device_class_cdc_acm_deactivate.o
 .ARM.attributes
                0x0000000000000df2       0x3a build/ux_device_class_cdc_acm_entry.o
 .ARM.attributes
                0x0000000000000e2c       0x3a build/ux_device_class_cdc_acm_initialize.o
 .ARM.attributes
                0x0000000000000e66       0x3a build/ux_device_class_cdc_acm_ioctl.o
 .ARM.attributes
                0x0000000000000ea0       0x3a build/ux_device_class_cdc_acm_unitialize.o
 .ARM.attributes
                0x0000000000000eda       0x3a build/ux_device_class_cdc_acm_read_run.o
 .ARM.attributes
                0x0000000000000f14       0x3a build/ux_device_class_cdc_acm_write_run.o
 .ARM.attributes
                0x0000000000000f4e       0x3a build/main.o
 .ARM.attributes
                0x0000000000000f88       0x3a build/cmd.o
 .ARM.attributes
                0x0000000000000fc2       0x3a build/tty.o
 .ARM.attributes
                0x0000000000000ffc       0x3a build/led.o
 .ARM.attributes
                0x0000000000001036       0x3a build/dma.o
 .ARM.attributes
                0x0000000000001070       0x3a build/gpio.o
 .ARM.attributes
                0x00000000000010aa       0x3a build/irq.o
 .ARM.attributes
                0x00000000000010e4       0x3a build/reset.o
 .ARM.attributes
                0x000000000000111e       0x3a build/time.o
 .ARM.attributes
                0x0000000000001158       0x3a build/uart.o
 .ARM.attributes
                0x0000000000001192       0x3a build/sys.o
 .ARM.attributes
                0x00000000000011cc       0x3a build/wd.o
 .ARM.attributes
                0x0000000000001206       0x3a build/spi.o
 .ARM.attributes
                0x0000000000001240       0x3a build/util.o
 .ARM.attributes
                0x000000000000127a       0x3a build/ux_device_cdc_acm.o
 .ARM.attributes
                0x00000000000012b4       0x3a build/ux_device_descriptors.o
 .ARM.attributes
                0x00000000000012ee       0x3a build/usb_device.o
 .ARM.attributes
                0x0000000000001328       0x24 build/startup_stm32u535xx.o
 .ARM.attributes
                0x000000000000134c       0x38 /usr/lib/gcc/arm-none-eabi/10.3.1/../../../arm-none-eabi/lib/thumb/v8-m.main+fp/hard/libc_nano.a(lib_a-fflush.o)
 .ARM.attributes
                0x0000000000001384       0x38 /usr/lib/gcc/arm-none-eabi/10.3.1/../../../arm-none-eabi/lib/thumb/v8-m.main+fp/hard/libc_nano.a(lib_a-findfp.o)
 .ARM.attributes
                0x00000000000013bc       0x38 /usr/lib/gcc/arm-none-eabi/10.3.1/../../../arm-none-eabi/lib/thumb/v8-m.main+fp/hard/libc_nano.a(lib_a-fwalk.o)
 .ARM.attributes
                0x00000000000013f4       0x36 /usr/lib/gcc/arm-none-eabi/10.3.1/../../../arm-none-eabi/lib/thumb/v8-m.main+fp/hard/libc_nano.a(lib_a-impure.o)
 .ARM.attributes
                0x000000000000142a       0x38 /usr/lib/gcc/arm-none-eabi/10.3.1/../../../arm-none-eabi/lib/thumb/v8-m.main+fp/hard/libc_nano.a(lib_a-init.o)
 .ARM.attributes
                0x0000000000001462       0x38 /usr/lib/gcc/arm-none-eabi/10.3.1/../../../arm-none-eabi/lib/thumb/v8-m.main+fp/hard/libc_nano.a(lib_a-memmove.o)
 .ARM.attributes
                0x000000000000149a       0x38 /usr/lib/gcc/arm-none-eabi/10.3.1/../../../arm-none-eabi/lib/thumb/v8-m.main+fp/hard/libc_nano.a(lib_a-memset.o)
 .ARM.attributes
                0x00000000000014d2       0x38 /usr/lib/gcc/arm-none-eabi/10.3.1/../../../arm-none-eabi/lib/thumb/v8-m.main+fp/hard/libc_nano.a(lib_a-nano-freer.o)
 .ARM.attributes
                0x000000000000150a       0x38 /usr/lib/gcc/arm-none-eabi/10.3.1/../../../arm-none-eabi/lib/thumb/v8-m.main+fp/hard/libc_nano.a(lib_a-nano-mallocr.o)
 .ARM.attributes
                0x0000000000001542       0x38 /usr/lib/gcc/arm-none-eabi/10.3.1/../../../arm-none-eabi/lib/thumb/v8-m.main+fp/hard/libc_nano.a(lib_a-printf.o)
 .ARM.attributes
                0x000000000000157a       0x38 /usr/lib/gcc/arm-none-eabi/10.3.1/../../../arm-none-eabi/lib/thumb/v8-m.main+fp/hard/libc_nano.a(lib_a-puts.o)
 .ARM.attributes
                0x00000000000015b2       0x38 /usr/lib/gcc/arm-none-eabi/10.3.1/../../../arm-none-eabi/lib/thumb/v8-m.main+fp/hard/libc_nano.a(lib_a-sbrkr.o)
 .ARM.attributes
                0x00000000000015ea       0x38 /usr/lib/gcc/arm-none-eabi/10.3.1/../../../arm-none-eabi/lib/thumb/v8-m.main+fp/hard/libc_nano.a(lib_a-snprintf.o)
 .ARM.attributes
                0x0000000000001622       0x38 /usr/lib/gcc/arm-none-eabi/10.3.1/../../../arm-none-eabi/lib/thumb/v8-m.main+fp/hard/libc_nano.a(lib_a-stdio.o)
 .ARM.attributes
                0x000000000000165a       0x38 /usr/lib/gcc/arm-none-eabi/10.3.1/../../../arm-none-eabi/lib/thumb/v8-m.main+fp/hard/libc_nano.a(lib_a-strlen-stub.o)
 .ARM.attributes
                0x0000000000001692       0x38 /usr/lib/gcc/arm-none-eabi/10.3.1/../../../arm-none-eabi/lib/thumb/v8-m.main+fp/hard/libc_nano.a(lib_a-wbuf.o)
 .ARM.attributes
                0x00000000000016ca       0x38 /usr/lib/gcc/arm-none-eabi/10.3.1/../../../arm-none-eabi/lib/thumb/v8-m.main+fp/hard/libc_nano.a(lib_a-writer.o)
 .ARM.attributes
                0x0000000000001702       0x38 /usr/lib/gcc/arm-none-eabi/10.3.1/../../../arm-none-eabi/lib/thumb/v8-m.main+fp/hard/libc_nano.a(lib_a-wsetup.o)
 .ARM.attributes
                0x000000000000173a       0x38 /usr/lib/gcc/arm-none-eabi/10.3.1/../../../arm-none-eabi/lib/thumb/v8-m.main+fp/hard/libc_nano.a(lib_a-closer.o)
 .ARM.attributes
                0x0000000000001772       0x38 /usr/lib/gcc/arm-none-eabi/10.3.1/../../../arm-none-eabi/lib/thumb/v8-m.main+fp/hard/libc_nano.a(lib_a-lseekr.o)
 .ARM.attributes
                0x00000000000017aa       0x38 /usr/lib/gcc/arm-none-eabi/10.3.1/../../../arm-none-eabi/lib/thumb/v8-m.main+fp/hard/libc_nano.a(lib_a-makebuf.o)
 .ARM.attributes
                0x00000000000017e2       0x38 /usr/lib/gcc/arm-none-eabi/10.3.1/../../../arm-none-eabi/lib/thumb/v8-m.main+fp/hard/libc_nano.a(lib_a-mlock.o)
 .ARM.attributes
                0x000000000000181a       0x38 /usr/lib/gcc/arm-none-eabi/10.3.1/../../../arm-none-eabi/lib/thumb/v8-m.main+fp/hard/libc_nano.a(lib_a-nano-svfprintf.o)
 .ARM.attributes
                0x0000000000001852       0x38 /usr/lib/gcc/arm-none-eabi/10.3.1/../../../arm-none-eabi/lib/thumb/v8-m.main+fp/hard/libc_nano.a(lib_a-nano-vfprintf.o)
 .ARM.attributes
                0x000000000000188a       0x38 /usr/lib/gcc/arm-none-eabi/10.3.1/../../../arm-none-eabi/lib/thumb/v8-m.main+fp/hard/libc_nano.a(lib_a-nano-vfprintf_i.o)
 .ARM.attributes
                0x00000000000018c2       0x38 /usr/lib/gcc/arm-none-eabi/10.3.1/../../../arm-none-eabi/lib/thumb/v8-m.main+fp/hard/libc_nano.a(lib_a-readr.o)
 .ARM.attributes
                0x00000000000018fa       0x38 /usr/lib/gcc/arm-none-eabi/10.3.1/../../../arm-none-eabi/lib/thumb/v8-m.main+fp/hard/libc_nano.a(lib_a-reent.o)
 .ARM.attributes
                0x0000000000001932       0x38 /usr/lib/gcc/arm-none-eabi/10.3.1/../../../arm-none-eabi/lib/thumb/v8-m.main+fp/hard/libc_nano.a(lib_a-fstatr.o)
 .ARM.attributes
                0x000000000000196a       0x38 /usr/lib/gcc/arm-none-eabi/10.3.1/../../../arm-none-eabi/lib/thumb/v8-m.main+fp/hard/libc_nano.a(lib_a-fvwrite.o)
 .ARM.attributes
                0x00000000000019a2       0x38 /usr/lib/gcc/arm-none-eabi/10.3.1/../../../arm-none-eabi/lib/thumb/v8-m.main+fp/hard/libc_nano.a(lib_a-isattyr.o)
 .ARM.attributes
                0x00000000000019da       0x38 /usr/lib/gcc/arm-none-eabi/10.3.1/../../../arm-none-eabi/lib/thumb/v8-m.main+fp/hard/libc_nano.a(lib_a-memchr-stub.o)
 .ARM.attributes
                0x0000000000001a12       0x20 /usr/lib/gcc/arm-none-eabi/10.3.1/../../../arm-none-eabi/lib/thumb/v8-m.main+fp/hard/libc_nano.a(lib_a-memcpy.o)
 .ARM.attributes
                0x0000000000001a32       0x38 /usr/lib/gcc/arm-none-eabi/10.3.1/../../../arm-none-eabi/lib/thumb/v8-m.main+fp/hard/libc_nano.a(lib_a-nano-reallocr.o)
 .ARM.attributes
                0x0000000000001a6a       0x38 /usr/lib/gcc/arm-none-eabi/10.3.1/../../../arm-none-eabi/lib/thumb/v8-m.main+fp/hard/libc_nano.a(lib_a-nano-msizer.o)
 .ARM.attributes
                0x0000000000001aa2       0x38 /usr/lib/gcc/arm-none-eabi/10.3.1/../../../arm-none-eabi/lib/thumb/v8-m.main+fp/hard/libnosys.a(close.o)
 .ARM.attributes
                0x0000000000001ada       0x38 /usr/lib/gcc/arm-none-eabi/10.3.1/../../../arm-none-eabi/lib/thumb/v8-m.main+fp/hard/libnosys.a(fstat.o)
 .ARM.attributes
                0x0000000000001b12       0x38 /usr/lib/gcc/arm-none-eabi/10.3.1/../../../arm-none-eabi/lib/thumb/v8-m.main+fp/hard/libnosys.a(isatty.o)
 .ARM.attributes
                0x0000000000001b4a       0x38 /usr/lib/gcc/arm-none-eabi/10.3.1/../../../arm-none-eabi/lib/thumb/v8-m.main+fp/hard/libnosys.a(lseek.o)
 .ARM.attributes
                0x0000000000001b82       0x38 /usr/lib/gcc/arm-none-eabi/10.3.1/../../../arm-none-eabi/lib/thumb/v8-m.main+fp/hard/libnosys.a(sbrk.o)
 .ARM.attributes
                0x0000000000001bba       0x36 /usr/lib/gcc/arm-none-eabi/10.3.1/thumb/v8-m.main+fp/hard/crtend.o
 .ARM.attributes
                0x0000000000001bf0       0x22 /usr/lib/gcc/arm-none-eabi/10.3.1/thumb/v8-m.main+fp/hard/crtn.o
OUTPUT(build/app.elf elf32-littlearm)
LOAD linker stubs
LOAD /usr/lib/gcc/arm-none-eabi/10.3.1/../../../arm-none-eabi/lib/thumb/v8-m.main+fp/hard/libc.a
LOAD /usr/lib/gcc/arm-none-eabi/10.3.1/../../../arm-none-eabi/lib/thumb/v8-m.main+fp/hard/libm.a