Archive member included to satisfy reference by file (symbol)

/usr/lib/gcc/arm-none-eabi/10.3.1/../../../arm-none-eabi/lib/thumb/v7-m/nofp/libc_nano.a(lib_a-atexit.o)
                              /usr/lib/gcc/arm-none-eabi/10.3.1/../../../arm-none-eabi/lib/thumb/v7-m/nofp/crt0.o (atexit)
/usr/lib/gcc/arm-none-eabi/10.3.1/../../../arm-none-eabi/lib/thumb/v7-m/nofp/libc_nano.a(lib_a-exit.o)
                              /usr/lib/gcc/arm-none-eabi/10.3.1/../../../arm-none-eabi/lib/thumb/v7-m/nofp/crt0.o (exit)
/usr/lib/gcc/arm-none-eabi/10.3.1/../../../arm-none-eabi/lib/thumb/v7-m/nofp/libc_nano.a(lib_a-fflush.o)
                              build/main.o (fflush)
/usr/lib/gcc/arm-none-eabi/10.3.1/../../../arm-none-eabi/lib/thumb/v7-m/nofp/libc_nano.a(lib_a-findfp.o)
                              /usr/lib/gcc/arm-none-eabi/10.3.1/../../../arm-none-eabi/lib/thumb/v7-m/nofp/libc_nano.a(lib_a-fflush.o) (__sinit)
/usr/lib/gcc/arm-none-eabi/10.3.1/../../../arm-none-eabi/lib/thumb/v7-m/nofp/libc_nano.a(lib_a-fini.o)
                              /usr/lib/gcc/arm-none-eabi/10.3.1/../../../arm-none-eabi/lib/thumb/v7-m/nofp/crt0.o (__libc_fini_array)
/usr/lib/gcc/arm-none-eabi/10.3.1/../../../arm-none-eabi/lib/thumb/v7-m/nofp/libc_nano.a(lib_a-fwalk.o)
                              /usr/lib/gcc/arm-none-eabi/10.3.1/../../../arm-none-eabi/lib/thumb/v7-m/nofp/libc_nano.a(lib_a-findfp.o) (_fwalk)
/usr/lib/gcc/arm-none-eabi/10.3.1/../../../arm-none-eabi/lib/thumb/v7-m/nofp/libc_nano.a(lib_a-impure.o)
                              /usr/lib/gcc/arm-none-eabi/10.3.1/../../../arm-none-eabi/lib/thumb/v7-m/nofp/libc_nano.a(lib_a-exit.o) (_global_impure_ptr)
/usr/lib/gcc/arm-none-eabi/10.3.1/../../../arm-none-eabi/lib/thumb/v7-m/nofp/libc_nano.a(lib_a-init.o)
                              /usr/lib/gcc/arm-none-eabi/10.3.1/../../../arm-none-eabi/lib/thumb/v7-m/nofp/crt0.o (__libc_init_array)
/usr/lib/gcc/arm-none-eabi/10.3.1/../../../arm-none-eabi/lib/thumb/v7-m/nofp/libc_nano.a(lib_a-malloc.o)
                              build/buf.o (malloc)
/usr/lib/gcc/arm-none-eabi/10.3.1/../../../arm-none-eabi/lib/thumb/v7-m/nofp/libc_nano.a(lib_a-memcmp.o)
                              build/buf.o (memcmp)
/usr/lib/gcc/arm-none-eabi/10.3.1/../../../arm-none-eabi/lib/thumb/v7-m/nofp/libc_nano.a(lib_a-memset.o)
                              /usr/lib/gcc/arm-none-eabi/10.3.1/../../../arm-none-eabi/lib/thumb/v7-m/nofp/crt0.o (memset)
/usr/lib/gcc/arm-none-eabi/10.3.1/../../../arm-none-eabi/lib/thumb/v7-m/nofp/libc_nano.a(lib_a-nano-freer.o)
                              /usr/lib/gcc/arm-none-eabi/10.3.1/../../../arm-none-eabi/lib/thumb/v7-m/nofp/libc_nano.a(lib_a-fflush.o) (_free_r)
/usr/lib/gcc/arm-none-eabi/10.3.1/../../../arm-none-eabi/lib/thumb/v7-m/nofp/libc_nano.a(lib_a-nano-mallocr.o)
                              /usr/lib/gcc/arm-none-eabi/10.3.1/../../../arm-none-eabi/lib/thumb/v7-m/nofp/libc_nano.a(lib_a-findfp.o) (_malloc_r)
/usr/lib/gcc/arm-none-eabi/10.3.1/../../../arm-none-eabi/lib/thumb/v7-m/nofp/libc_nano.a(lib_a-printf.o)
                              build/main.o (printf)
/usr/lib/gcc/arm-none-eabi/10.3.1/../../../arm-none-eabi/lib/thumb/v7-m/nofp/libc_nano.a(lib_a-putchar.o)
                              build/cmd.o (putchar)
/usr/lib/gcc/arm-none-eabi/10.3.1/../../../arm-none-eabi/lib/thumb/v7-m/nofp/libc_nano.a(lib_a-puts.o)
                              build/main.o (puts)
/usr/lib/gcc/arm-none-eabi/10.3.1/../../../arm-none-eabi/lib/thumb/v7-m/nofp/libc_nano.a(lib_a-sbrkr.o)
                              /usr/lib/gcc/arm-none-eabi/10.3.1/../../../arm-none-eabi/lib/thumb/v7-m/nofp/libc_nano.a(lib_a-nano-mallocr.o) (_sbrk_r)
/usr/lib/gcc/arm-none-eabi/10.3.1/../../../arm-none-eabi/lib/thumb/v7-m/nofp/libc_nano.a(lib_a-stdio.o)
                              /usr/lib/gcc/arm-none-eabi/10.3.1/../../../arm-none-eabi/lib/thumb/v7-m/nofp/libc_nano.a(lib_a-findfp.o) (__sread)
/usr/lib/gcc/arm-none-eabi/10.3.1/../../../arm-none-eabi/lib/thumb/v7-m/nofp/libc_nano.a(lib_a-strcmp.o)
                              build/buf.o (strcmp)
/usr/lib/gcc/arm-none-eabi/10.3.1/../../../arm-none-eabi/lib/thumb/v7-m/nofp/libc_nano.a(lib_a-strlen-stub.o)
                              build/cmd.o (strlen)
/usr/lib/gcc/arm-none-eabi/10.3.1/../../../arm-none-eabi/lib/thumb/v7-m/nofp/libc_nano.a(lib_a-vsnprintf.o)
                              build/buf.o (vsnprintf)
/usr/lib/gcc/arm-none-eabi/10.3.1/../../../arm-none-eabi/lib/thumb/v7-m/nofp/libc_nano.a(lib_a-wbuf.o)
                              /usr/lib/gcc/arm-none-eabi/10.3.1/../../../arm-none-eabi/lib/thumb/v7-m/nofp/libc_nano.a(lib_a-puts.o) (__swbuf_r)
/usr/lib/gcc/arm-none-eabi/10.3.1/../../../arm-none-eabi/lib/thumb/v7-m/nofp/libc_nano.a(lib_a-writer.o)
                              /usr/lib/gcc/arm-none-eabi/10.3.1/../../../arm-none-eabi/lib/thumb/v7-m/nofp/libc_nano.a(lib_a-stdio.o) (_write_r)
[...]
Memory Configuration

Name             Origin             Length             Attributes
RAM              0x0000000020000000 0x0000000000005000 xrw
FLASH            0x0000000008000000 0x0000000000010000 xr
*default*        0x0000000000000000 0xffffffffffffffff

Linker script and memory map

LOAD /usr/lib/gcc/arm-none-eabi/10.3.1/thumb/v7-m/nofp/crti.o
LOAD /usr/lib/gcc/arm-none-eabi/10.3.1/thumb/v7-m/nofp/crtbegin.o
LOAD /usr/lib/gcc/arm-none-eabi/10.3.1/../../../arm-none-eabi/lib/thumb/v7-m/nofp/crt0.o
LOAD build/system_stm32f1xx.o
LOAD build/stm32f1xx_ll_adc.o
LOAD build/stm32f1xx_ll_dma.o
LOAD build/stm32f1xx_ll_exti.o
LOAD build/stm32f1xx_ll_gpio.o
LOAD build/stm32f1xx_ll_pwr.o
LOAD build/stm32f1xx_ll_rcc.o
LOAD build/stm32f1xx_ll_rtc.o
LOAD build/stm32f1xx_ll_spi.o
LOAD build/stm32f1xx_ll_tim.o
LOAD build/stm32f1xx_ll_usb.o
LOAD build/stm32f1xx_ll_utils.o
LOAD build/stm32f1xx_hal_cortex.o
LOAD build/stm32f1xx_hal_pcd.o
LOAD build/stm32f1xx_hal_pcd_ex.o
LOAD build/usbd_core.o
LOAD build/usbd_ctlreq.o
LOAD build/usbd_ioreq.o
LOAD build/usbd_cdc.o
LOAD build/main.o
LOAD build/cmd.o
LOAD build/tty.o
LOAD build/led.o
LOAD build/hw_info.o
LOAD build/dma.o
LOAD build/gpio.o
LOAD build/irq.o
LOAD build/reset.o
LOAD build/time.o
LOAD build/uart.o
LOAD build/sys.o
LOAD build/wd.o
LOAD build/spi.o
LOAD build/buf.o
LOAD build/util.o
LOAD build/usb_device.o
LOAD build/usbd_cdc_if.o
LOAD build/usbd_conf.o
LOAD build/usbd_desc.o
LOAD build/startup_stm32f103xb.o
LOAD /usr/lib/gcc/arm-none-eabi/10.3.1/../../../arm-none-eabi/lib/thumb/v7-m/nofp/libc_nano.a
LOAD /usr/lib/gcc/arm-none-eabi/10.3.1/../../../arm-none-eabi/lib/thumb/v7-m/nofp/libm.a
LOAD /usr/lib/gcc/arm-none-eabi/10.3.1/../../../arm-none-eabi/lib/thumb/v7-m/nofp/libnosys.a
START GROUP
LOAD /usr/lib/gcc/arm-none-eabi/10.3.1/thumb/v7-m/nofp/libgcc.a
LOAD /usr/lib/gcc/arm-none-eabi/10.3.1/../../../arm-none-eabi/lib/thumb/v7-m/nofp/libc_nano.a
END GROUP
START GROUP
LOAD /usr/lib/gcc/arm-none-eabi/10.3.1/thumb/v7-m/nofp/libgcc.a
LOAD /usr/lib/gcc/arm-none-eabi/10.3.1/../../../arm-none-eabi/lib/thumb/v7-m/nofp/libc_nano.a
END GROUP
LOAD /usr/lib/gcc/arm-none-eabi/10.3.1/thumb/v7-m/nofp/crtend.o
LOAD /usr/lib/gcc/arm-none-eabi/10.3.1/thumb/v7-m/nofp/crtn.o
                0x0000000020005000                _estack = 0x20005000
                0x0000000000000500                _Min_Heap_Size = 0x500
                0x0000000000000500                _Min_Stack_Size = 0x500

.isr_vector     0x0000000008000000      0x10c
                0x0000000008000000                . = ALIGN (0x4)
 *(.isr_vector)
 .isr_vector    0x0000000008000000      0x10c build/startup_stm32f103xb.o
                0x0000000008000000                g_pfnVectors
                0x000000000800010c                . = ALIGN (0x4)

.text           0x000000000800010c     0x5858
                0x000000000800010c                . = ALIGN (0x4)
 *(.text)
 .text          0x000000000800010c       0x88 /usr/lib/gcc/arm-none-eabi/10.3.1/thumb/v7-m/nofp/crtbegin.o
 .text          0x0000000008000194      0x1dc /usr/lib/gcc/arm-none-eabi/10.3.1/../../../arm-none-eabi/lib/thumb/v7-m/nofp/libc_nano.a(lib_a-fflush.o)
                0x0000000008000194                __sflush_r
                0x000000000800029c                _fflush_r
                0x00000000080002f0                fflush
 .text          0x0000000008000370      0x230 /usr/lib/gcc/arm-none-eabi/10.3.1/../../../arm-none-eabi/lib/thumb/v7-m/nofp/libc_nano.a(lib_a-findfp.o)
                0x0000000008000374                _cleanup_r
                0x0000000008000384                __sfmoreglue
                0x00000000080003b4                __sfp
                0x000000000800054c                _cleanup
                0x0000000008000560                __sinit
                0x0000000008000568                __sfp_lock_acquire
                0x000000000800056c                __sfp_lock_release
                0x0000000008000570                __sinit_lock_acquire
                0x0000000008000574                __sinit_lock_release
                0x0000000008000578                __fp_lock_all
                0x000000000800058c                __fp_unlock_all
 .text          0x00000000080005a0       0x88 /usr/lib/gcc/arm-none-eabi/10.3.1/../../../arm-none-eabi/lib/thumb/v7-m/nofp/libc_nano.a(lib_a-fwalk.o)
                0x00000000080005a0                _fwalk
                0x00000000080005e0                _fwalk_reent
 .text          0x0000000008000628       0x48 /usr/lib/gcc/arm-none-eabi/10.3.1/../../../arm-none-eabi/lib/thumb/v7-m/nofp/libc_nano.a(lib_a-init.o)
                0x0000000008000628                __libc_init_array
 .text          0x0000000008000670       0xa4 /usr/lib/gcc/arm-none-eabi/10.3.1/../../../arm-none-eabi/lib/thumb/v7-m/nofp/libc_nano.a(lib_a-memset.o)
                0x0000000008000670                memset
 .text          0x0000000008000714       0xcc /usr/lib/gcc/arm-none-eabi/10.3.1/../../../arm-none-eabi/lib/thumb/v7-m/nofp/libc_nano.a(lib_a-nano-freer.o)
                0x0000000008000714                _free_r
 .text          0x00000000080007e0       0xb8 /usr/lib/gcc/arm-none-eabi/10.3.1/../../../arm-none-eabi/lib/thumb/v7-m/nofp/libc_nano.a(lib_a-nano-mallocr.o)
                0x00000000080007e0                _malloc_r
 .text          0x0000000008000898       0x60 /usr/lib/gcc/arm-none-eabi/10.3.1/../../../arm-none-eabi/lib/thumb/v7-m/nofp/libc_nano.a(lib_a-printf.o)
                0x0000000008000898                _printf_r
                0x0000000008000898                _iprintf_r
                0x00000000080008c4                printf
                0x00000000080008c4                iprintf
 .text          0x00000000080008f8       0x58 /usr/lib/gcc/arm-none-eabi/10.3.1/../../../arm-none-eabi/lib/thumb/v7-m/nofp/libc_nano.a(lib_a-putchar.o)
                0x00000000080008f8                _putchar_r
                0x000000000800091c                putchar
 .text          0x0000000008000950       0xe0 /usr/lib/gcc/arm-none-eabi/10.3.1/../../../arm-none-eabi/lib/thumb/v7-m/nofp/libc_nano.a(lib_a-puts.o)
                0x0000000008000950                _puts_r
                0x0000000008000a20                puts
 .text          0x0000000008000a30       0x24 /usr/lib/gcc/arm-none-eabi/10.3.1/../../../arm-none-eabi/lib/thumb/v7-m/nofp/libc_nano.a(lib_a-sbrkr.o)
                0x0000000008000a30                _sbrk_r
 .text          0x0000000008000a54       0x90 /usr/lib/gcc/arm-none-eabi/10.3.1/../../../arm-none-eabi/lib/thumb/v7-m/nofp/libc_nano.a(lib_a-stdio.o)
                0x0000000008000a54                __sread
                0x0000000008000a78                __seofread
                0x0000000008000a7c                __swrite
                0x0000000008000abc                __sseek
                0x0000000008000adc                __sclose
 .text          0x0000000008000ae4       0x5c /usr/lib/gcc/arm-none-eabi/10.3.1/../../../arm-none-eabi/lib/thumb/v7-m/nofp/libc_nano.a(lib_a-strlen-stub.o)
                0x0000000008000ae4                strlen
 .text          0x0000000008000b40       0xc4 /usr/lib/gcc/arm-none-eabi/10.3.1/../../../arm-none-eabi/lib/thumb/v7-m/nofp/libc_nano.a(lib_a-wbuf.o)
                0x0000000008000b40                __swbuf_r
                0x0000000008000bf0                __swbuf
 .text          0x0000000008000c04       0x2c /usr/lib/gcc/arm-none-eabi/10.3.1/../../../arm-none-eabi/lib/thumb/v7-m/nofp/libc_nano.a(lib_a-writer.o)
                0x0000000008000c04                _write_r
 .text          0x0000000008000c30      0x104 /usr/lib/gcc/arm-none-eabi/10.3.1/../../../arm-none-eabi/lib/thumb/v7-m/nofp/libc_nano.a(lib_a-wsetup.o)
                0x0000000008000c30                __swsetup_r
 .text          0x0000000008000d34       0x24 /usr/lib/gcc/arm-none-eabi/10.3.1/../../../arm-none-eabi/lib/thumb/v7-m/nofp/libc_nano.a(lib_a-closer.o)
                0x0000000008000d34                _close_r
 .text          0x0000000008000d58       0x2c /usr/lib/gcc/arm-none-eabi/10.3.1/../../../arm-none-eabi/lib/thumb/v7-m/nofp/libc_nano.a(lib_a-lseekr.o)
                0x0000000008000d58                _lseek_r
 .text          0x0000000008000d84      0x11c /usr/lib/gcc/arm-none-eabi/10.3.1/../../../arm-none-eabi/lib/thumb/v7-m/nofp/libc_nano.a(lib_a-makebuf.o)
                0x0000000008000d84                __smakebuf_r
                0x0000000008000e44                __swhatbuf_r
 .text          0x0000000008000ea0        0x8 /usr/lib/gcc/arm-none-eabi/10.3.1/../../../arm-none-eabi/lib/thumb/v7-m/nofp/libc_nano.a(lib_a-mlock.o)
                0x0000000008000ea0                __malloc_lock
                0x0000000008000ea4                __malloc_unlock
 .text          0x0000000008000ea8      0x320 /usr/lib/gcc/arm-none-eabi/10.3.1/../../../arm-none-eabi/lib/thumb/v7-m/nofp/libc_nano.a(lib_a-nano-vfprintf.o)
                0x0000000008000ed0                __sfputs_r
                0x0000000008000f00                __sprint_r
                0x0000000008000f1c                _vfiprintf_r
                0x0000000008000f1c                _vfprintf_r
                0x00000000080011ac                vfiprintf
                0x00000000080011ac                vfprintf
 .text          0x00000000080011c8      0x3d8 /usr/lib/gcc/arm-none-eabi/10.3.1/../../../arm-none-eabi/lib/thumb/v7-m/nofp/libc_nano.a(lib_a-nano-vfprintf_i.o)
                0x00000000080011c8                _printf_common
                0x00000000080012f4                _printf_i
 .text          0x00000000080015a0      0x110 /usr/lib/gcc/arm-none-eabi/10.3.1/../../../arm-none-eabi/lib/thumb/v7-m/nofp/libc_nano.a(lib_a-putc.o)
                0x00000000080015a0                _putc_r
                0x0000000008001624                putc
 .text          0x00000000080016b0       0x2c /usr/lib/gcc/arm-none-eabi/10.3.1/../../../arm-none-eabi/lib/thumb/v7-m/nofp/libc_nano.a(lib_a-readr.o)
                0x00000000080016b0                _read_r
 .text          0x00000000080016dc       0x28 /usr/lib/gcc/arm-none-eabi/10.3.1/../../../arm-none-eabi/lib/thumb/v7-m/nofp/libc_nano.a(lib_a-fstatr.o)
                0x00000000080016dc                _fstat_r
 .text          0x0000000008001704      0x2f0 /usr/lib/gcc/arm-none-eabi/10.3.1/../../../arm-none-eabi/lib/thumb/v7-m/nofp/libc_nano.a(lib_a-fvwrite.o)
                0x0000000008001704                __sfvwrite_r
 .text          0x00000000080019f4       0x24 /usr/lib/gcc/arm-none-eabi/10.3.1/../../../arm-none-eabi/lib/thumb/v7-m/nofp/libc_nano.a(lib_a-isattyr.o)
                0x00000000080019f4                _isatty_r
 .text          0x0000000008001a18       0x90 /usr/lib/gcc/arm-none-eabi/10.3.1/../../../arm-none-eabi/lib/thumb/v7-m/nofp/libc_nano.a(lib_a-memchr-stub.o)
                0x0000000008001a18                memchr
 .text          0x0000000008001aa8       0xec /usr/lib/gcc/arm-none-eabi/10.3.1/../../../arm-none-eabi/lib/thumb/v7-m/nofp/libc_nano.a(lib_a-memcpy.o)
                0x0000000008001aa8                memcpy
 .text          0x0000000008001b94       0xf8 /usr/lib/gcc/arm-none-eabi/10.3.1/../../../arm-none-eabi/lib/thumb/v7-m/nofp/libc_nano.a(lib_a-memmove.o)
                0x0000000008001b94                memmove
 .text          0x0000000008001c8c       0x50 /usr/lib/gcc/arm-none-eabi/10.3.1/../../../arm-none-eabi/lib/thumb/v7-m/nofp/libc_nano.a(lib_a-nano-reallocr.o)
                0x0000000008001c8c                _realloc_r
 .text          0x0000000008001cdc       0x14 /usr/lib/gcc/arm-none-eabi/10.3.1/../../../arm-none-eabi/lib/thumb/v7-m/nofp/libc_nano.a(lib_a-nano-msizer.o)
                0x0000000008001cdc                _malloc_usable_size_r
 .text          0x0000000008001cf0       0x10 /usr/lib/gcc/arm-none-eabi/10.3.1/../../../arm-none-eabi/lib/thumb/v7-m/nofp/libnosys.a(close.o)
                0x0000000008001cf0                _close
 .text          0x0000000008001d00       0x10 /usr/lib/gcc/arm-none-eabi/10.3.1/../../../arm-none-eabi/lib/thumb/v7-m/nofp/libnosys.a(fstat.o)
                0x0000000008001d00                _fstat
 .text          0x0000000008001d10       0x10 /usr/lib/gcc/arm-none-eabi/10.3.1/../../../arm-none-eabi/lib/thumb/v7-m/nofp/libnosys.a(isatty.o)
                0x0000000008001d10                _isatty
 .text          0x0000000008001d20       0x10 /usr/lib/gcc/arm-none-eabi/10.3.1/../../../arm-none-eabi/lib/thumb/v7-m/nofp/libnosys.a(lseek.o)
                0x0000000008001d20                _lseek
 .text          0x0000000008001d30       0x1c /usr/lib/gcc/arm-none-eabi/10.3.1/../../../arm-none-eabi/lib/thumb/v7-m/nofp/libnosys.a(sbrk.o)
                0x0000000008001d30                _sbrk
 *(.text*)
 .text.SystemInit
                0x0000000008001d4c        0x2 build/system_stm32f1xx.o
                0x0000000008001d4c                SystemInit
 .text.LL_GPIO_Init
                0x0000000008001d4e      0x108 build/stm32f1xx_ll_gpio.o
                0x0000000008001d4e                LL_GPIO_Init
 .text.LL_SPI_Init
                0x0000000008001e56       0x60 build/stm32f1xx_ll_spi.o
                0x0000000008001e56                LL_SPI_Init
 .text.USB_CoreInit
                0x0000000008001eb6        0xe build/stm32f1xx_ll_usb.o
                0x0000000008001eb6                USB_CoreInit
 .text.USB_EnableGlobalInt
                0x0000000008001ec4       0x12 build/stm32f1xx_ll_usb.o
                0x0000000008001ec4                USB_EnableGlobalInt
 .text.USB_DisableGlobalInt
                0x0000000008001ed6       0x14 build/stm32f1xx_ll_usb.o
                0x0000000008001ed6                USB_DisableGlobalInt
 .text.USB_SetCurrentMode
                0x0000000008001eea        0x4 build/stm32f1xx_ll_usb.o
                0x0000000008001eea                USB_SetCurrentMode
 .text.USB_DevInit
                0x0000000008001eee       0x28 build/stm32f1xx_ll_usb.o
                0x0000000008001eee                USB_DevInit
 *fill*         0x0000000008001f16        0x2 
 .text.USB_ActivateEndpoint
                0x0000000008001f18      0x278 build/stm32f1xx_ll_usb.o
                0x0000000008001f18                USB_ActivateEndpoint
 .text.USB_DeactivateEndpoint
                0x0000000008002190      0x1a2 build/stm32f1xx_ll_usb.o
                0x0000000008002190                USB_DeactivateEndpoint
 .text.USB_EPSetStall
                0x0000000008002332       0x40 build/stm32f1xx_ll_usb.o
                0x0000000008002332                USB_EPSetStall
 .text.USB_EPClearStall
                0x0000000008002372       0x92 build/stm32f1xx_ll_usb.o
                0x0000000008002372                USB_EPClearStall
 .text.USB_SetDevAddress
                0x0000000008002404        0xc build/stm32f1xx_ll_usb.o
                0x0000000008002404                USB_SetDevAddress
 .text.USB_DevConnect
                0x0000000008002410        0x4 build/stm32f1xx_ll_usb.o
                0x0000000008002410                USB_DevConnect
 .text.USB_DevDisconnect
                0x0000000008002414        0x4 build/stm32f1xx_ll_usb.o
                0x0000000008002414                USB_DevDisconnect
 .text.USB_ReadInterrupts
                0x0000000008002418        0x8 build/stm32f1xx_ll_usb.o
                0x0000000008002418                USB_ReadInterrupts
 .text.USB_EP0_OutStart
                0x0000000008002420        0x4 build/stm32f1xx_ll_usb.o
                0x0000000008002420                USB_EP0_OutStart
 .text.USB_WritePMA
                0x0000000008002424       0x20 build/stm32f1xx_ll_usb.o
                0x0000000008002424                USB_WritePMA
 .text.USB_EPStartXfer
                0x0000000008002444      0x51c build/stm32f1xx_ll_usb.o
                0x0000000008002444                USB_EPStartXfer
 .text.USB_ReadPMA
                0x0000000008002960       0x38 build/stm32f1xx_ll_usb.o
                0x0000000008002960                USB_ReadPMA
 .text.LL_SetSystemCoreClock
                0x0000000008002998        0xc build/stm32f1xx_ll_utils.o
                0x0000000008002998                LL_SetSystemCoreClock
 .text.HAL_NVIC_SetPriority
                0x00000000080029a4       0x64 build/stm32f1xx_hal_cortex.o
                0x00000000080029a4                HAL_NVIC_SetPriority
 .text.HAL_NVIC_EnableIRQ
                0x0000000008002a08       0x1c build/stm32f1xx_hal_cortex.o
                0x0000000008002a08                HAL_NVIC_EnableIRQ
 .text.HAL_PCD_Init
                0x0000000008002a24       0xf2 build/stm32f1xx_hal_pcd.o
                0x0000000008002a24                HAL_PCD_Init
 .text.HAL_PCD_Start
                0x0000000008002b16       0x32 build/stm32f1xx_hal_pcd.o
                0x0000000008002b16                HAL_PCD_Start
 .text.HAL_PCD_SetAddress
                0x0000000008002b48       0x28 build/stm32f1xx_hal_pcd.o
                0x0000000008002b48                HAL_PCD_SetAddress
 .text.HAL_PCD_IRQHandler
                0x0000000008002b70      0x968 build/stm32f1xx_hal_pcd.o
                0x0000000008002b70                HAL_PCD_IRQHandler
 .text.HAL_PCD_EP_Open
                0x00000000080034d8       0x62 build/stm32f1xx_hal_pcd.o
                0x00000000080034d8                HAL_PCD_EP_Open
 .text.HAL_PCD_EP_Close
                0x000000000800353a       0x50 build/stm32f1xx_hal_pcd.o
                0x000000000800353a                HAL_PCD_EP_Close
 .text.HAL_PCD_EP_Receive
                0x000000000800358a       0x2e build/stm32f1xx_hal_pcd.o
                0x000000000800358a                HAL_PCD_EP_Receive
 .text.HAL_PCD_EP_GetRxCount
                0x00000000080035b8       0x10 build/stm32f1xx_hal_pcd.o
                0x00000000080035b8                HAL_PCD_EP_GetRxCount
 .text.HAL_PCD_EP_Transmit
                0x00000000080035c8       0x34 build/stm32f1xx_hal_pcd.o
                0x00000000080035c8                HAL_PCD_EP_Transmit
 .text.HAL_PCD_EP_SetStall
                0x00000000080035fc       0x68 build/stm32f1xx_hal_pcd.o
                0x00000000080035fc                HAL_PCD_EP_SetStall
 .text.HAL_PCD_EP_ClrStall
                0x0000000008003664       0x62 build/stm32f1xx_hal_pcd.o
                0x0000000008003664                HAL_PCD_EP_ClrStall
 .text.HAL_PCDEx_PMAConfig
                0x00000000080036c6       0x32 build/stm32f1xx_hal_pcd_ex.o
                0x00000000080036c6                HAL_PCDEx_PMAConfig
 .text.USBD_Init
                0x00000000080036f8       0x26 build/usbd_core.o
                0x00000000080036f8                USBD_Init
 .text.USBD_RegisterClass
                0x000000000800371e       0x2c build/usbd_core.o
                0x000000000800371e                USBD_RegisterClass
 .text.USBD_Start
                0x000000000800374a        0x4 build/usbd_core.o
                0x000000000800374a                USBD_Start
 .text.USBD_SetClassConfig
                0x000000000800374e        0xe build/usbd_core.o
                0x000000000800374e                USBD_SetClassConfig
 .text.USBD_ClrClassConfig
                0x000000000800375c       0x10 build/usbd_core.o
                0x000000000800375c                USBD_ClrClassConfig
 .text.USBD_LL_SetupStage
                0x000000000800376c       0x60 build/usbd_core.o
                0x000000000800376c                USBD_LL_SetupStage
 .text.USBD_LL_DataOutStage
                0x00000000080037cc       0x60 build/usbd_core.o
                0x00000000080037cc                USBD_LL_DataOutStage
 .text.USBD_LL_DataInStage
                0x000000000800382c       0x9a build/usbd_core.o
                0x000000000800382c                USBD_LL_DataInStage
 .text.USBD_LL_Reset
                0x00000000080038c6       0x58 build/usbd_core.o
                0x00000000080038c6                USBD_LL_Reset
 .text.USBD_LL_SetSpeed
                0x000000000800391e        0x6 build/usbd_core.o
                0x000000000800391e                USBD_LL_SetSpeed
 .text.USBD_LL_Suspend
                0x0000000008003924       0x14 build/usbd_core.o
                0x0000000008003924                USBD_LL_Suspend
 .text.USBD_LL_Resume
                0x0000000008003938       0x16 build/usbd_core.o
                0x0000000008003938                USBD_LL_Resume
 .text.USBD_LL_SOF
                0x000000000800394e       0x22 build/usbd_core.o
                0x000000000800394e                USBD_LL_SOF
 .text.USBD_CtlError.constprop.0
                0x0000000008003970       0x16 build/usbd_ctlreq.o
 *fill*         0x0000000008003986        0x2 
 .text.USBD_StdDevReq
                0x0000000008003988      0x288 build/usbd_ctlreq.o
                0x0000000008003988                USBD_StdDevReq
 .text.USBD_StdItfReq
                0x0000000008003c10       0x4c build/usbd_ctlreq.o
                0x0000000008003c10                USBD_StdItfReq
 .text.USBD_StdEPReq
                0x0000000008003c5c      0x122 build/usbd_ctlreq.o
                0x0000000008003c5c                USBD_StdEPReq
 .text.USBD_ParseSetupRequest
                0x0000000008003d7e       0x16 build/usbd_ctlreq.o
                0x0000000008003d7e                USBD_ParseSetupRequest
 .text.USBD_CtlError
                0x0000000008003d94       0x16 build/usbd_ctlreq.o
                0x0000000008003d94                USBD_CtlError
 .text.USBD_GetString
                0x0000000008003daa       0x38 build/usbd_ctlreq.o
                0x0000000008003daa                USBD_GetString
 .text.USBD_CtlSendData
                0x0000000008003de2       0x1a build/usbd_ioreq.o
                0x0000000008003de2                USBD_CtlSendData
 .text.USBD_CtlContinueSendData
                0x0000000008003dfc       0x10 build/usbd_ioreq.o
                0x0000000008003dfc                USBD_CtlContinueSendData
 .text.USBD_CtlPrepareRx
                0x0000000008003e0c       0x1a build/usbd_ioreq.o
                0x0000000008003e0c                USBD_CtlPrepareRx
 .text.USBD_CtlContinueRx
                0x0000000008003e26       0x10 build/usbd_ioreq.o
                0x0000000008003e26                USBD_CtlContinueRx
 .text.USBD_CtlSendStatus
                0x0000000008003e36       0x16 build/usbd_ioreq.o
                0x0000000008003e36                USBD_CtlSendStatus
 .text.USBD_CtlReceiveStatus
                0x0000000008003e4c       0x16 build/usbd_ioreq.o
                0x0000000008003e4c                USBD_CtlReceiveStatus
 .text.USBD_CDC_EP0_RxReady
                0x0000000008003e62       0x2e build/usbd_cdc.o
 .text.USBD_CDC_GetFSCfgDesc
                0x0000000008003e90        0xc build/usbd_cdc.o
 .text.USBD_CDC_GetHSCfgDesc
                0x0000000008003e9c        0xc build/usbd_cdc.o
 .text.USBD_CDC_GetOtherSpeedCfgDesc
                0x0000000008003ea8        0xc build/usbd_cdc.o
 .text.USBD_CDC_GetDeviceQualifierDescriptor
                0x0000000008003eb4        0xc build/usbd_cdc.o
                0x0000000008003eb4                USBD_CDC_GetDeviceQualifierDescriptor
 .text.USBD_CDC_DataOut
                0x0000000008003ec0       0x2a build/usbd_cdc.o
 .text.USBD_CDC_DataIn
                0x0000000008003eea       0x5e build/usbd_cdc.o
 .text.USBD_CDC_Setup
                0x0000000008003f48       0xf8 build/usbd_cdc.o
 .text.USBD_CDC_DeInit
                0x0000000008004040       0x42 build/usbd_cdc.o
 .text.USBD_CDC_Init
                0x0000000008004082       0xae build/usbd_cdc.o
 .text.USBD_CDC_RegisterInterface
                0x0000000008004130        0xe build/usbd_cdc.o
                0x0000000008004130                USBD_CDC_RegisterInterface
 .text.USBD_CDC_SetTxBuffer
                0x000000000800413e       0x16 build/usbd_cdc.o
                0x000000000800413e                USBD_CDC_SetTxBuffer
 .text.USBD_CDC_SetRxBuffer
                0x0000000008004154       0x12 build/usbd_cdc.o
                0x0000000008004154                USBD_CDC_SetRxBuffer
 .text.USBD_CDC_TransmitPacket
                0x0000000008004166       0x30 build/usbd_cdc.o
                0x0000000008004166                USBD_CDC_TransmitPacket
 .text.USBD_CDC_ReceivePacket
                0x0000000008004196       0x2e build/usbd_cdc.o
                0x0000000008004196                USBD_CDC_ReceivePacket
 .text._led1_on
                0x00000000080041c4       0x10 build/main.o
 .text._led1_off
                0x00000000080041d4       0x10 build/main.o
 .text._parse_hex
                0x00000000080041e4       0xc8 build/main.o
 .text._tty_rx_parser
                0x00000000080042ac       0x2c build/main.o
 .text._spi_auto_task
                0x00000000080042d8       0xa0 build/main.o
 .text.Error_Handler
                0x0000000008004378       0x20 build/main.o
                0x0000000008004378                Error_Handler
 .text.startup.main
                0x0000000008004398      0x264 build/main.o
                0x0000000008004398                main
 .text._skip_spaces
                0x00000000080045fc       0x10 build/cmd.o
 .text._cmd_ver
                0x000000000800460c       0x28 build/cmd.o
 .text._cmd_pwr
                0x0000000008004634       0x24 build/cmd.o
 .text._cmd_id  0x0000000008004658       0x1c build/cmd.o
 .text._cmd_help
                0x0000000008004674       0x4c build/cmd.o
 .text._cmd_gpo
                0x00000000080046c0       0x28 build/cmd.o
 .text._cmd_error
                0x00000000080046e8        0xc build/cmd.o
 .text._cmd_sn  0x00000000080046f4       0x38 build/cmd.o
 .text._cmd_reset
                0x000000000800472c       0x20 build/cmd.o
 .text._cmd_cs  0x000000000800474c       0x24 build/cmd.o
 .text._cmd_clkdiv
                0x0000000008004770       0x24 build/cmd.o
 .text._cmd_auto
                0x0000000008004794       0x44 build/cmd.o
 .text.LL_GPIO_SetPinMode.constprop.0
                0x00000000080047d8       0x36 build/cmd.o
 *fill*         0x000000000800480e        0x2 
 .text._cmd_pwr_set
                0x0000000008004810       0x60 build/cmd.o
 .text._cmd_auto_set
                0x0000000008004870       0xa8 build/cmd.o
 .text._cmd_cs_set
                0x0000000008004918       0x30 build/cmd.o
 .text.parse_number
                0x0000000008004948       0x3c build/cmd.o
                0x0000000008004948                parse_number
 .text._cmd_clkdiv_set
                0x0000000008004984       0x28 build/cmd.o
 .text.cmd_parse
                0x00000000080049ac       0xc0 build/cmd.o
                0x00000000080049ac                cmd_parse
 .text._usb_send_data
                0x0000000008004a6c       0x3c build/tty.o
 .text._write   0x0000000008004aa8       0x10 build/tty.o
                0x0000000008004aa8                _write
 .text._read    0x0000000008004ab8        0x4 build/tty.o
                0x0000000008004ab8                _read
 .text._usb_getchar
                0x0000000008004abc       0x30 build/tty.o
                0x0000000008004abc                _usb_getchar
 .text._rx_feed
                0x0000000008004aec       0x4c build/tty.o
                0x0000000008004aec                _rx_feed
 .text.tty_rx_task
                0x0000000008004b38       0x1c build/tty.o
                0x0000000008004b38                tty_rx_task
 .text.tty_put_text
                0x0000000008004b54       0x1c build/tty.o
                0x0000000008004b54                tty_put_text
 .text._usb_rx_handler
                0x0000000008004b70       0x48 build/tty.o
 .text.tty_init
                0x0000000008004bb8       0x18 build/tty.o
                0x0000000008004bb8                tty_init
 .text.led_init
                0x0000000008004bd0        0xe build/led.o
                0x0000000008004bd0                led_init
 .text.led_cyclic_sequence
                0x0000000008004bde       0x26 build/led.o
                0x0000000008004bde                led_cyclic_sequence
 .text.led_tick
                0x0000000008004c04       0x2c build/led.o
                0x0000000008004c04                led_tick
 .text.dma_init
                0x0000000008004c30       0x20 build/dma.o
                0x0000000008004c30                dma_init
 .text.dma_init_spi_rx
                0x0000000008004c50       0x24 build/dma.o
                0x0000000008004c50                dma_init_spi_rx
 .text.dma_init_spi_tx
                0x0000000008004c74       0x24 build/dma.o
                0x0000000008004c74                dma_init_spi_tx
 .text.dma_spi_rx_start
                0x0000000008004c98       0x28 build/dma.o
                0x0000000008004c98                dma_spi_rx_start
 .text.dma_spi_tx_start
                0x0000000008004cc0       0x28 build/dma.o
                0x0000000008004cc0                dma_spi_tx_start
 .text.dma_spi_rx_done
                0x0000000008004ce8        0xc build/dma.o
                0x0000000008004ce8                dma_spi_rx_done
 .text.DMA1_Channel2_IRQHandler
                0x0000000008004cf4       0x54 build/dma.o
                0x0000000008004cf4                DMA1_Channel2_IRQHandler
 .text.DMA1_Channel3_IRQHandler
                0x0000000008004d48       0x54 build/dma.o
                0x0000000008004d48                DMA1_Channel3_IRQHandler
 .text.LL_APB2_GRP1_EnableClock
                0x0000000008004d9c       0x1c build/gpio.o
 .text.gpio_pin_init
                0x0000000008004db8       0x44 build/gpio.o
                0x0000000008004db8                gpio_pin_init
 .text.gpio_init
                0x0000000008004dfc       0x24 build/gpio.o
                0x0000000008004dfc                gpio_init
 .text.irq_enable
                0x0000000008004e20       0x68 build/irq.o
                0x0000000008004e20                irq_enable
 .text.reset_get_type
                0x0000000008004e88       0x30 build/reset.o
                0x0000000008004e88                reset_get_type
 .text.reset_clear
                0x0000000008004eb8       0x20 build/reset.o
                0x0000000008004eb8                reset_clear
 .text._get_timer_time
                0x0000000008004ed8       0x34 build/time.o
 .text.TIM2_IRQHandler
                0x0000000008004f0c       0x28 build/time.o
                0x0000000008004f0c                TIM2_IRQHandler
 .text.timer_init
                0x0000000008004f34       0x4c build/time.o
                0x0000000008004f34                timer_init
 .text.timer_get_time
                0x0000000008004f80        0xc build/time.o
                0x0000000008004f80                timer_get_time
 .text.time_delay_ms
                0x0000000008004f8c       0x24 build/time.o
                0x0000000008004f8c                time_delay_ms
 .text.u2_tx    0x0000000008004fb0       0x38 build/uart.o
                0x0000000008004fb0                u2_tx
 .text.USART2_IRQHandler
                0x0000000008004fe8       0x88 build/uart.o
                0x0000000008004fe8                USART2_IRQHandler
 .text.sys_init
                0x0000000008005070       0x54 build/sys.o
                0x0000000008005070                sys_init
 .text.sys_clock_config
                0x00000000080050c4       0xa4 build/sys.o
                0x00000000080050c4                sys_clock_config
 .text.sys_usb_clock_config
                0x0000000008005168       0x10 build/sys.o
                0x0000000008005168                sys_usb_clock_config
 .text.wd_init  0x0000000008005178        0x2 build/wd.o
                0x0000000008005178                wd_init
 *fill*         0x000000000800517a        0x2 
 .text.wd_run   0x000000000800517c       0x2c build/wd.o
                0x000000000800517c                wd_run
 .text.wd_reset
                0x00000000080051a8       0x44 build/wd.o
                0x00000000080051a8                wd_reset
 .text.wd_feed  0x00000000080051ec       0x18 build/wd.o
                0x00000000080051ec                wd_feed
 .text.spi1_get_prescaler
                0x0000000008005204       0x18 build/spi.o
                0x0000000008005204                spi1_get_prescaler
 .text.spi1_set_prescaler
                0x000000000800521c       0x58 build/spi.o
                0x000000000800521c                spi1_set_prescaler
 .text.spi1_init
                0x0000000008005274       0xcc build/spi.o
                0x0000000008005274                spi1_init
 .text.spi1_data_transfer
                0x0000000008005340       0x34 build/spi.o
                0x0000000008005340                spi1_data_transfer
 .text.spi1_flush
                0x0000000008005374       0x10 build/spi.o
                0x0000000008005374                spi1_flush
 .text.spi1_transfer
                0x0000000008005384       0x1c build/spi.o
                0x0000000008005384                spi1_transfer
 .text.spi1_cs_state
                0x00000000080053a0        0xc build/spi.o
                0x00000000080053a0                spi1_cs_state
 .text.spi1_cs  0x00000000080053ac       0x20 build/spi.o
                0x00000000080053ac                spi1_cs
 .text._hex_to_bin
                0x00000000080053cc       0x2c build/util.o
 .text.strnicmp
                0x00000000080053f8       0x4c build/util.o
                0x00000000080053f8                strnicmp
 .text.is_char  0x0000000008005444       0x24 build/util.o
                0x0000000008005444                is_char
 .text.hex_to_bin
                0x0000000008005468       0x3a build/util.o
                0x0000000008005468                hex_to_bin
 *fill*         0x00000000080054a2        0x2 
 .text.usb_device_init
                0x00000000080054a4       0x70 build/usb_device.o
                0x00000000080054a4                usb_device_init
 .text.usb_device_connected
                0x0000000008005514       0x20 build/usb_device.o
                0x0000000008005514                usb_device_connected
 .text.USB_LP_CAN1_RX0_IRQHandler
                0x0000000008005534        0xc build/usb_device.o
                0x0000000008005534                USB_LP_CAN1_RX0_IRQHandler
 .text.CDC_DeInit_FS
                0x0000000008005540        0x4 build/usbd_cdc_if.o
 .text.CDC_Control_FS
                0x0000000008005544        0x4 build/usbd_cdc_if.o
 .text.CDC_Receive_FS
                0x0000000008005548       0x28 build/usbd_cdc_if.o
 .text.CDC_Init_FS
                0x0000000008005570       0x28 build/usbd_cdc_if.o
 .text.usbd_cdc_rx_init
                0x0000000008005598        0xc build/usbd_cdc_if.o
                0x0000000008005598                usbd_cdc_rx_init
 .text.usbd_cdc_tx
                0x00000000080055a4       0x2c build/usbd_cdc_if.o
                0x00000000080055a4                usbd_cdc_tx
 .text.usbd_cdc_tx_busy
                0x00000000080055d0       0x18 build/usbd_cdc_if.o
                0x00000000080055d0                usbd_cdc_tx_busy
 .text.USBD_Get_USB_Status
                0x00000000080055e8       0x10 build/usbd_conf.o
 .text.HAL_PCD_MspInit
                0x00000000080055f8       0x40 build/usbd_conf.o
                0x00000000080055f8                HAL_PCD_MspInit
 .text.HAL_PCD_SetupStageCallback
                0x0000000008005638        0xc build/usbd_conf.o
                0x0000000008005638                HAL_PCD_SetupStageCallback
 .text.HAL_PCD_DataOutStageCallback
                0x0000000008005644       0x12 build/usbd_conf.o
                0x0000000008005644                HAL_PCD_DataOutStageCallback
 .text.HAL_PCD_DataInStageCallback
                0x0000000008005656       0x10 build/usbd_conf.o
                0x0000000008005656                HAL_PCD_DataInStageCallback
 .text.HAL_PCD_SOFCallback
                0x0000000008005666        0x8 build/usbd_conf.o
                0x0000000008005666                HAL_PCD_SOFCallback
 .text.HAL_PCD_ResetCallback
                0x000000000800566e       0x24 build/usbd_conf.o
                0x000000000800566e                HAL_PCD_ResetCallback
 *fill*         0x0000000008005692        0x2 
 .text.HAL_PCD_SuspendCallback
                0x0000000008005694       0x20 build/usbd_conf.o
                0x0000000008005694                HAL_PCD_SuspendCallback
 .text.HAL_PCD_ResumeCallback
                0x00000000080056b4        0x8 build/usbd_conf.o
                0x00000000080056b4                HAL_PCD_ResumeCallback
 .text.USBD_LL_Init
                0x00000000080056bc       0x84 build/usbd_conf.o
                0x00000000080056bc                USBD_LL_Init
 .text.USBD_LL_Start
                0x0000000008005740       0x12 build/usbd_conf.o
                0x0000000008005740                USBD_LL_Start
 .text.USBD_LL_OpenEP
                0x0000000008005752       0x18 build/usbd_conf.o
                0x0000000008005752                USBD_LL_OpenEP
 .text.USBD_LL_CloseEP
                0x000000000800576a       0x12 build/usbd_conf.o
                0x000000000800576a                USBD_LL_CloseEP
 .text.USBD_LL_StallEP
                0x000000000800577c       0x12 build/usbd_conf.o
                0x000000000800577c                USBD_LL_StallEP
 .text.USBD_LL_ClearStallEP
                0x000000000800578e       0x12 build/usbd_conf.o
                0x000000000800578e                USBD_LL_ClearStallEP
 .text.USBD_LL_IsStallEP
                0x00000000080057a0       0x24 build/usbd_conf.o
                0x00000000080057a0                USBD_LL_IsStallEP
 .text.USBD_LL_SetUSBAddress
                0x00000000080057c4       0x12 build/usbd_conf.o
                0x00000000080057c4                USBD_LL_SetUSBAddress
 .text.USBD_LL_Transmit
                0x00000000080057d6       0x12 build/usbd_conf.o
                0x00000000080057d6                USBD_LL_Transmit
 .text.USBD_LL_PrepareReceive
                0x00000000080057e8       0x12 build/usbd_conf.o
                0x00000000080057e8                USBD_LL_PrepareReceive
 .text.USBD_LL_GetRxDataSize
                0x00000000080057fa        0x8 build/usbd_conf.o
                0x00000000080057fa                USBD_LL_GetRxDataSize
 *fill*         0x0000000008005802        0x2 
 .text.USBD_static_malloc
                0x0000000008005804        0x8 build/usbd_conf.o
                0x0000000008005804                USBD_static_malloc
 .text.USBD_static_free
                0x000000000800580c        0x2 build/usbd_conf.o
                0x000000000800580c                USBD_static_free
 .text.HAL_PCDEx_SetConnectionState
                0x000000000800580e        0x2 build/usbd_conf.o
                0x000000000800580e                HAL_PCDEx_SetConnectionState
 .text.USBD_FS_DeviceDescriptor
                0x0000000008005810        0xc build/usbd_desc.o
                0x0000000008005810                USBD_FS_DeviceDescriptor
 .text.USBD_FS_LangIDStrDescriptor
                0x000000000800581c        0xc build/usbd_desc.o
                0x000000000800581c                USBD_FS_LangIDStrDescriptor
 .text.IntToUnicode
                0x0000000008005828       0x2a build/usbd_desc.o
 *fill*         0x0000000008005852        0x2 
 .text.USBD_FS_SerialStrDescriptor
                0x0000000008005854       0x3c build/usbd_desc.o
                0x0000000008005854                USBD_FS_SerialStrDescriptor
 .text.USBD_FS_ManufacturerStrDescriptor
                0x0000000008005890       0x1c build/usbd_desc.o
                0x0000000008005890                USBD_FS_ManufacturerStrDescriptor
 .text.USBD_FS_ProductStrDescriptor
                0x00000000080058ac       0x1c build/usbd_desc.o
                0x00000000080058ac                USBD_FS_ProductStrDescriptor
 .text.USBD_FS_ConfigStrDescriptor
                0x00000000080058c8       0x1c build/usbd_desc.o
                0x00000000080058c8                USBD_FS_ConfigStrDescriptor
 .text.USBD_FS_InterfaceStrDescriptor
                0x00000000080058e4       0x1c build/usbd_desc.o
                0x00000000080058e4                USBD_FS_InterfaceStrDescriptor
 .text.Reset_Handler
                0x0000000008005900       0x48 build/startup_stm32f103xb.o
                0x0000000008005900                Reset_Handler
 .text.Default_Handler
                0x0000000008005948        0x2 build/startup_stm32f103xb.o
                0x0000000008005948                RTC_Alarm_IRQHandler
                0x0000000008005948                EXTI2_IRQHandler
                0x0000000008005948                DebugMon_Handler
                0x0000000008005948                TIM1_CC_IRQHandler
                0x0000000008005948                HardFault_Handler
                0x0000000008005948                SysTick_Handler
                0x0000000008005948                PVD_IRQHandler
                0x0000000008005948                PendSV_Handler
                0x0000000008005948                NMI_Handler
                0x0000000008005948                EXTI3_IRQHandler
                0x0000000008005948                EXTI0_IRQHandler
                0x0000000008005948                I2C2_EV_IRQHandler
                0x0000000008005948                UsageFault_Handler
                0x0000000008005948                ADC1_2_IRQHandler
                0x0000000008005948                SPI1_IRQHandler
                0x0000000008005948                TAMPER_IRQHandler
                0x0000000008005948                DMA1_Channel4_IRQHandler
                0x0000000008005948                USART3_IRQHandler
                0x0000000008005948                RTC_IRQHandler
                0x0000000008005948                DMA1_Channel7_IRQHandler
                0x0000000008005948                CAN1_RX1_IRQHandler
                0x0000000008005948                TIM4_IRQHandler
                0x0000000008005948                I2C1_EV_IRQHandler
                0x0000000008005948                DMA1_Channel6_IRQHandler
                0x0000000008005948                TIM3_IRQHandler
                0x0000000008005948                RCC_IRQHandler
                0x0000000008005948                TIM1_TRG_COM_IRQHandler
                0x0000000008005948                DMA1_Channel1_IRQHandler
                0x0000000008005948                Default_Handler
                0x0000000008005948                EXTI15_10_IRQHandler
                0x0000000008005948                EXTI9_5_IRQHandler
                0x0000000008005948                SPI2_IRQHandler
                0x0000000008005948                MemManage_Handler
                0x0000000008005948                SVC_Handler
                0x0000000008005948                DMA1_Channel5_IRQHandler
                0x0000000008005948                EXTI4_IRQHandler
                0x0000000008005948                USB_HP_CAN1_TX_IRQHandler
                0x0000000008005948                TIM1_UP_IRQHandler
                0x0000000008005948                WWDG_IRQHandler
                0x0000000008005948                TIM1_BRK_IRQHandler
                0x0000000008005948                EXTI1_IRQHandler
                0x0000000008005948                I2C2_ER_IRQHandler
                0x0000000008005948                CAN1_SCE_IRQHandler
                0x0000000008005948                FLASH_IRQHandler
                0x0000000008005948                BusFault_Handler
                0x0000000008005948                USART1_IRQHandler
                0x0000000008005948                I2C1_ER_IRQHandler
                0x0000000008005948                USBWakeUp_IRQHandler
 *(.glue_7)
 .glue_7        0x000000000800594a        0x0 linker stubs
 *(.glue_7t)
 .glue_7t       0x000000000800594a        0x0 linker stubs
 *(.eh_frame)
 *fill*         0x000000000800594a        0x2 
 .eh_frame      0x000000000800594c        0x0 /usr/lib/gcc/arm-none-eabi/10.3.1/thumb/v7-m/nofp/crtbegin.o
 *(.init)
 .init          0x000000000800594c        0x4 /usr/lib/gcc/arm-none-eabi/10.3.1/thumb/v7-m/nofp/crti.o
                0x000000000800594c                _init
 .init          0x0000000008005950        0x8 /usr/lib/gcc/arm-none-eabi/10.3.1/thumb/v7-m/nofp/crtn.o
 *(.fini)
 .fini          0x0000000008005958        0x4 /usr/lib/gcc/arm-none-eabi/10.3.1/thumb/v7-m/nofp/crti.o
                0x0000000008005958                _fini
 .fini          0x000000000800595c        0x8 /usr/lib/gcc/arm-none-eabi/10.3.1/thumb/v7-m/nofp/crtn.o
                0x0000000008005964                . = ALIGN (0x4)
                0x0000000008005964                _etext = .

.vfp11_veneer   0x0000000008005964        0x0
 .vfp11_veneer  0x0000000008005964        0x0 linker stubs

.v4_bx          0x0000000008005964        0x0
 .v4_bx         0x0000000008005964        0x0 linker stubs

.iplt           0x0000000008005964        0x0
 .iplt          0x0000000008005964        0x0 /usr/lib/gcc/arm-none-eabi/10.3.1/thumb/v7-m/nofp/crtbegin.o

.rodata         0x0000000008005964      0x518
                0x0000000008005964                . = ALIGN (0x4)
 *(.rodata)
 .rodata        0x0000000008005964       0x60 /usr/lib/gcc/arm-none-eabi/10.3.1/../../../arm-none-eabi/lib/thumb/v7-m/nofp/libc_nano.a(lib_a-findfp.o)
                0x0000000008005964                __sf_fake_stderr
                0x0000000008005984                __sf_fake_stdout
                0x00000000080059a4                __sf_fake_stdin
 .rodata        0x00000000080059c4        0x4 /usr/lib/gcc/arm-none-eabi/10.3.1/../../../arm-none-eabi/lib/thumb/v7-m/nofp/libc_nano.a(lib_a-impure.o)
                0x00000000080059c4                _global_impure_ptr
 *(.rodata*)
 .rodata._parse_hex.str1.1
                0x00000000080059c8        0x5 build/main.o
                                          0x7 (size before relaxing)
 .rodata.main.str1.1
                0x00000000080059cd       0x58 build/main.o
                                         0x5b (size before relaxing)
 .rodata._cmd_ver.str1.1
                0x0000000008005a25       0x42 build/cmd.o
 .rodata._cmd_pwr.str1.1
                0x0000000008005a67        0x5 build/cmd.o
 .rodata._cmd_id.str1.1
                0x0000000008005a6c       0x1c build/cmd.o
 .rodata._cmd_help.str1.1
                0x0000000008005a88       0x7b build/cmd.o
 .rodata._cmd_error.str1.1
                0x0000000008005b03        0xc build/cmd.o
 .rodata._cmd_sn.str1.1
                0x0000000008005b0f        0x2 build/cmd.o
 .rodata._cmd_reset.str1.1
                0x0000000008005b0f        0x7 build/cmd.o
 .rodata._cmd_cs.str1.1
                0x0000000008005b16        0x5 build/cmd.o
 .rodata._cmd_clkdiv.str1.1
                0x0000000008005b1b        0x6 build/cmd.o
 .rodata._cmd_auto.str1.1
                0x0000000008005b21       0x13 build/cmd.o
 .rodata._cmd_pwr_set.str1.1
                0x0000000008005b34       0x12 build/cmd.o
 .rodata.cmd_parse.str1.1
                0x0000000008005b46       0x38 build/cmd.o
 .rodata.str1.1
                0x0000000008005b7e      0x10a build/cmd.o
 .rodata._CMD_TABLE
                0x0000000008005c88       0xb0 build/cmd.o
 .rodata._usb_rx_handler.str1.1
                0x0000000008005d38       0x1b build/tty.o
 *fill*         0x0000000008005d53        0x1 
 .rodata.gpio_ll_map
                0x0000000008005d54       0x40 build/gpio.o
                0x0000000008005d54                gpio_ll_map
 .rodata.CSWTCH.5
                0x0000000008005d94       0x72 build/spi.o
 .rodata.CSWTCH.3
                0x0000000008005e06        0x4 build/usbd_conf.o
 .rodata.USBD_FS_ManufacturerStrDescriptor.str1.1
                0x0000000008005e0a        0xd build/usbd_desc.o
 .rodata.USBD_FS_ProductStrDescriptor.str1.1
                0x0000000008005e17        0xe build/usbd_desc.o
 .rodata.USBD_FS_ConfigStrDescriptor.str1.1
                0x0000000008005e25        0xb build/usbd_desc.o
 .rodata.USBD_FS_InterfaceStrDescriptor.str1.1
                0x0000000008005e30        0xe build/usbd_desc.o
 *fill*         0x0000000008005e3e        0x2 
 .rodata.str1.4
                0x0000000008005e40       0x13 /usr/lib/gcc/arm-none-eabi/10.3.1/../../../arm-none-eabi/lib/thumb/v7-m/nofp/libc_nano.a(lib_a-nano-vfprintf.o)
 *fill*         0x0000000008005e53        0x1 
 .rodata.str1.4
                0x0000000008005e54       0x25 /usr/lib/gcc/arm-none-eabi/10.3.1/../../../arm-none-eabi/lib/thumb/v7-m/nofp/libc_nano.a(lib_a-nano-vfprintf_i.o)
                0x0000000008005e7c                . = ALIGN (0x4)
 *fill*         0x0000000008005e79        0x3 

.rel.dyn        0x0000000008005e7c        0x0
 .rel.iplt      0x0000000008005e7c        0x0 /usr/lib/gcc/arm-none-eabi/10.3.1/thumb/v7-m/nofp/crtbegin.o

.ARM.extab
 *(.ARM.extab* .gnu.linkonce.armextab.*)

.ARM            0x0000000008005e7c        0x0
                0x0000000008005e7c                __exidx_start = .
 *(.ARM.exidx*)
                0x0000000008005e7c                __exidx_end = .

.preinit_array  0x0000000008005e7c        0x0
                0x0000000008005e7c                PROVIDE (__preinit_array_start = .)
 *(.preinit_array*)
                0x0000000008005e7c                PROVIDE (__preinit_array_end = .)

.init_array     0x0000000008005e7c        0x4
                0x0000000008005e7c                PROVIDE (__init_array_start = .)
 *(SORT_BY_NAME(.init_array.*))
 *(.init_array*)
 .init_array    0x0000000008005e7c        0x4 /usr/lib/gcc/arm-none-eabi/10.3.1/thumb/v7-m/nofp/crtbegin.o
                0x0000000008005e80                PROVIDE (__init_array_end = .)

.fini_array     0x0000000008005e80        0x4
                0x0000000008005e80                PROVIDE (__fini_array_start = .)
 *(SORT_BY_NAME(.fini_array.*))
 *(.fini_array*)
 .fini_array    0x0000000008005e80        0x4 /usr/lib/gcc/arm-none-eabi/10.3.1/thumb/v7-m/nofp/crtbegin.o
                0x0000000008005e84                PROVIDE (__fini_array_end = .)
                0x0000000008005e84                _sidata = LOADADDR (.data)

.data           0x0000000020000000      0x1e0 load address 0x0000000008005e84
                0x0000000020000000                . = ALIGN (0x4)
                0x0000000020000000                _sdata = .
 *(.data)
 .data          0x0000000020000000       0x64 /usr/lib/gcc/arm-none-eabi/10.3.1/../../../arm-none-eabi/lib/thumb/v7-m/nofp/libc_nano.a(lib_a-impure.o)
                0x0000000020000000                _impure_ptr
 *(.data*)
 .data.SystemCoreClock
                0x0000000020000064        0x4 build/system_stm32f1xx.o
                0x0000000020000064                SystemCoreClock
 .data.USBD_CDC
                0x0000000020000068       0x38 build/usbd_cdc.o
                0x0000000020000068                USBD_CDC
 .data.USBD_CDC_CfgFSDesc
                0x00000000200000a0       0x43 build/usbd_cdc.o
 *fill*         0x00000000200000e3        0x1 
 .data.USBD_CDC_CfgHSDesc
                0x00000000200000e4       0x43 build/usbd_cdc.o
 *fill*         0x0000000020000127        0x1 
 .data.USBD_CDC_DeviceQualifierDesc
                0x0000000020000128        0xa build/usbd_cdc.o
 *fill*         0x0000000020000132        0x2 
 .data.USBD_CDC_OtherSpeedCfgDesc
                0x0000000020000134       0x43 build/usbd_cdc.o
 .data._pwr_state
                0x0000000020000177        0x1 build/cmd.o
 .data._wd_clr_enable
                0x0000000020000178        0x1 build/wd.o
 *fill*         0x0000000020000179        0x3 
 .data.USBD_Interface_fops_FS
                0x000000002000017c       0x14 build/usbd_cdc_if.o
                0x000000002000017c                USBD_Interface_fops_FS
 .data.FS_Desc  0x0000000020000190       0x1c build/usbd_desc.o
                0x0000000020000190                FS_Desc
 .data.USBD_FS_DeviceDesc
                0x00000000200001ac       0x12 build/usbd_desc.o
                0x00000000200001ac                USBD_FS_DeviceDesc
 *fill*         0x00000000200001be        0x2 
 .data.USBD_LangIDDesc
                0x00000000200001c0        0x4 build/usbd_desc.o
                0x00000000200001c0                USBD_LangIDDesc
 .data.USBD_StringSerial
                0x00000000200001c4       0x1a build/usbd_desc.o
                0x00000000200001c4                USBD_StringSerial
                0x00000000200001e0                . = ALIGN (0x4)
 *fill*         0x00000000200001de        0x2 
                0x00000000200001e0                _edata = .

.tm_clone_table
                0x00000000200001e0        0x0 load address 0x0000000008006064
 .tm_clone_table
                0x00000000200001e0        0x0 /usr/lib/gcc/arm-none-eabi/10.3.1/thumb/v7-m/nofp/crtbegin.o
 .tm_clone_table
                0x00000000200001e0        0x0 /usr/lib/gcc/arm-none-eabi/10.3.1/thumb/v7-m/nofp/crtend.o

.igot.plt       0x00000000200001e0        0x0 load address 0x0000000008006064
 .igot.plt      0x00000000200001e0        0x0 /usr/lib/gcc/arm-none-eabi/10.3.1/thumb/v7-m/nofp/crtbegin.o
                0x00000000200001e0                . = ALIGN (0x4)

.bss            0x00000000200001e0     0x2c38 load address 0x0000000008006064
                0x00000000200001e0                _sbss = .
                0x00000000200001e0                __bss_start__ = _sbss
 *(.bss)
 .bss           0x00000000200001e0       0x1c /usr/lib/gcc/arm-none-eabi/10.3.1/thumb/v7-m/nofp/crtbegin.o
 .bss           0x00000000200001fc        0x8 /usr/lib/gcc/arm-none-eabi/10.3.1/../../../arm-none-eabi/lib/thumb/v7-m/nofp/libc_nano.a(lib_a-nano-mallocr.o)
                0x00000000200001fc                __malloc_free_list
                0x0000000020000200                __malloc_sbrk_start
 .bss           0x0000000020000204        0x4 /usr/lib/gcc/arm-none-eabi/10.3.1/../../../arm-none-eabi/lib/thumb/v7-m/nofp/libc_nano.a(lib_a-reent.o)
                0x0000000020000204                errno
 .bss           0x0000000020000208        0x4 /usr/lib/gcc/arm-none-eabi/10.3.1/../../../arm-none-eabi/lib/thumb/v7-m/nofp/libnosys.a(sbrk.o)
 *(.bss*)
 .bss.cfgidx.0  0x000000002000020c        0x1 build/usbd_ctlreq.o
 .bss._spi_cs_active
                0x000000002000020d        0x1 build/main.o
 *fill*         0x000000002000020e        0x2 
 .bss.led1      0x0000000020000210       0x14 build/main.o
 .bss.main_spi_auto
                0x0000000020000224        0x1 build/main.o
                0x0000000020000224                main_spi_auto
 .bss.main_spi_get_resp
                0x0000000020000225        0x1 build/main.o
                0x0000000020000225                main_spi_get_resp
 .bss.main_spi_no_resp
                0x0000000020000226        0x1 build/main.o
                0x0000000020000226                main_spi_no_resp
 .bss.prev_state.0
                0x0000000020000227        0x1 build/main.o
 .bss.reset_type
                0x0000000020000228        0x1 build/main.o
 *fill*         0x0000000020000229        0x3 
 .bss._rx_callback
                0x000000002000022c        0x4 build/tty.o
                0x000000002000022c                _rx_callback
 .bss._usb_stream_buffer
                0x0000000020000230     0x1000 build/tty.o
 .bss._usb_stream_rd_ptr
                0x0000000020001230        0x4 build/tty.o
 .bss._usb_stream_wr_ptr
                0x0000000020001234        0x4 build/tty.o
 .bss.usb_rx_buf.1
                0x0000000020001238      0x404 build/tty.o
 .bss._dma_spi_rx_done
                0x000000002000163c        0x1 build/dma.o
 .bss._dma_spi_tx_done
                0x000000002000163d        0x1 build/dma.o
 *fill*         0x000000002000163e        0x2 
 .bss.timer_ms  0x0000000020001640        0x8 build/time.o
 .bss.u2_rx_buf
                0x0000000020001648      0x200 build/uart.o
                0x0000000020001648                u2_rx_buf
 .bss.u2_rx_rd_cnt
                0x0000000020001848        0x4 build/uart.o
                0x0000000020001848                u2_rx_rd_cnt
 .bss.u2_rx_wr_cnt
                0x000000002000184c        0x4 build/uart.o
                0x000000002000184c                u2_rx_wr_cnt
 .bss.u2_rx_wr_index
                0x0000000020001850        0x4 build/uart.o
                0x0000000020001850                u2_rx_wr_index
 .bss.u2_tx_buf
                0x0000000020001854      0x400 build/uart.o
                0x0000000020001854                u2_tx_buf
 .bss.u2_tx_rd_cnt
                0x0000000020001c54        0x4 build/uart.o
                0x0000000020001c54                u2_tx_rd_cnt
 .bss.u2_tx_rd_index
                0x0000000020001c58        0x4 build/uart.o
                0x0000000020001c58                u2_tx_rd_index
 .bss.u2_tx_run
                0x0000000020001c5c        0x4 build/uart.o
                0x0000000020001c5c                u2_tx_run
 .bss.u2_tx_wr_cnt
                0x0000000020001c60        0x4 build/uart.o
                0x0000000020001c60                u2_tx_wr_cnt
 .bss._spi1_cs_state
                0x0000000020001c64        0x1 build/spi.o
 *fill*         0x0000000020001c65        0x3 
 .bss.hUsbDeviceFS
                0x0000000020001c68      0x2d0 build/usb_device.o
                0x0000000020001c68                hUsbDeviceFS
 .bss.UserRxBufferFS
                0x0000000020001f38      0x3e8 build/usbd_cdc_if.o
                0x0000000020001f38                UserRxBufferFS
 .bss.UserTxBufferFS
                0x0000000020002320      0x3e8 build/usbd_cdc_if.o
                0x0000000020002320                UserTxBufferFS
 .bss._rx_handler
                0x0000000020002708        0x4 build/usbd_cdc_if.o
 .bss.hpcd_USB_FS
                0x000000002000270c      0x2ec build/usbd_conf.o
                0x000000002000270c                hpcd_USB_FS
 .bss.mem.0     0x00000000200029f8      0x220 build/usbd_conf.o
 .bss.USBD_StrDesc
                0x0000000020002c18      0x200 build/usbd_desc.o
                0x0000000020002c18                USBD_StrDesc
 *(COMMON)
                0x0000000020002e18                . = ALIGN (0x4)
                0x0000000020002e18                _ebss = .
                0x0000000020002e18                __bss_end__ = _ebss

._user_heap_stack
                0x0000000020002e18      0xa00 load address 0x0000000008006064
                0x0000000020002e18                . = ALIGN (0x8)
                0x0000000020002e18                PROVIDE (end = .)
                [!provide]                        PROVIDE (_end = .)
                0x0000000020003318                . = (. + _Min_Heap_Size)
 *fill*         0x0000000020002e18      0x500 
                0x0000000020003818                . = (. + _Min_Stack_Size)
 *fill*         0x0000000020003318      0x500 
                0x0000000020003818                . = ALIGN (0x8)

/DISCARD/
 libc.a(*)
 libm.a(*)
 libgcc.a(*)

.ARM.attributes
                0x0000000000000000       0x29
 *(.ARM.attributes)
 .ARM.attributes
                0x0000000000000000       0x1d /usr/lib/gcc/arm-none-eabi/10.3.1/thumb/v7-m/nofp/crti.o
 .ARM.attributes
                0x000000000000001d       0x2d /usr/lib/gcc/arm-none-eabi/10.3.1/thumb/v7-m/nofp/crtbegin.o
 .ARM.attributes
                0x000000000000004a       0x2d build/system_stm32f1xx.o
 .ARM.attributes
                0x0000000000000077       0x2d build/stm32f1xx_ll_gpio.o
 .ARM.attributes
                0x00000000000000a4       0x2d build/stm32f1xx_ll_spi.o
 .ARM.attributes
                0x00000000000000d1       0x2d build/stm32f1xx_ll_usb.o
 .ARM.attributes
                0x00000000000000fe       0x2d build/stm32f1xx_ll_utils.o
 .ARM.attributes
                0x000000000000012b       0x2d build/stm32f1xx_hal_cortex.o
 .ARM.attributes
                0x0000000000000158       0x2d build/stm32f1xx_hal_pcd.o
 .ARM.attributes
                0x0000000000000185       0x2d build/stm32f1xx_hal_pcd_ex.o
 .ARM.attributes
                0x00000000000001b2       0x2d build/usbd_core.o
 .ARM.attributes
                0x00000000000001df       0x2d build/usbd_ctlreq.o
 .ARM.attributes
                0x000000000000020c       0x2d build/usbd_ioreq.o
 .ARM.attributes
                0x0000000000000239       0x2d build/usbd_cdc.o
 .ARM.attributes
                0x0000000000000266       0x2d build/main.o
 .ARM.attributes
                0x0000000000000293       0x2d build/cmd.o
 .ARM.attributes
                0x00000000000002c0       0x2d build/tty.o
 .ARM.attributes
                0x00000000000002ed       0x2d build/led.o
 .ARM.attributes
                0x000000000000031a       0x2d build/dma.o
 .ARM.attributes
                0x0000000000000347       0x2d build/gpio.o
 .ARM.attributes
                0x0000000000000374       0x2d build/irq.o
 .ARM.attributes
                0x00000000000003a1       0x2d build/reset.o
 .ARM.attributes
                0x00000000000003ce       0x2d build/time.o
 .ARM.attributes
                0x00000000000003fb       0x2d build/uart.o
 .ARM.attributes
                0x0000000000000428       0x2d build/sys.o
 .ARM.attributes
                0x0000000000000455       0x2d build/wd.o
 .ARM.attributes
                0x0000000000000482       0x2d build/spi.o
 .ARM.attributes
                0x00000000000004af       0x2d build/util.o
 .ARM.attributes
                0x00000000000004dc       0x2d build/usb_device.o
 .ARM.attributes
                0x0000000000000509       0x2d build/usbd_cdc_if.o
 .ARM.attributes
                0x0000000000000536       0x2d build/usbd_conf.o
 .ARM.attributes
                0x0000000000000563       0x2d build/usbd_desc.o
 .ARM.attributes
                0x0000000000000590       0x21 build/startup_stm32f103xb.o
 .ARM.attributes
                0x00000000000005b1       0x2d /usr/lib/gcc/arm-none-eabi/10.3.1/../../../arm-none-eabi/lib/thumb/v7-m/nofp/libc_nano.a(lib_a-fflush.o)
 .ARM.attributes
                0x00000000000005de       0x2d /usr/lib/gcc/arm-none-eabi/10.3.1/../../../arm-none-eabi/lib/thumb/v7-m/nofp/libc_nano.a(lib_a-findfp.o)
 .ARM.attributes
                0x000000000000060b       0x2d /usr/lib/gcc/arm-none-eabi/10.3.1/../../../arm-none-eabi/lib/thumb/v7-m/nofp/libc_nano.a(lib_a-fwalk.o)
 .ARM.attributes
                0x0000000000000638       0x2d /usr/lib/gcc/arm-none-eabi/10.3.1/../../../arm-none-eabi/lib/thumb/v7-m/nofp/libc_nano.a(lib_a-impure.o)
 .ARM.attributes
                0x0000000000000665       0x2d /usr/lib/gcc/arm-none-eabi/10.3.1/../../../arm-none-eabi/lib/thumb/v7-m/nofp/libc_nano.a(lib_a-init.o)
 .ARM.attributes
                0x0000000000000692       0x2d /usr/lib/gcc/arm-none-eabi/10.3.1/../../../arm-none-eabi/lib/thumb/v7-m/nofp/libc_nano.a(lib_a-memset.o)
 .ARM.attributes
                0x00000000000006bf       0x2d /usr/lib/gcc/arm-none-eabi/10.3.1/../../../arm-none-eabi/lib/thumb/v7-m/nofp/libc_nano.a(lib_a-nano-freer.o)
 .ARM.attributes
                0x00000000000006ec       0x2d /usr/lib/gcc/arm-none-eabi/10.3.1/../../../arm-none-eabi/lib/thumb/v7-m/nofp/libc_nano.a(lib_a-nano-mallocr.o)
 .ARM.attributes
                0x0000000000000719       0x2d /usr/lib/gcc/arm-none-eabi/10.3.1/../../../arm-none-eabi/lib/thumb/v7-m/nofp/libc_nano.a(lib_a-printf.o)
 .ARM.attributes
                0x0000000000000746       0x2d /usr/lib/gcc/arm-none-eabi/10.3.1/../../../arm-none-eabi/lib/thumb/v7-m/nofp/libc_nano.a(lib_a-putchar.o)
 .ARM.attributes
                0x0000000000000773       0x2d /usr/lib/gcc/arm-none-eabi/10.3.1/../../../arm-none-eabi/lib/thumb/v7-m/nofp/libc_nano.a(lib_a-puts.o)
 .ARM.attributes
                0x00000000000007a0       0x2d /usr/lib/gcc/arm-none-eabi/10.3.1/../../../arm-none-eabi/lib/thumb/v7-m/nofp/libc_nano.a(lib_a-sbrkr.o)
 .ARM.attributes
                0x00000000000007cd       0x2d /usr/lib/gcc/arm-none-eabi/10.3.1/../../../arm-none-eabi/lib/thumb/v7-m/nofp/libc_nano.a(lib_a-stdio.o)
 .ARM.attributes
                0x00000000000007fa       0x2d /usr/lib/gcc/arm-none-eabi/10.3.1/../../../arm-none-eabi/lib/thumb/v7-m/nofp/libc_nano.a(lib_a-strlen-stub.o)
 .ARM.attributes
                0x0000000000000827       0x2d /usr/lib/gcc/arm-none-eabi/10.3.1/../../../arm-none-eabi/lib/thumb/v7-m/nofp/libc_nano.a(lib_a-wbuf.o)
 .ARM.attributes
                0x0000000000000854       0x2d /usr/lib/gcc/arm-none-eabi/10.3.1/../../../arm-none-eabi/lib/thumb/v7-m/nofp/libc_nano.a(lib_a-writer.o)
 .ARM.attributes
                0x0000000000000881       0x2d /usr/lib/gcc/arm-none-eabi/10.3.1/../../../arm-none-eabi/lib/thumb/v7-m/nofp/libc_nano.a(lib_a-wsetup.o)
 .ARM.attributes
                0x00000000000008ae       0x2d /usr/lib/gcc/arm-none-eabi/10.3.1/../../../arm-none-eabi/lib/thumb/v7-m/nofp/libc_nano.a(lib_a-closer.o)
 .ARM.attributes
                0x00000000000008db       0x2d /usr/lib/gcc/arm-none-eabi/10.3.1/../../../arm-none-eabi/lib/thumb/v7-m/nofp/libc_nano.a(lib_a-lseekr.o)
 .ARM.attributes
                0x0000000000000908       0x2d /usr/lib/gcc/arm-none-eabi/10.3.1/../../../arm-none-eabi/lib/thumb/v7-m/nofp/libc_nano.a(lib_a-makebuf.o)
 .ARM.attributes
                0x0000000000000935       0x2d /usr/lib/gcc/arm-none-eabi/10.3.1/../../../arm-none-eabi/lib/thumb/v7-m/nofp/libc_nano.a(lib_a-mlock.o)
 .ARM.attributes
                0x0000000000000962       0x2d /usr/lib/gcc/arm-none-eabi/10.3.1/../../../arm-none-eabi/lib/thumb/v7-m/nofp/libc_nano.a(lib_a-nano-vfprintf.o)
 .ARM.attributes
                0x000000000000098f       0x2d /usr/lib/gcc/arm-none-eabi/10.3.1/../../../arm-none-eabi/lib/thumb/v7-m/nofp/libc_nano.a(lib_a-nano-vfprintf_i.o)
 .ARM.attributes
                0x00000000000009bc       0x2d /usr/lib/gcc/arm-none-eabi/10.3.1/../../../arm-none-eabi/lib/thumb/v7-m/nofp/libc_nano.a(lib_a-putc.o)
 .ARM.attributes
                0x00000000000009e9       0x2d /usr/lib/gcc/arm-none-eabi/10.3.1/../../../arm-none-eabi/lib/thumb/v7-m/nofp/libc_nano.a(lib_a-readr.o)
 .ARM.attributes
                0x0000000000000a16       0x2d /usr/lib/gcc/arm-none-eabi/10.3.1/../../../arm-none-eabi/lib/thumb/v7-m/nofp/libc_nano.a(lib_a-reent.o)
 .ARM.attributes
                0x0000000000000a43       0x2d /usr/lib/gcc/arm-none-eabi/10.3.1/../../../arm-none-eabi/lib/thumb/v7-m/nofp/libc_nano.a(lib_a-fstatr.o)
 .ARM.attributes
                0x0000000000000a70       0x2d /usr/lib/gcc/arm-none-eabi/10.3.1/../../../arm-none-eabi/lib/thumb/v7-m/nofp/libc_nano.a(lib_a-fvwrite.o)
 .ARM.attributes
                0x0000000000000a9d       0x2d /usr/lib/gcc/arm-none-eabi/10.3.1/../../../arm-none-eabi/lib/thumb/v7-m/nofp/libc_nano.a(lib_a-isattyr.o)
 .ARM.attributes
                0x0000000000000aca       0x2d /usr/lib/gcc/arm-none-eabi/10.3.1/../../../arm-none-eabi/lib/thumb/v7-m/nofp/libc_nano.a(lib_a-memchr-stub.o)
 .ARM.attributes
                0x0000000000000af7       0x1b /usr/lib/gcc/arm-none-eabi/10.3.1/../../../arm-none-eabi/lib/thumb/v7-m/nofp/libc_nano.a(lib_a-memcpy.o)
 .ARM.attributes
                0x0000000000000b12       0x2d /usr/lib/gcc/arm-none-eabi/10.3.1/../../../arm-none-eabi/lib/thumb/v7-m/nofp/libc_nano.a(lib_a-memmove.o)
 .ARM.attributes
                0x0000000000000b3f       0x2d /usr/lib/gcc/arm-none-eabi/10.3.1/../../../arm-none-eabi/lib/thumb/v7-m/nofp/libc_nano.a(lib_a-nano-reallocr.o)
 .ARM.attributes
                0x0000000000000b6c       0x2d /usr/lib/gcc/arm-none-eabi/10.3.1/../../../arm-none-eabi/lib/thumb/v7-m/nofp/libc_nano.a(lib_a-nano-msizer.o)
 .ARM.attributes
                0x0000000000000b99       0x2d /usr/lib/gcc/arm-none-eabi/10.3.1/../../../arm-none-eabi/lib/thumb/v7-m/nofp/libnosys.a(close.o)
 .ARM.attributes
                0x0000000000000bc6       0x2d /usr/lib/gcc/arm-none-eabi/10.3.1/../../../arm-none-eabi/lib/thumb/v7-m/nofp/libnosys.a(fstat.o)
 .ARM.attributes
                0x0000000000000bf3       0x2d /usr/lib/gcc/arm-none-eabi/10.3.1/../../../arm-none-eabi/lib/thumb/v7-m/nofp/libnosys.a(isatty.o)
 .ARM.attributes
                0x0000000000000c20       0x2d /usr/lib/gcc/arm-none-eabi/10.3.1/../../../arm-none-eabi/lib/thumb/v7-m/nofp/libnosys.a(lseek.o)
 .ARM.attributes
                0x0000000000000c4d       0x2d /usr/lib/gcc/arm-none-eabi/10.3.1/../../../arm-none-eabi/lib/thumb/v7-m/nofp/libnosys.a(sbrk.o)
 .ARM.attributes
                0x0000000000000c7a       0x2d /usr/lib/gcc/arm-none-eabi/10.3.1/thumb/v7-m/nofp/crtend.o
 .ARM.attributes
                0x0000000000000ca7       0x1d /usr/lib/gcc/arm-none-eabi/10.3.1/thumb/v7-m/nofp/crtn.o
OUTPUT(build/app.elf elf32-littlearm)
LOAD linker stubs
LOAD /usr/lib/gcc/arm-none-eabi/10.3.1/../../../arm-none-eabi/lib/thumb/v7-m/nofp/libc.a
LOAD /usr/lib/gcc/arm-none-eabi/10.3.1/../../../arm-none-eabi/lib/thumb/v7-m/nofp/libm.a
LOAD /usr/lib/gcc/arm-none-eabi/10.3.1/thumb/v7-m/nofp/libgcc.a

.comment        0x0000000000000000       0x33
 .comment       0x0000000000000000       0x33 /usr/lib/gcc/arm-none-eabi/10.3.1/thumb/v7-m/nofp/crtbegin.o
                                         0x34 (size before relaxing)
 .comment       0x0000000000000033       0x34 build/system_stm32f1xx.o
 .comment       0x0000000000000033       0x34 build/stm32f1xx_ll_gpio.o
 .comment       0x0000000000000033       0x34 build/stm32f1xx_ll_spi.o
 .comment       0x0000000000000033       0x34 build/stm32f1xx_ll_usb.o
 .comment       0x0000000000000033       0x34 build/stm32f1xx_ll_utils.o
 .comment       0x0000000000000033       0x34 build/stm32f1xx_hal_cortex.o
 .comment       0x0000000000000033       0x34 build/stm32f1xx_hal_pcd.o
 .comment       0x0000000000000033       0x34 build/stm32f1xx_hal_pcd_ex.o
 .comment       0x0000000000000033       0x34 build/usbd_core.o
 .comment       0x0000000000000033       0x34 build/usbd_ctlreq.o
 .comment       0x0000000000000033       0x34 build/usbd_ioreq.o
 .comment       0x0000000000000033       0x34 build/usbd_cdc.o
 .comment       0x0000000000000033       0x34 build/main.o
 .comment       0x0000000000000033       0x34 build/cmd.o
 .comment       0x0000000000000033       0x34 build/tty.o
 .comment       0x0000000000000033       0x34 build/led.o
 .comment       0x0000000000000033       0x34 build/dma.o
 .comment       0x0000000000000033       0x34 build/gpio.o
 .comment       0x0000000000000033       0x34 build/irq.o
 .comment       0x0000000000000033       0x34 build/reset.o
 .comment       0x0000000000000033       0x34 build/time.o
 .comment       0x0000000000000033       0x34 build/uart.o
 .comment       0x0000000000000033       0x34 build/sys.o
 .comment       0x0000000000000033       0x34 build/wd.o
 .comment       0x0000000000000033       0x34 build/spi.o
 .comment       0x0000000000000033       0x34 build/util.o
 .comment       0x0000000000000033       0x34 build/usb_device.o
 .comment       0x0000000000000033       0x34 build/usbd_cdc_if.o
 .comment       0x0000000000000033       0x34 build/usbd_conf.o
 .comment       0x0000000000000033       0x34 build/usbd_desc.o
 .comment       0x0000000000000033       0x34 /usr/lib/gcc/arm-none-eabi/10.3.1/../../../arm-none-eabi/lib/thumb/v7-m/nofp/libc_nano.a(lib_a-fflush.o)
 .comment       0x0000000000000033       0x34 /usr/lib/gcc/arm-none-eabi/10.3.1/../../../arm-none-eabi/lib/thumb/v7-m/nofp/libc_nano.a(lib_a-findfp.o)
 .comment       0x0000000000000033       0x34 /usr/lib/gcc/arm-none-eabi/10.3.1/../../../arm-none-eabi/lib/thumb/v7-m/nofp/libc_nano.a(lib_a-fwalk.o)
 .comment       0x0000000000000033       0x34 /usr/lib/gcc/arm-none-eabi/10.3.1/../../../arm-none-eabi/lib/thumb/v7-m/nofp/libc_nano.a(lib_a-impure.o)
 .comment       0x0000000000000033       0x34 /usr/lib/gcc/arm-none-eabi/10.3.1/../../../arm-none-eabi/lib/thumb/v7-m/nofp/libc_nano.a(lib_a-init.o)
 .comment       0x0000000000000033       0x34 /usr/lib/gcc/arm-none-eabi/10.3.1/../../../arm-none-eabi/lib/thumb/v7-m/nofp/libc_nano.a(lib_a-memset.o)
 .comment       0x0000000000000033       0x34 /usr/lib/gcc/arm-none-eabi/10.3.1/../../../arm-none-eabi/lib/thumb/v7-m/nofp/libc_nano.a(lib_a-nano-freer.o)
 .comment       0x0000000000000033       0x34 /usr/lib/gcc/arm-none-eabi/10.3.1/../../../arm-none-eabi/lib/thumb/v7-m/nofp/libc_nano.a(lib_a-nano-mallocr.o)
 .comment       0x0000000000000033       0x34 /usr/lib/gcc/arm-none-eabi/10.3.1/../../../arm-none-eabi/lib/thumb/v7-m/nofp/libc_nano.a(lib_a-printf.o)
 .comment       0x0000000000000033       0x34 /usr/lib/gcc/arm-none-eabi/10.3.1/../../../arm-none-eabi/lib/thumb/v7-m/nofp/libc_nano.a(lib_a-putchar.o)
 .comment       0x0000000000000033       0x34 /usr/lib/gcc/arm-none-eabi/10.3.1/../../../arm-none-eabi/lib/thumb/v7-m/nofp/libc_nano.a(lib_a-puts.o)
 .comment       0x0000000000000033       0x34 /usr/lib/gcc/arm-none-eabi/10.3.1/../../../arm-none-eabi/lib/thumb/v7-m/nofp/libc_nano.a(lib_a-sbrkr.o)
 .comment       0x0000000000000033       0x34 /usr/lib/gcc/arm-none-eabi/10.3.1/../../../arm-none-eabi/lib/thumb/v7-m/nofp/libc_nano.a(lib_a-stdio.o)
 .comment       0x0000000000000033       0x34 /usr/lib/gcc/arm-none-eabi/10.3.1/../../../arm-none-eabi/lib/thumb/v7-m/nofp/libc_nano.a(lib_a-strlen-stub.o)
 .comment       0x0000000000000033       0x34 /usr/lib/gcc/arm-none-eabi/10.3.1/../../../arm-none-eabi/lib/thumb/v7-m/nofp/libc_nano.a(lib_a-wbuf.o)
 .comment       0x0000000000000033       0x34 /usr/lib/gcc/arm-none-eabi/10.3.1/../../../arm-none-eabi/lib/thumb/v7-m/nofp/libc_nano.a(lib_a-writer.o)
 .comment       0x0000000000000033       0x34 /usr/lib/gcc/arm-none-eabi/10.3.1/../../../arm-none-eabi/lib/thumb/v7-m/nofp/libc_nano.a(lib_a-wsetup.o)
 .comment       0x0000000000000033       0x34 /usr/lib/gcc/arm-none-eabi/10.3.1/../../../arm-none-eabi/lib/thumb/v7-m/nofp/libc_nano.a(lib_a-closer.o)
 .comment       0x0000000000000033       0x34 /usr/lib/gcc/arm-none-eabi/10.3.1/../../../arm-none-eabi/lib/thumb/v7-m/nofp/libc_nano.a(lib_a-lseekr.o)
 .comment       0x0000000000000033       0x34 /usr/lib/gcc/arm-none-eabi/10.3.1/../../../arm-none-eabi/lib/thumb/v7-m/nofp/libc_nano.a(lib_a-makebuf.o)
 .comment       0x0000000000000033       0x34 /usr/lib/gcc/arm-none-eabi/10.3.1/../../../arm-none-eabi/lib/thumb/v7-m/nofp/libc_nano.a(lib_a-mlock.o)
 .comment       0x0000000000000033       0x34 /usr/lib/gcc/arm-none-eabi/10.3.1/../../../arm-none-eabi/lib/thumb/v7-m/nofp/libc_nano.a(lib_a-nano-vfprintf.o)
 .comment       0x0000000000000033       0x34 /usr/lib/gcc/arm-none-eabi/10.3.1/../../../arm-none-eabi/lib/thumb/v7-m/nofp/libc_nano.a(lib_a-nano-vfprintf_i.o)
 .comment       0x0000000000000033       0x34 /usr/lib/gcc/arm-none-eabi/10.3.1/../../../arm-none-eabi/lib/thumb/v7-m/nofp/libc_nano.a(lib_a-putc.o)
 .comment       0x0000000000000033       0x34 /usr/lib/gcc/arm-none-eabi/10.3.1/../../../arm-none-eabi/lib/thumb/v7-m/nofp/libc_nano.a(lib_a-readr.o)
 .comment       0x0000000000000033       0x34 /usr/lib/gcc/arm-none-eabi/10.3.1/../../../arm-none-eabi/lib/thumb/v7-m/nofp/libc_nano.a(lib_a-reent.o)
 .comment       0x0000000000000033       0x34 /usr/lib/gcc/arm-none-eabi/10.3.1/../../../arm-none-eabi/lib/thumb/v7-m/nofp/libc_nano.a(lib_a-fstatr.o)
 .comment       0x0000000000000033       0x34 /usr/lib/gcc/arm-none-eabi/10.3.1/../../../arm-none-eabi/lib/thumb/v7-m/nofp/libc_nano.a(lib_a-fvwrite.o)
 .comment       0x0000000000000033       0x34 /usr/lib/gcc/arm-none-eabi/10.3.1/../../../arm-none-eabi/lib/thumb/v7-m/nofp/libc_nano.a(lib_a-isattyr.o)
 .comment       0x0000000000000033       0x34 /usr/lib/gcc/arm-none-eabi/10.3.1/../../../arm-none-eabi/lib/thumb/v7-m/nofp/libc_nano.a(lib_a-memchr-stub.o)
 .comment       0x0000000000000033       0x34 /usr/lib/gcc/arm-none-eabi/10.3.1/../../../arm-none-eabi/lib/thumb/v7-m/nofp/libc_nano.a(lib_a-memmove.o)
 .comment       0x0000000000000033       0x34 /usr/lib/gcc/arm-none-eabi/10.3.1/../../../arm-none-eabi/lib/thumb/v7-m/nofp/libc_nano.a(lib_a-nano-reallocr.o)
 .comment       0x0000000000000033       0x34 /usr/lib/gcc/arm-none-eabi/10.3.1/../../../arm-none-eabi/lib/thumb/v7-m/nofp/libc_nano.a(lib_a-nano-msizer.o)
 .comment       0x0000000000000033       0x34 /usr/lib/gcc/arm-none-eabi/10.3.1/../../../arm-none-eabi/lib/thumb/v7-m/nofp/libnosys.a(close.o)
 .comment       0x0000000000000033       0x34 /usr/lib/gcc/arm-none-eabi/10.3.1/../../../arm-none-eabi/lib/thumb/v7-m/nofp/libnosys.a(fstat.o)
 .comment       0x0000000000000033       0x34 /usr/lib/gcc/arm-none-eabi/10.3.1/../../../arm-none-eabi/lib/thumb/v7-m/nofp/libnosys.a(isatty.o)
 .comment       0x0000000000000033       0x34 /usr/lib/gcc/arm-none-eabi/10.3.1/../../../arm-none-eabi/lib/thumb/v7-m/nofp/libnosys.a(lseek.o)
 .comment       0x0000000000000033       0x34 /usr/lib/gcc/arm-none-eabi/10.3.1/../../../arm-none-eabi/lib/thumb/v7-m/nofp/libnosys.a(sbrk.o)
 .comment       0x0000000000000033       0x34 /usr/lib/gcc/arm-none-eabi/10.3.1/thumb/v7-m/nofp/crtend.o

.debug_info     0x0000000000000000    0x12501
 .debug_info    0x0000000000000000      0xb0a /usr/lib/gcc/arm-none-eabi/10.3.1/../../../arm-none-eabi/lib/thumb/v7-m/nofp/libc_nano.a(lib_a-fflush.o)
 .debug_info    0x0000000000000b0a      0xfae /usr/lib/gcc/arm-none-eabi/10.3.1/../../../arm-none-eabi/lib/thumb/v7-m/nofp/libc_nano.a(lib_a-findfp.o)
 .debug_info    0x0000000000001ab8      0x900 /usr/lib/gcc/arm-none-eabi/10.3.1/../../../arm-none-eabi/lib/thumb/v7-m/nofp/libc_nano.a(lib_a-fwalk.o)
 .debug_info    0x00000000000023b8      0x863 /usr/lib/gcc/arm-none-eabi/10.3.1/../../../arm-none-eabi/lib/thumb/v7-m/nofp/libc_nano.a(lib_a-impure.o)
 .debug_info    0x0000000000002c1b      0x11a /usr/lib/gcc/arm-none-eabi/10.3.1/../../../arm-none-eabi/lib/thumb/v7-m/nofp/libc_nano.a(lib_a-init.o)
 .debug_info    0x0000000000002d35      0x137 /usr/lib/gcc/arm-none-eabi/10.3.1/../../../arm-none-eabi/lib/thumb/v7-m/nofp/libc_nano.a(lib_a-memset.o)
 .debug_info    0x0000000000002e6c      0x940 /usr/lib/gcc/arm-none-eabi/10.3.1/../../../arm-none-eabi/lib/thumb/v7-m/nofp/libc_nano.a(lib_a-nano-freer.o)
 .debug_info    0x00000000000037ac      0xa0c /usr/lib/gcc/arm-none-eabi/10.3.1/../../../arm-none-eabi/lib/thumb/v7-m/nofp/libc_nano.a(lib_a-nano-mallocr.o)
 .debug_info    0x00000000000041b8      0x8fd /usr/lib/gcc/arm-none-eabi/10.3.1/../../../arm-none-eabi/lib/thumb/v7-m/nofp/libc_nano.a(lib_a-printf.o)
 .debug_info    0x0000000000004ab5      0x886 /usr/lib/gcc/arm-none-eabi/10.3.1/../../../arm-none-eabi/lib/thumb/v7-m/nofp/libc_nano.a(lib_a-putchar.o)
 .debug_info    0x000000000000533b      0xa4e /usr/lib/gcc/arm-none-eabi/10.3.1/../../../arm-none-eabi/lib/thumb/v7-m/nofp/libc_nano.a(lib_a-puts.o)
 .debug_info    0x0000000000005d89      0x828 /usr/lib/gcc/arm-none-eabi/10.3.1/../../../arm-none-eabi/lib/thumb/v7-m/nofp/libc_nano.a(lib_a-sbrkr.o)
 .debug_info    0x00000000000065b1      0xabc /usr/lib/gcc/arm-none-eabi/10.3.1/../../../arm-none-eabi/lib/thumb/v7-m/nofp/libc_nano.a(lib_a-stdio.o)
 .debug_info    0x000000000000706d       0xbc /usr/lib/gcc/arm-none-eabi/10.3.1/../../../arm-none-eabi/lib/thumb/v7-m/nofp/libc_nano.a(lib_a-strlen-stub.o)
 .debug_info    0x0000000000007129      0x998 /usr/lib/gcc/arm-none-eabi/10.3.1/../../../arm-none-eabi/lib/thumb/v7-m/nofp/libc_nano.a(lib_a-wbuf.o)
 .debug_info    0x0000000000007ac1      0x85a /usr/lib/gcc/arm-none-eabi/10.3.1/../../../arm-none-eabi/lib/thumb/v7-m/nofp/libc_nano.a(lib_a-writer.o)
 .debug_info    0x000000000000831b      0x902 /usr/lib/gcc/arm-none-eabi/10.3.1/../../../arm-none-eabi/lib/thumb/v7-m/nofp/libc_nano.a(lib_a-wsetup.o)
 .debug_info    0x0000000000008c1d      0x805 /usr/lib/gcc/arm-none-eabi/10.3.1/../../../arm-none-eabi/lib/thumb/v7-m/nofp/libc_nano.a(lib_a-closer.o)
 .debug_info    0x0000000000009422      0x83b /usr/lib/gcc/arm-none-eabi/10.3.1/../../../arm-none-eabi/lib/thumb/v7-m/nofp/libc_nano.a(lib_a-lseekr.o)
 .debug_info    0x0000000000009c5d      0xc8a /usr/lib/gcc/arm-none-eabi/10.3.1/../../../arm-none-eabi/lib/thumb/v7-m/nofp/libc_nano.a(lib_a-makebuf.o)
 .debug_info    0x000000000000a8e7      0x7dc /usr/lib/gcc/arm-none-eabi/10.3.1/../../../arm-none-eabi/lib/thumb/v7-m/nofp/libc_nano.a(lib_a-mlock.o)
 .debug_info    0x000000000000b0c3     0x115f /usr/lib/gcc/arm-none-eabi/10.3.1/../../../arm-none-eabi/lib/thumb/v7-m/nofp/libc_nano.a(lib_a-nano-vfprintf.o)
 .debug_info    0x000000000000c222      0xe9e /usr/lib/gcc/arm-none-eabi/10.3.1/../../../arm-none-eabi/lib/thumb/v7-m/nofp/libc_nano.a(lib_a-nano-vfprintf_i.o)
 .debug_info    0x000000000000d0c0      0xa45 /usr/lib/gcc/arm-none-eabi/10.3.1/../../../arm-none-eabi/lib/thumb/v7-m/nofp/libc_nano.a(lib_a-putc.o)
 .debug_info    0x000000000000db05      0x853 /usr/lib/gcc/arm-none-eabi/10.3.1/../../../arm-none-eabi/lib/thumb/v7-m/nofp/libc_nano.a(lib_a-readr.o)
 .debug_info    0x000000000000e358      0xa7e /usr/lib/gcc/arm-none-eabi/10.3.1/../../../arm-none-eabi/lib/thumb/v7-m/nofp/libc_nano.a(lib_a-reent.o)
 .debug_info    0x000000000000edd6      0xa1d /usr/lib/gcc/arm-none-eabi/10.3.1/../../../arm-none-eabi/lib/thumb/v7-m/nofp/libc_nano.a(lib_a-fstatr.o)
 .debug_info    0x000000000000f7f3      0xb54 /usr/lib/gcc/arm-none-eabi/10.3.1/../../../arm-none-eabi/lib/thumb/v7-m/nofp/libc_nano.a(lib_a-fvwrite.o)
 .debug_info    0x0000000000010347      0x805 /usr/lib/gcc/arm-none-eabi/10.3.1/../../../arm-none-eabi/lib/thumb/v7-m/nofp/libc_nano.a(lib_a-isattyr.o)
 .debug_info    0x0000000000010b4c      0x14e /usr/lib/gcc/arm-none-eabi/10.3.1/../../../arm-none-eabi/lib/thumb/v7-m/nofp/libc_nano.a(lib_a-memchr-stub.o)
 .debug_info    0x0000000000010c9a       0x26 /usr/lib/gcc/arm-none-eabi/10.3.1/../../../arm-none-eabi/lib/thumb/v7-m/nofp/libc_nano.a(lib_a-memcpy.o)
 .debug_info    0x0000000000010cc0      0x152 /usr/lib/gcc/arm-none-eabi/10.3.1/../../../arm-none-eabi/lib/thumb/v7-m/nofp/libc_nano.a(lib_a-memmove.o)
 .debug_info    0x0000000000010e12      0x911 /usr/lib/gcc/arm-none-eabi/10.3.1/../../../arm-none-eabi/lib/thumb/v7-m/nofp/libc_nano.a(lib_a-nano-reallocr.o)
 .debug_info    0x0000000000011723      0x840 /usr/lib/gcc/arm-none-eabi/10.3.1/../../../arm-none-eabi/lib/thumb/v7-m/nofp/libc_nano.a(lib_a-nano-msizer.o)
 .debug_info    0x0000000000011f63       0xb1 /usr/lib/gcc/arm-none-eabi/10.3.1/../../../arm-none-eabi/lib/thumb/v7-m/nofp/libnosys.a(close.o)
 .debug_info    0x0000000000012014      0x2cc /usr/lib/gcc/arm-none-eabi/10.3.1/../../../arm-none-eabi/lib/thumb/v7-m/nofp/libnosys.a(fstat.o)
 .debug_info    0x00000000000122e0       0xb1 /usr/lib/gcc/arm-none-eabi/10.3.1/../../../arm-none-eabi/lib/thumb/v7-m/nofp/libnosys.a(isatty.o)
 .debug_info    0x0000000000012391       0xd3 /usr/lib/gcc/arm-none-eabi/10.3.1/../../../arm-none-eabi/lib/thumb/v7-m/nofp/libnosys.a(lseek.o)
 .debug_info    0x0000000000012464       0x9d /usr/lib/gcc/arm-none-eabi/10.3.1/../../../arm-none-eabi/lib/thumb/v7-m/nofp/libnosys.a(sbrk.o)

.debug_abbrev   0x0000000000000000     0x417a
 .debug_abbrev  0x0000000000000000      0x2da /usr/lib/gcc/arm-none-eabi/10.3.1/../../../arm-none-eabi/lib/thumb/v7-m/nofp/libc_nano.a(lib_a-fflush.o)
 .debug_abbrev  0x00000000000002da      0x3cd /usr/lib/gcc/arm-none-eabi/10.3.1/../../../arm-none-eabi/lib/thumb/v7-m/nofp/libc_nano.a(lib_a-findfp.o)
 .debug_abbrev  0x00000000000006a7      0x197 /usr/lib/gcc/arm-none-eabi/10.3.1/../../../arm-none-eabi/lib/thumb/v7-m/nofp/libc_nano.a(lib_a-fwalk.o)
 .debug_abbrev  0x000000000000083e      0x151 /usr/lib/gcc/arm-none-eabi/10.3.1/../../../arm-none-eabi/lib/thumb/v7-m/nofp/libc_nano.a(lib_a-impure.o)
 .debug_abbrev  0x000000000000098f       0xcc /usr/lib/gcc/arm-none-eabi/10.3.1/../../../arm-none-eabi/lib/thumb/v7-m/nofp/libc_nano.a(lib_a-init.o)
 .debug_abbrev  0x0000000000000a5b       0xb4 /usr/lib/gcc/arm-none-eabi/10.3.1/../../../arm-none-eabi/lib/thumb/v7-m/nofp/libc_nano.a(lib_a-memset.o)
 .debug_abbrev  0x0000000000000b0f      0x245 /usr/lib/gcc/arm-none-eabi/10.3.1/../../../arm-none-eabi/lib/thumb/v7-m/nofp/libc_nano.a(lib_a-nano-freer.o)
 .debug_abbrev  0x0000000000000d54      0x290 /usr/lib/gcc/arm-none-eabi/10.3.1/../../../arm-none-eabi/lib/thumb/v7-m/nofp/libc_nano.a(lib_a-nano-mallocr.o)
 .debug_abbrev  0x0000000000000fe4      0x23e /usr/lib/gcc/arm-none-eabi/10.3.1/../../../arm-none-eabi/lib/thumb/v7-m/nofp/libc_nano.a(lib_a-printf.o)
 .debug_abbrev  0x0000000000001222      0x207 /usr/lib/gcc/arm-none-eabi/10.3.1/../../../arm-none-eabi/lib/thumb/v7-m/nofp/libc_nano.a(lib_a-putchar.o)
 .debug_abbrev  0x0000000000001429      0x28e /usr/lib/gcc/arm-none-eabi/10.3.1/../../../arm-none-eabi/lib/thumb/v7-m/nofp/libc_nano.a(lib_a-puts.o)
 .debug_abbrev  0x00000000000016b7      0x1d6 /usr/lib/gcc/arm-none-eabi/10.3.1/../../../arm-none-eabi/lib/thumb/v7-m/nofp/libc_nano.a(lib_a-sbrkr.o)
 .debug_abbrev  0x000000000000188d      0x1fb /usr/lib/gcc/arm-none-eabi/10.3.1/../../../arm-none-eabi/lib/thumb/v7-m/nofp/libc_nano.a(lib_a-stdio.o)
 .debug_abbrev  0x0000000000001a88       0x79 /usr/lib/gcc/arm-none-eabi/10.3.1/../../../arm-none-eabi/lib/thumb/v7-m/nofp/libc_nano.a(lib_a-strlen-stub.o)
 .debug_abbrev  0x0000000000001b01      0x21f /usr/lib/gcc/arm-none-eabi/10.3.1/../../../arm-none-eabi/lib/thumb/v7-m/nofp/libc_nano.a(lib_a-wbuf.o)
 .debug_abbrev  0x0000000000001d20      0x1b0 /usr/lib/gcc/arm-none-eabi/10.3.1/../../../arm-none-eabi/lib/thumb/v7-m/nofp/libc_nano.a(lib_a-writer.o)
 .debug_abbrev  0x0000000000001ed0      0x1d4 /usr/lib/gcc/arm-none-eabi/10.3.1/../../../arm-none-eabi/lib/thumb/v7-m/nofp/libc_nano.a(lib_a-wsetup.o)
 .debug_abbrev  0x00000000000020a4      0x1ab /usr/lib/gcc/arm-none-eabi/10.3.1/../../../arm-none-eabi/lib/thumb/v7-m/nofp/libc_nano.a(lib_a-closer.o)
 .debug_abbrev  0x000000000000224f      0x1bf /usr/lib/gcc/arm-none-eabi/10.3.1/../../../arm-none-eabi/lib/thumb/v7-m/nofp/libc_nano.a(lib_a-lseekr.o)
 .debug_abbrev  0x000000000000240e      0x278 /usr/lib/gcc/arm-none-eabi/10.3.1/../../../arm-none-eabi/lib/thumb/v7-m/nofp/libc_nano.a(lib_a-makebuf.o)
 .debug_abbrev  0x0000000000002686      0x189 /usr/lib/gcc/arm-none-eabi/10.3.1/../../../arm-none-eabi/lib/thumb/v7-m/nofp/libc_nano.a(lib_a-mlock.o)
 .debug_abbrev  0x000000000000280f      0x358 /usr/lib/gcc/arm-none-eabi/10.3.1/../../../arm-none-eabi/lib/thumb/v7-m/nofp/libc_nano.a(lib_a-nano-vfprintf.o)
 .debug_abbrev  0x0000000000002b67      0x25c /usr/lib/gcc/arm-none-eabi/10.3.1/../../../arm-none-eabi/lib/thumb/v7-m/nofp/libc_nano.a(lib_a-nano-vfprintf_i.o)
 .debug_abbrev  0x0000000000002dc3      0x260 /usr/lib/gcc/arm-none-eabi/10.3.1/../../../arm-none-eabi/lib/thumb/v7-m/nofp/libc_nano.a(lib_a-putc.o)
 .debug_abbrev  0x0000000000003023      0x1ab /usr/lib/gcc/arm-none-eabi/10.3.1/../../../arm-none-eabi/lib/thumb/v7-m/nofp/libc_nano.a(lib_a-readr.o)
 .debug_abbrev  0x00000000000031ce      0x265 /usr/lib/gcc/arm-none-eabi/10.3.1/../../../arm-none-eabi/lib/thumb/v7-m/nofp/libc_nano.a(lib_a-reent.o)
 .debug_abbrev  0x0000000000003433      0x1bf /usr/lib/gcc/arm-none-eabi/10.3.1/../../../arm-none-eabi/lib/thumb/v7-m/nofp/libc_nano.a(lib_a-fstatr.o)
 .debug_abbrev  0x00000000000035f2      0x1f4 /usr/lib/gcc/arm-none-eabi/10.3.1/../../../arm-none-eabi/lib/thumb/v7-m/nofp/libc_nano.a(lib_a-fvwrite.o)
 .debug_abbrev  0x00000000000037e6      0x1ab /usr/lib/gcc/arm-none-eabi/10.3.1/../../../arm-none-eabi/lib/thumb/v7-m/nofp/libc_nano.a(lib_a-isattyr.o)
 .debug_abbrev  0x0000000000003991       0xd4 /usr/lib/gcc/arm-none-eabi/10.3.1/../../../arm-none-eabi/lib/thumb/v7-m/nofp/libc_nano.a(lib_a-memchr-stub.o)
 .debug_abbrev  0x0000000000003a65       0x14 /usr/lib/gcc/arm-none-eabi/10.3.1/../../../arm-none-eabi/lib/thumb/v7-m/nofp/libc_nano.a(lib_a-memcpy.o)
 .debug_abbrev  0x0000000000003a79       0xc0 /usr/lib/gcc/arm-none-eabi/10.3.1/../../../arm-none-eabi/lib/thumb/v7-m/nofp/libc_nano.a(lib_a-memmove.o)
 .debug_abbrev  0x0000000000003b39      0x1d6 /usr/lib/gcc/arm-none-eabi/10.3.1/../../../arm-none-eabi/lib/thumb/v7-m/nofp/libc_nano.a(lib_a-nano-reallocr.o)
 .debug_abbrev  0x0000000000003d0f      0x191 /usr/lib/gcc/arm-none-eabi/10.3.1/../../../arm-none-eabi/lib/thumb/v7-m/nofp/libc_nano.a(lib_a-nano-msizer.o)
 .debug_abbrev  0x0000000000003ea0       0x6d /usr/lib/gcc/arm-none-eabi/10.3.1/../../../arm-none-eabi/lib/thumb/v7-m/nofp/libnosys.a(close.o)
 .debug_abbrev  0x0000000000003f0d       0xcc /usr/lib/gcc/arm-none-eabi/10.3.1/../../../arm-none-eabi/lib/thumb/v7-m/nofp/libnosys.a(fstat.o)
 .debug_abbrev  0x0000000000003fd9       0x6d /usr/lib/gcc/arm-none-eabi/10.3.1/../../../arm-none-eabi/lib/thumb/v7-m/nofp/libnosys.a(isatty.o)
 .debug_abbrev  0x0000000000004046       0x92 /usr/lib/gcc/arm-none-eabi/10.3.1/../../../arm-none-eabi/lib/thumb/v7-m/nofp/libnosys.a(lseek.o)
 .debug_abbrev  0x00000000000040d8       0xa2 /usr/lib/gcc/arm-none-eabi/10.3.1/../../../arm-none-eabi/lib/thumb/v7-m/nofp/libnosys.a(sbrk.o)

.debug_loc      0x0000000000000000     0x47f8
 .debug_loc     0x0000000000000000      0x4c9 /usr/lib/gcc/arm-none-eabi/10.3.1/../../../arm-none-eabi/lib/thumb/v7-m/nofp/libc_nano.a(lib_a-fflush.o)
 .debug_loc     0x00000000000004c9      0x3d9 /usr/lib/gcc/arm-none-eabi/10.3.1/../../../arm-none-eabi/lib/thumb/v7-m/nofp/libc_nano.a(lib_a-findfp.o)
 .debug_loc     0x00000000000008a2      0x1bf /usr/lib/gcc/arm-none-eabi/10.3.1/../../../arm-none-eabi/lib/thumb/v7-m/nofp/libc_nano.a(lib_a-fwalk.o)
 .debug_loc     0x0000000000000a61       0xba /usr/lib/gcc/arm-none-eabi/10.3.1/../../../arm-none-eabi/lib/thumb/v7-m/nofp/libc_nano.a(lib_a-init.o)
 .debug_loc     0x0000000000000b1b      0x22c /usr/lib/gcc/arm-none-eabi/10.3.1/../../../arm-none-eabi/lib/thumb/v7-m/nofp/libc_nano.a(lib_a-memset.o)
 .debug_loc     0x0000000000000d47      0x27f /usr/lib/gcc/arm-none-eabi/10.3.1/../../../arm-none-eabi/lib/thumb/v7-m/nofp/libc_nano.a(lib_a-nano-freer.o)
 .debug_loc     0x0000000000000fc6      0x3da /usr/lib/gcc/arm-none-eabi/10.3.1/../../../arm-none-eabi/lib/thumb/v7-m/nofp/libc_nano.a(lib_a-nano-mallocr.o)
 .debug_loc     0x00000000000013a0       0x98 /usr/lib/gcc/arm-none-eabi/10.3.1/../../../arm-none-eabi/lib/thumb/v7-m/nofp/libc_nano.a(lib_a-printf.o)
 .debug_loc     0x0000000000001438      0x13e /usr/lib/gcc/arm-none-eabi/10.3.1/../../../arm-none-eabi/lib/thumb/v7-m/nofp/libc_nano.a(lib_a-putchar.o)
 .debug_loc     0x0000000000001576      0x258 /usr/lib/gcc/arm-none-eabi/10.3.1/../../../arm-none-eabi/lib/thumb/v7-m/nofp/libc_nano.a(lib_a-puts.o)
 .debug_loc     0x00000000000017ce       0x6c /usr/lib/gcc/arm-none-eabi/10.3.1/../../../arm-none-eabi/lib/thumb/v7-m/nofp/libc_nano.a(lib_a-sbrkr.o)
 .debug_loc     0x000000000000183a      0x3a0 /usr/lib/gcc/arm-none-eabi/10.3.1/../../../arm-none-eabi/lib/thumb/v7-m/nofp/libc_nano.a(lib_a-stdio.o)
 .debug_loc     0x0000000000001bda       0x25 /usr/lib/gcc/arm-none-eabi/10.3.1/../../../arm-none-eabi/lib/thumb/v7-m/nofp/libc_nano.a(lib_a-strlen-stub.o)
 .debug_loc     0x0000000000001bff      0x193 /usr/lib/gcc/arm-none-eabi/10.3.1/../../../arm-none-eabi/lib/thumb/v7-m/nofp/libc_nano.a(lib_a-wbuf.o)
 .debug_loc     0x0000000000001d92       0xea /usr/lib/gcc/arm-none-eabi/10.3.1/../../../arm-none-eabi/lib/thumb/v7-m/nofp/libc_nano.a(lib_a-writer.o)
 .debug_loc     0x0000000000001e7c       0xb7 /usr/lib/gcc/arm-none-eabi/10.3.1/../../../arm-none-eabi/lib/thumb/v7-m/nofp/libc_nano.a(lib_a-wsetup.o)
 .debug_loc     0x0000000000001f33       0x6c /usr/lib/gcc/arm-none-eabi/10.3.1/../../../arm-none-eabi/lib/thumb/v7-m/nofp/libc_nano.a(lib_a-closer.o)
 .debug_loc     0x0000000000001f9f       0xea /usr/lib/gcc/arm-none-eabi/10.3.1/../../../arm-none-eabi/lib/thumb/v7-m/nofp/libc_nano.a(lib_a-lseekr.o)
 .debug_loc     0x0000000000002089      0x327 /usr/lib/gcc/arm-none-eabi/10.3.1/../../../arm-none-eabi/lib/thumb/v7-m/nofp/libc_nano.a(lib_a-makebuf.o)
 .debug_loc     0x00000000000023b0      0x779 /usr/lib/gcc/arm-none-eabi/10.3.1/../../../arm-none-eabi/lib/thumb/v7-m/nofp/libc_nano.a(lib_a-nano-vfprintf.o)
 .debug_loc     0x0000000000002b29      0x6c8 /usr/lib/gcc/arm-none-eabi/10.3.1/../../../arm-none-eabi/lib/thumb/v7-m/nofp/libc_nano.a(lib_a-nano-vfprintf_i.o)
 .debug_loc     0x00000000000031f1      0x3d2 /usr/lib/gcc/arm-none-eabi/10.3.1/../../../arm-none-eabi/lib/thumb/v7-m/nofp/libc_nano.a(lib_a-putc.o)
 .debug_loc     0x00000000000035c3       0xea /usr/lib/gcc/arm-none-eabi/10.3.1/../../../arm-none-eabi/lib/thumb/v7-m/nofp/libc_nano.a(lib_a-readr.o)
 .debug_loc     0x00000000000036ad      0x1cd /usr/lib/gcc/arm-none-eabi/10.3.1/../../../arm-none-eabi/lib/thumb/v7-m/nofp/libc_nano.a(lib_a-reent.o)
 .debug_loc     0x000000000000387a       0x9e /usr/lib/gcc/arm-none-eabi/10.3.1/../../../arm-none-eabi/lib/thumb/v7-m/nofp/libc_nano.a(lib_a-fstatr.o)
 .debug_loc     0x0000000000003918      0x69d /usr/lib/gcc/arm-none-eabi/10.3.1/../../../arm-none-eabi/lib/thumb/v7-m/nofp/libc_nano.a(lib_a-fvwrite.o)
 .debug_loc     0x0000000000003fb5       0x6c /usr/lib/gcc/arm-none-eabi/10.3.1/../../../arm-none-eabi/lib/thumb/v7-m/nofp/libc_nano.a(lib_a-isattyr.o)
 .debug_loc     0x0000000000004021      0x1f6 /usr/lib/gcc/arm-none-eabi/10.3.1/../../../arm-none-eabi/lib/thumb/v7-m/nofp/libc_nano.a(lib_a-memchr-stub.o)
 .debug_loc     0x0000000000004217      0x331 /usr/lib/gcc/arm-none-eabi/10.3.1/../../../arm-none-eabi/lib/thumb/v7-m/nofp/libc_nano.a(lib_a-memmove.o)
 .debug_loc     0x0000000000004548      0x133 /usr/lib/gcc/arm-none-eabi/10.3.1/../../../arm-none-eabi/lib/thumb/v7-m/nofp/libc_nano.a(lib_a-nano-reallocr.o)
 .debug_loc     0x000000000000467b       0x86 /usr/lib/gcc/arm-none-eabi/10.3.1/../../../arm-none-eabi/lib/thumb/v7-m/nofp/libc_nano.a(lib_a-nano-msizer.o)
 .debug_loc     0x0000000000004701       0x25 /usr/lib/gcc/arm-none-eabi/10.3.1/../../../arm-none-eabi/lib/thumb/v7-m/nofp/libnosys.a(close.o)
 .debug_loc     0x0000000000004726       0x25 /usr/lib/gcc/arm-none-eabi/10.3.1/../../../arm-none-eabi/lib/thumb/v7-m/nofp/libnosys.a(fstat.o)
 .debug_loc     0x000000000000474b       0x25 /usr/lib/gcc/arm-none-eabi/10.3.1/../../../arm-none-eabi/lib/thumb/v7-m/nofp/libnosys.a(isatty.o)
 .debug_loc     0x0000000000004770       0x4a /usr/lib/gcc/arm-none-eabi/10.3.1/../../../arm-none-eabi/lib/thumb/v7-m/nofp/libnosys.a(lseek.o)
 .debug_loc     0x00000000000047ba       0x3e /usr/lib/gcc/arm-none-eabi/10.3.1/../../../arm-none-eabi/lib/thumb/v7-m/nofp/libnosys.a(sbrk.o)

.debug_aranges  0x0000000000000000      0x4d8
 .debug_aranges
                0x0000000000000000       0x20 /usr/lib/gcc/arm-none-eabi/10.3.1/../../../arm-none-eabi/lib/thumb/v7-m/nofp/libc_nano.a(lib_a-fflush.o)
 .debug_aranges
                0x0000000000000020       0x20 /usr/lib/gcc/arm-none-eabi/10.3.1/../../../arm-none-eabi/lib/thumb/v7-m/nofp/libc_nano.a(lib_a-findfp.o)
 .debug_aranges
                0x0000000000000040       0x20 /usr/lib/gcc/arm-none-eabi/10.3.1/../../../arm-none-eabi/lib/thumb/v7-m/nofp/libc_nano.a(lib_a-fwalk.o)
 .debug_aranges
                0x0000000000000060       0x18 /usr/lib/gcc/arm-none-eabi/10.3.1/../../../arm-none-eabi/lib/thumb/v7-m/nofp/libc_nano.a(lib_a-impure.o)
 .debug_aranges